Archive member included because of file (symbol)

C:\Users\Ketil\Documents\Arduino Template Express\Boards\Uno\Libs\16\libArduinoCore.a(HardwareSerial.o)
                              Main.o (Serial)
C:\Users\Ketil\Documents\Arduino Template Express\Boards\Uno\Libs\16\libArduinoCore.a(main.o)
                              c:/program files (x86)/atmel/atmel toolchain/avr8 gcc/native/3.4.1056/avr8-gnu-toolchain/bin/../lib/gcc/avr/4.8.1/../../../../avr/lib/avr5/crtm328p.o (main)
C:\Users\Ketil\Documents\Arduino Template Express\Boards\Uno\Libs\16\libArduinoCore.a(new.o)
                              ReadAdaFruitLcdButtonState.o (_ZdlPv)
C:\Users\Ketil\Documents\Arduino Template Express\Boards\Uno\Libs\16\libArduinoCore.a(Print.o)
                              Adafruit_RGBLCDShield.o (_ZN5Print5writeEPKhj)
C:\Users\Ketil\Documents\Arduino Template Express\Boards\Uno\Libs\16\libArduinoCore.a(wiring.o)
                              Main.o (millis)
C:\Users\Ketil\Documents\Arduino Template Express\Boards\Uno\Libs\16\libArduinoCore.a(wiring_digital.o)
                              Adafruit_RGBLCDShield.o (pinMode)
C:\Users\Ketil\Documents\Arduino Template Express\Boards\Uno\Libs\16\libArduinoCore.a(WString.o)
                              C:\Users\Ketil\Documents\Arduino Template Express\Boards\Uno\Libs\16\libArduinoCore.a(Print.o) (_ZNK6StringixEj)
C:\Users\Ketil\Documents\Arduino Template Express\Boards\Uno\Libs\16\libArduinoCore.a(malloc.o)
                              C:\Users\Ketil\Documents\Arduino Template Express\Boards\Uno\Libs\16\libArduinoCore.a(new.o) (malloc)
../../libs/PTP_2.0/Release\libptp2.a(nkeventparser.o)
                              NikType003.o (_ZTV13NKEventParser)
../../libs/PTP_2.0/Release\libptp2.a(ptp.o)
                              NikType003State.o (_ZN16PTPStateHandlers20OnSessionOpenedStateEP3PTP)
../../libs/USB_Host_Shield_2.0/Release\libusb2host.a(parsetools.o)
                              ../../libs/PTP_2.0/Release\libptp2.a(nkeventparser.o) (_ZN20MultiByteValueParser5ParseEPPhPj)
../../libs/USB_Host_Shield_2.0/Release\libusb2host.a(Usb.o)
                              Main.o (_ZN3USBC1Ev)
../../libs/USB_Host_Shield_2.0/Release\libusb2host.a(message.o)
                              ../../libs/USB_Host_Shield_2.0/Release\libusb2host.a(Usb.o) (_Z9E_Notifycci)
c:/program files (x86)/atmel/atmel toolchain/avr8 gcc/native/3.4.1056/avr8-gnu-toolchain/bin/../lib/gcc/avr/4.8.1/../../../../avr/lib/avr5\libm.a(addsf3.o)
                              C:\Users\Ketil\Documents\Arduino Template Express\Boards\Uno\Libs\16\libArduinoCore.a(Print.o) (__subsf3)
c:/program files (x86)/atmel/atmel toolchain/avr8 gcc/native/3.4.1056/avr8-gnu-toolchain/bin/../lib/gcc/avr/4.8.1/../../../../avr/lib/avr5\libm.a(addsf3x.o)
                              c:/program files (x86)/atmel/atmel toolchain/avr8 gcc/native/3.4.1056/avr8-gnu-toolchain/bin/../lib/gcc/avr/4.8.1/../../../../avr/lib/avr5\libm.a(addsf3.o) (__addsf3x)
c:/program files (x86)/atmel/atmel toolchain/avr8 gcc/native/3.4.1056/avr8-gnu-toolchain/bin/../lib/gcc/avr/4.8.1/../../../../avr/lib/avr5\libm.a(cmpsf2.o)
                              C:\Users\Ketil\Documents\Arduino Template Express\Boards\Uno\Libs\16\libArduinoCore.a(Print.o) (__ltsf2)
c:/program files (x86)/atmel/atmel toolchain/avr8 gcc/native/3.4.1056/avr8-gnu-toolchain/bin/../lib/gcc/avr/4.8.1/../../../../avr/lib/avr5\libm.a(divsf3.o)
                              C:\Users\Ketil\Documents\Arduino Template Express\Boards\Uno\Libs\16\libArduinoCore.a(Print.o) (__divsf3)
c:/program files (x86)/atmel/atmel toolchain/avr8 gcc/native/3.4.1056/avr8-gnu-toolchain/bin/../lib/gcc/avr/4.8.1/../../../../avr/lib/avr5\libm.a(divsf3x.o)
                              c:/program files (x86)/atmel/atmel toolchain/avr8 gcc/native/3.4.1056/avr8-gnu-toolchain/bin/../lib/gcc/avr/4.8.1/../../../../avr/lib/avr5\libm.a(divsf3.o) (__divsf3x)
c:/program files (x86)/atmel/atmel toolchain/avr8 gcc/native/3.4.1056/avr8-gnu-toolchain/bin/../lib/gcc/avr/4.8.1/../../../../avr/lib/avr5\libm.a(fixsfsi.o)
                              C:\Users\Ketil\Documents\Arduino Template Express\Boards\Uno\Libs\16\libArduinoCore.a(Print.o) (__fixsfsi)
c:/program files (x86)/atmel/atmel toolchain/avr8 gcc/native/3.4.1056/avr8-gnu-toolchain/bin/../lib/gcc/avr/4.8.1/../../../../avr/lib/avr5\libm.a(fixunssfsi.o)
                              C:\Users\Ketil\Documents\Arduino Template Express\Boards\Uno\Libs\16\libArduinoCore.a(Print.o) (__fixunssfsi)
c:/program files (x86)/atmel/atmel toolchain/avr8 gcc/native/3.4.1056/avr8-gnu-toolchain/bin/../lib/gcc/avr/4.8.1/../../../../avr/lib/avr5\libm.a(floatsisf.o)
                              C:\Users\Ketil\Documents\Arduino Template Express\Boards\Uno\Libs\16\libArduinoCore.a(Print.o) (__floatunsisf)
c:/program files (x86)/atmel/atmel toolchain/avr8 gcc/native/3.4.1056/avr8-gnu-toolchain/bin/../lib/gcc/avr/4.8.1/../../../../avr/lib/avr5\libm.a(fp_cmp.o)
[...]
Memory Configuration

Name             Origin             Length             Attributes
text             0x00000000         0x00020000         xr
data             0x00800060         0x0000ffa0         rw !x
eeprom           0x00810000         0x00010000         rw !x
fuse             0x00820000         0x00000400         rw !x
lock             0x00830000         0x00000400         rw !x
signature        0x00840000         0x00000400         rw !x
user_signatures  0x00850000         0x00000400         rw !x
*default*        0x00000000         0xffffffff

Linker script and memory map

Address of section .data set to 0x800100
LOAD c:/program files (x86)/atmel/atmel toolchain/avr8 gcc/native/3.4.1056/avr8-gnu-toolchain/bin/../lib/gcc/avr/4.8.1/../../../../avr/lib/avr5/crtm328p.o
LOAD Adafruit_MCP23017.o
LOAD Adafruit_RGBLCDShield.o
LOAD Button.o
LOAD Main.o
LOAD MainMenu.o
LOAD MessageHandler.o
LOAD MessagePump.o
LOAD NikType003.o
LOAD NikType003State.o
LOAD ReadAdaFruitLcdButtonState.o
LOAD RunFocusStackHandler.o
LOAD SetupHandler.o
LOAD twi.o
LOAD Wire.o
START GROUP
LOAD c:/program files (x86)/atmel/atmel toolchain/avr8 gcc/native/3.4.1056/avr8-gnu-toolchain/bin/../lib/gcc/avr/4.8.1/../../../../avr/lib/avr5\libm.a
LOAD C:\Users\Ketil\Documents\Arduino Template Express\Boards\Uno\Libs\16\libArduinoCore.a
LOAD ../../libs/PTP_2.0/Release\libptp2.a
LOAD ../../libs/USB_Host_Shield_2.0/Release\libusb2host.a
END GROUP
LOAD c:/program files (x86)/atmel/atmel toolchain/avr8 gcc/native/3.4.1056/avr8-gnu-toolchain/bin/../lib/gcc/avr/4.8.1/avr5\libgcc.a
LOAD c:/program files (x86)/atmel/atmel toolchain/avr8 gcc/native/3.4.1056/avr8-gnu-toolchain/bin/../lib/gcc/avr/4.8.1/../../../../avr/lib/avr5\libm.a
START GROUP
LOAD c:/program files (x86)/atmel/atmel toolchain/avr8 gcc/native/3.4.1056/avr8-gnu-toolchain/bin/../lib/gcc/avr/4.8.1/avr5\libgcc.a
LOAD c:/program files (x86)/atmel/atmel toolchain/avr8 gcc/native/3.4.1056/avr8-gnu-toolchain/bin/../lib/gcc/avr/4.8.1/../../../../avr/lib/avr5\libm.a
LOAD c:/program files (x86)/atmel/atmel toolchain/avr8 gcc/native/3.4.1056/avr8-gnu-toolchain/bin/../lib/gcc/avr/4.8.1/../../../../avr/lib/avr5\libc.a
END GROUP

.hash
 *(.hash)

.dynsym
 *(.dynsym)

.dynstr
 *(.dynstr)

.gnu.version
 *(.gnu.version)

.gnu.version_d
 *(.gnu.version_d)

.gnu.version_r
 *(.gnu.version_r)

.rel.init
 *(.rel.init)

.rela.init
 *(.rela.init)

.rel.text
 *(.rel.text)
 *(.rel.text.*)
 *(.rel.gnu.linkonce.t*)

.rela.text
 *(.rela.text)
 *(.rela.text.*)
 *(.rela.gnu.linkonce.t*)

.rel.fini
 *(.rel.fini)

.rela.fini
 *(.rela.fini)

.rel.rodata
 *(.rel.rodata)
 *(.rel.rodata.*)
 *(.rel.gnu.linkonce.r*)

.rela.rodata
 *(.rela.rodata)
 *(.rela.rodata.*)
 *(.rela.gnu.linkonce.r*)

.rel.data
 *(.rel.data)
 *(.rel.data.*)
 *(.rel.gnu.linkonce.d*)

.rela.data
 *(.rela.data)
 *(.rela.data.*)
 *(.rela.gnu.linkonce.d*)

.rel.ctors
 *(.rel.ctors)

.rela.ctors
 *(.rela.ctors)

.rel.dtors
 *(.rel.dtors)

.rela.dtors
 *(.rela.dtors)

.rel.got
 *(.rel.got)

.rela.got
 *(.rela.got)

.rel.bss
 *(.rel.bss)

.rela.bss
 *(.rela.bss)

.rel.plt
 *(.rel.plt)

.rela.plt
 *(.rela.plt)

.text           0x00000000     0x7e6c
 *(.vectors)
 .vectors       0x00000000       0x68 c:/program files (x86)/atmel/atmel toolchain/avr8 gcc/native/3.4.1056/avr8-gnu-toolchain/bin/../lib/gcc/avr/4.8.1/../../../../avr/lib/avr5/crtm328p.o
                0x00000000                __vector_default
                0x00000000                __vectors
 *(.vectors)
 *(.progmem.gcc*)
 .progmem.gcc_sw_table.__vector_24
                0x00000068      0x1f2 twi.o
                0x0000025a                . = ALIGN (0x2)
                0x0000025a                __trampolines_start = .
 *(.trampolines)
 .trampolines   0x0000025a        0x0 linker stubs
 *(.trampolines*)
                0x0000025a                __trampolines_end = .
 *(.progmem*)
 .progmem.data._ZZ5setupE3__c
                0x0000025a       0x13 Main.o
 .progmem.data._ZZN10NikType0034InitEhhbE3__c
                0x0000026d        0xa NikType003.o
 .progmem.data._ZZN10NikType0037OnEventEPK7NKEventE3__c
                0x00000277        0x7 NikType003.o
 .progmem.data._ZZN10NikType00313captureToCardEvE3__c
                0x0000027e        0x8 NikType003.o
 .progmem.data._ZZN10NikType00316prepareNextFrameEvE3__c
                0x00000286        0x6 NikType003.o
 .progmem.data._ZZN10NikType00316prepareNextFrameEvE3__c_0
                0x0000028c        0x6 NikType003.o
 .progmem.data._ZZN10NikType00316prepareNextFrameEvE3__c_1
                0x00000292        0x7 NikType003.o
 .progmem.data._ZZN10NikType00316prepareNextFrameEvE3__c_2
                0x00000299        0x4 NikType003.o
 .progmem.data._ZZN10NikType00319focusStackNextFrameEvE3__c
                0x0000029d        0x9 NikType003.o
 .progmem.data._ZZN10NikType00320restoreOriginalFocusEvE3__c
                0x000002a6        0x8 NikType003.o
 .progmem.data._ZZN20RunFocusStackHandler12reportStatusEPK19__FlashStringHelperE3__c
                0x000002ae        0x8 RunFocusStackHandler.o
 .progmem.data._ZZN20RunFocusStackHandler11reportFrameEjE3__c
                0x000002b6        0x5 RunFocusStackHandler.o
 .progmem.data._ZZN20RunFocusStackHandler11reportDelayEhE3__c
                0x000002bb        0x6 RunFocusStackHandler.o
 .progmem.data._ZZN20RunFocusStackHandler11reportDelayEhE3__c_0
                0x000002c1        0x5 RunFocusStackHandler.o
 .progmem.data._ZZN20RunFocusStackHandler11reportDelayEhE3__c_1
                0x000002c6        0x9 RunFocusStackHandler.o
 .progmem.data._ZZN12SetupHandler19updateDriveAmountUIEiE3__c
                0x000002cf        0x2 SetupHandler.o
 .progmem.data._ZZN12SetupHandler14updateFramesUIEiE3__c
                0x000002d1        0x2 SetupHandler.o
 .progmem.data._ZZN12SetupHandler18updateFrameDelayUIEiE3__c
                0x000002d3        0x2 SetupHandler.o
 .progmem.data._ZZN12SetupHandler20updateRestoreFocusUIEiE3__c
                0x000002d5        0x4 SetupHandler.o
 .progmem.data._ZZN12SetupHandler20updateRestoreFocusUIEiE3__c_0
                0x000002d9        0x4 SetupHandler.o
 .progmem.data._ZZN12SetupHandler20updateRestoreFocusUIEiE3__c_1
                0x000002dd        0x3 SetupHandler.o
 .progmem.data.digital_pin_to_timer_PGM
                0x000002e0       0x14 C:\Users\Ketil\Documents\Arduino Template Express\Boards\Uno\Libs\16\libArduinoCore.a(wiring_digital.o)
                0x000002e0                digital_pin_to_timer_PGM
 .progmem.data.digital_pin_to_bit_mask_PGM
                0x000002f4       0x14 C:\Users\Ketil\Documents\Arduino Template Express\Boards\Uno\Libs\16\libArduinoCore.a(wiring_digital.o)
                0x000002f4                digital_pin_to_bit_mask_PGM
 .progmem.data.digital_pin_to_port_PGM
                0x00000308       0x14 C:\Users\Ketil\Documents\Arduino Template Express\Boards\Uno\Libs\16\libArduinoCore.a(wiring_digital.o)
                0x00000308                digital_pin_to_port_PGM
 .progmem.data.port_to_output_PGM
                0x0000031c        0xa C:\Users\Ketil\Documents\Arduino Template Express\Boards\Uno\Libs\16\libArduinoCore.a(wiring_digital.o)
                0x0000031c                port_to_output_PGM
 .progmem.data.port_to_mode_PGM
                0x00000326        0xa C:\Users\Ketil\Documents\Arduino Template Express\Boards\Uno\Libs\16\libArduinoCore.a(wiring_digital.o)
                0x00000326                port_to_mode_PGM
 .progmem.data._ZZN20MultiByteValueParser5ParseEPPhPjE3__c
                0x00000330       0x1a ../../libs/USB_Host_Shield_2.0/Release\libusb2host.a(parsetools.o)
 .progmem.data._ZZN3USB10inTransferEhhPjPhE3__c_4
                0x0000034a        0x3 ../../libs/USB_Host_Shield_2.0/Release\libusb2host.a(Usb.o)
 .progmem.data._ZZN3USB10inTransferEhhPjPhE3__c_3
                0x0000034d       0x20 ../../libs/USB_Host_Shield_2.0/Release\libusb2host.a(Usb.o)
 .progmem.data._ZZN3USB10inTransferEhhPjPhE3__c_2
                0x0000036d        0x3 ../../libs/USB_Host_Shield_2.0/Release\libusb2host.a(Usb.o)
 .progmem.data._ZZN3USB10inTransferEhhPjPhE3__c_1
                0x00000370       0x22 ../../libs/USB_Host_Shield_2.0/Release\libusb2host.a(Usb.o)
 .progmem.data._ZZN3USB10inTransferEhhPjPhE3__c_0
                0x00000392        0x3 ../../libs/USB_Host_Shield_2.0/Release\libusb2host.a(Usb.o)
 .progmem.data._ZZN3USB10inTransferEhhPjPhE3__c
                0x00000395       0x25 ../../libs/USB_Host_Shield_2.0/Release\libusb2host.a(Usb.o)
                0x000003ba                . = ALIGN (0x2)
 *(.jumptables)
 *(.jumptables*)
 *(.lowtext)
 *(.lowtext*)
                0x000003ba                __ctors_start = .
 *(.ctors)
 .ctors         0x000003ba        0x2 Main.o
 .ctors         0x000003bc        0x2 Wire.o
 .ctors         0x000003be        0x2 C:\Users\Ketil\Documents\Arduino Template Express\Boards\Uno\Libs\16\libArduinoCore.a(HardwareSerial.o)
                0x000003c0                __ctors_end = .
                0x000003c0                __dtors_start = .
 *(.dtors)
 .dtors         0x000003c0        0x2 Main.o
                0x000003c2                __dtors_end = .
 SORT(*)(.ctors)
 SORT(*)(.dtors)
 *(.init0)
 .init0         0x000003c2        0x0 c:/program files (x86)/atmel/atmel toolchain/avr8 gcc/native/3.4.1056/avr8-gnu-toolchain/bin/../lib/gcc/avr/4.8.1/../../../../avr/lib/avr5/crtm328p.o
                0x000003c2                __init
 *(.init0)
 *(.init1)
 *(.init1)
 *(.init2)
 .init2         0x000003c2        0xc c:/program files (x86)/atmel/atmel toolchain/avr8 gcc/native/3.4.1056/avr8-gnu-toolchain/bin/../lib/gcc/avr/4.8.1/../../../../avr/lib/avr5/crtm328p.o
 *(.init2)
 *(.init3)
 *(.init3)
 *(.init4)
 .init4         0x000003ce       0x16 c:/program files (x86)/atmel/atmel toolchain/avr8 gcc/native/3.4.1056/avr8-gnu-toolchain/bin/../lib/gcc/avr/4.8.1/avr5\libgcc.a(_copy_data.o)
                0x000003ce                __do_copy_data
 .init4         0x000003e4       0x10 c:/program files (x86)/atmel/atmel toolchain/avr8 gcc/native/3.4.1056/avr8-gnu-toolchain/bin/../lib/gcc/avr/4.8.1/avr5\libgcc.a(_clear_bss.o)
                0x000003e4                __do_clear_bss
 *(.init4)
 *(.init5)
 *(.init5)
 *(.init6)
 .init6         0x000003f4       0x16 c:/program files (x86)/atmel/atmel toolchain/avr8 gcc/native/3.4.1056/avr8-gnu-toolchain/bin/../lib/gcc/avr/4.8.1/avr5\libgcc.a(_ctors.o)
                0x000003f4                __do_global_ctors
 *(.init6)
 *(.init7)
 *(.init7)
 *(.init8)
 *(.init8)
 *(.init9)
 .init9         0x0000040a        0x8 c:/program files (x86)/atmel/atmel toolchain/avr8 gcc/native/3.4.1056/avr8-gnu-toolchain/bin/../lib/gcc/avr/4.8.1/../../../../avr/lib/avr5/crtm328p.o
 *(.init9)
 *(.text)
 .text          0x00000412        0x2 c:/program files (x86)/atmel/atmel toolchain/avr8 gcc/native/3.4.1056/avr8-gnu-toolchain/bin/../lib/gcc/avr/4.8.1/../../../../avr/lib/avr5/crtm328p.o
                0x00000412                __vector_22
                0x00000412                __vector_1
                0x00000412                __vector_12
                0x00000412                __bad_interrupt
                0x00000412                __vector_6
                0x00000412                __vector_3
                0x00000412                __vector_23
                0x00000412                __vector_25
                0x00000412                __vector_11
                0x00000412                __vector_13
                0x00000412                __vector_17
                0x00000412                __vector_7
                0x00000412                __vector_5
                0x00000412                __vector_4
                0x00000412                __vector_9
                0x00000412                __vector_2
                0x00000412                __vector_21
                0x00000412                __vector_15
                0x00000412                __vector_8
                0x00000412                __vector_14
                0x00000412                __vector_10
                0x00000412                __vector_20
                0x00000414                . = ALIGN (0x2)
 *(.text.*)
 .text._ZL8wiresendh
                0x00000414       0x1e Adafruit_MCP23017.o
 .text._ZL8wirerecvv
                0x00000432       0x16 Adafruit_MCP23017.o
 .text._ZN17Adafruit_MCP230175beginEh
                0x00000448       0x8a Adafruit_MCP23017.o
                0x00000448                _ZN17Adafruit_MCP230175beginEh
 .text._ZN17Adafruit_MCP230175beginEv
                0x000004d2       0x20 Adafruit_MCP23017.o
                0x000004d2                _ZN17Adafruit_MCP230175beginEv
 .text._ZN17Adafruit_MCP230177pinModeEhh
                0x000004f2       0xf4 Adafruit_MCP23017.o
                0x000004f2                _ZN17Adafruit_MCP230177pinModeEhh
 .text._ZN17Adafruit_MCP2301710readGPIOABEv
                0x000005e6       0x96 Adafruit_MCP23017.o
                0x000005e6                _ZN17Adafruit_MCP2301710readGPIOABEv
 .text._ZN17Adafruit_MCP2301711writeGPIOABEj
                0x0000067c       0x54 Adafruit_MCP23017.o
                0x0000067c                _ZN17Adafruit_MCP2301711writeGPIOABEj
 .text._ZN17Adafruit_MCP2301712digitalWriteEhh
                0x000006d0      0x104 Adafruit_MCP23017.o
                0x000006d0                _ZN17Adafruit_MCP2301712digitalWriteEhh
 .text._ZN17Adafruit_MCP230176pullUpEhh
                0x000007d4       0xf6 Adafruit_MCP23017.o
                0x000007d4                _ZN17Adafruit_MCP230176pullUpEhh
 .text._ZN17Adafruit_MCP2301711digitalReadEh
                0x000008ca       0x9a Adafruit_MCP23017.o
                0x000008ca                _ZN17Adafruit_MCP2301711digitalReadEh
 .text._ZN5PrintC2Ev
                0x00000964       0x30 Adafruit_RGBLCDShield.o
                0x00000964                _ZN5PrintC2Ev
                0x00000964                _ZN5PrintC1Ev
 .text._ZN21Adafruit_RGBLCDShieldC2Ev
                0x00000994       0xb2 Adafruit_RGBLCDShield.o
                0x00000994                _ZN21Adafruit_RGBLCDShieldC2Ev
                0x00000994                _ZN21Adafruit_RGBLCDShieldC1Ev
 .text._ZN21Adafruit_RGBLCDShield5beginEhhh
                0x00000a46      0x2ba Adafruit_RGBLCDShield.o
                0x00000a46                _ZN21Adafruit_RGBLCDShield5beginEhhh
 .text._ZN21Adafruit_RGBLCDShield5clearEv
                0x00000d00       0x28 Adafruit_RGBLCDShield.o
                0x00000d00                _ZN21Adafruit_RGBLCDShield5clearEv
 .text._ZN21Adafruit_RGBLCDShield9setCursorEhh
                0x00000d28       0x88 Adafruit_RGBLCDShield.o
                0x00000d28                _ZN21Adafruit_RGBLCDShield9setCursorEhh
 .text._ZN21Adafruit_RGBLCDShield7displayEv
                0x00000db0       0x40 Adafruit_RGBLCDShield.o
                0x00000db0                _ZN21Adafruit_RGBLCDShield7displayEv
 .text._ZN21Adafruit_RGBLCDShield8noCursorEv
                0x00000df0       0x40 Adafruit_RGBLCDShield.o
                0x00000df0                _ZN21Adafruit_RGBLCDShield8noCursorEv
 .text._ZN21Adafruit_RGBLCDShield6cursorEv
                0x00000e30       0x40 Adafruit_RGBLCDShield.o
                0x00000e30                _ZN21Adafruit_RGBLCDShield6cursorEv
 .text._ZN21Adafruit_RGBLCDShield7commandEh
                0x00000e70       0x28 Adafruit_RGBLCDShield.o
                0x00000e70                _ZN21Adafruit_RGBLCDShield7commandEh
 .text._ZN21Adafruit_RGBLCDShield5writeEh
                0x00000e98       0x2c Adafruit_RGBLCDShield.o
                0x00000e98                _ZN21Adafruit_RGBLCDShield5writeEh
 .text._ZN21Adafruit_RGBLCDShield13_digitalWriteEhh
                0x00000ec4       0x44 Adafruit_RGBLCDShield.o
                0x00000ec4                _ZN21Adafruit_RGBLCDShield13_digitalWriteEhh
 .text._ZN21Adafruit_RGBLCDShield12setBacklightEh
                0x00000f08       0x78 Adafruit_RGBLCDShield.o
                0x00000f08                _ZN21Adafruit_RGBLCDShield12setBacklightEh
 .text._ZN21Adafruit_RGBLCDShield8_pinModeEhh
                0x00000f80       0x44 Adafruit_RGBLCDShield.o
                0x00000f80                _ZN21Adafruit_RGBLCDShield8_pinModeEhh
 .text._ZN21Adafruit_RGBLCDShield4sendEhh
                0x00000fc4       0x98 Adafruit_RGBLCDShield.o
                0x00000fc4                _ZN21Adafruit_RGBLCDShield4sendEhh
 .text._ZN21Adafruit_RGBLCDShield11pulseEnableEv
                0x0000105c       0x66 Adafruit_RGBLCDShield.o
                0x0000105c                _ZN21Adafruit_RGBLCDShield11pulseEnableEv
 .text._ZN21Adafruit_RGBLCDShield10write4bitsEh
                0x000010c2      0x208 Adafruit_RGBLCDShield.o
                0x000010c2                _ZN21Adafruit_RGBLCDShield10write4bitsEh
 .text._ZN21Adafruit_RGBLCDShield10write8bitsEh
                0x000012ca       0x90 Adafruit_RGBLCDShield.o
                0x000012ca                _ZN21Adafruit_RGBLCDShield10write8bitsEh
 .text._ZN21Adafruit_RGBLCDShield11readButtonsEv
                0x0000135a       0x76 Adafruit_RGBLCDShield.o
                0x0000135a                _ZN21Adafruit_RGBLCDShield11readButtonsEv
 .text._ZN3MsgC2E7MsgType7MsgCode
                0x000013d0       0x4a Button.o
                0x000013d0                _ZN3MsgC2E7MsgType7MsgCode
                0x000013d0                _ZN3MsgC1E7MsgType7MsgCode
 .text._ZN6ButtonC2EP15ReadButtonStatei7MsgCodeb
                0x0000141a       0xbe Button.o
                0x0000141a                _ZN6ButtonC2EP15ReadButtonStatei7MsgCodeb
                0x0000141a                _ZN6ButtonC1EP15ReadButtonStatei7MsgCodeb
 .text._ZN6Button6getMsgEv
                0x000014d8       0xe4 Button.o
                0x000014d8                _ZN6Button6getMsgEv
 .text._ZN5Portb3SetEh
                0x000015bc       0x28 Main.o
                0x000015bc                _ZN5Portb3SetEh
 .text._ZN5Portb5ClearEh
                0x000015e4       0x2c Main.o
                0x000015e4                _ZN5Portb5ClearEh
 .text._ZN5Portb6DirSetEh
                0x00001610       0x28 Main.o
                0x00001610                _ZN5Portb6DirSetEh
 .text._ZN5Portb8DirClearEh
                0x00001638       0x2c Main.o
                0x00001638                _ZN5Portb8DirClearEh
 .text._ZN12SetupHandler14setDriveAmountEm
                0x00001664       0x42 Main.o
                0x00001664                _ZN12SetupHandler14setDriveAmountEm
 .text._ZN12SetupHandler12setNumFramesEm
                0x000016a6       0x42 Main.o
                0x000016a6                _ZN12SetupHandler12setNumFramesEm
 .text._ZNK12SetupHandler25getFrameDelayMillisecondsEv
                0x000016e8       0x38 Main.o
                0x000016e8                _ZNK12SetupHandler25getFrameDelayMillisecondsEv
 .text._ZN12SetupHandler20setFrameDelaySecondsEm
                0x00001720       0x42 Main.o
                0x00001720                _ZN12SetupHandler20setFrameDelaySecondsEm
 .text._ZN12SetupHandler15setRestoreFocusEb
                0x00001762       0x28 Main.o
                0x00001762                _ZN12SetupHandler15setRestoreFocusEb
 .text.setup    0x0000178a      0x142 Main.o
                0x0000178a                setup
 .text.loop     0x000018cc      0x24a Main.o
                0x000018cc                loop
 .text._ZN8MAX3421eI4TPinI5PortbLh2EES0_IS1_Lh1EEE4InitEv
                0x00001b16       0x98 Main.o
                0x00001b16                _ZN8MAX3421eI4TPinI5PortbLh2EES0_IS1_Lh1EEE4InitEv
 .text._ZN4TPinI5PortbLh2EE11SetDirWriteEv
                0x00001bae       0x12 Main.o
                0x00001bae                _ZN4TPinI5PortbLh2EE11SetDirWriteEv
 .text._ZN4TPinI5PortbLh2EE3SetEv
                0x00001bc0       0x12 Main.o
                0x00001bc0                _ZN4TPinI5PortbLh2EE3SetEv
 .text._ZN3SPiI4TPinI5PortbLh5EES0_IS1_Lh3EES0_IS1_Lh4EES0_IS1_Lh2EEE4initEv
                0x00001bd2       0x2a Main.o
                0x00001bd2                _ZN3SPiI4TPinI5PortbLh5EES0_IS1_Lh3EES0_IS1_Lh4EES0_IS1_Lh2EEE4initEv
 .text._ZN4TPinI5PortbLh1EE10SetDirReadEv
                0x00001bfc       0x12 Main.o
                0x00001bfc                _ZN4TPinI5PortbLh1EE10SetDirReadEv
 .text._ZN8MAX3421eI4TPinI5PortbLh2EES0_IS1_Lh1EEE5regWrEhh
                0x00001c0e       0x66 Main.o
                0x00001c0e                _ZN8MAX3421eI4TPinI5PortbLh2EES0_IS1_Lh1EEE5regWrEhh
 .text._ZN8MAX3421eI4TPinI5PortbLh2EES0_IS1_Lh1EEE5resetEv
                0x00001c74       0x74 Main.o
                0x00001c74                _ZN8MAX3421eI4TPinI5PortbLh2EES0_IS1_Lh1EEE5resetEv
 .text._ZN8MAX3421eI4TPinI5PortbLh2EES0_IS1_Lh1EEE5regRdEh
                0x00001ce8       0x6a Main.o
                0x00001ce8                _ZN8MAX3421eI4TPinI5PortbLh2EES0_IS1_Lh1EEE5regRdEh
 .text._ZN8MAX3421eI4TPinI5PortbLh2EES0_IS1_Lh1EEE8busprobeEv
                0x00001d52       0xee Main.o
                0x00001d52                _ZN8MAX3421eI4TPinI5PortbLh2EES0_IS1_Lh1EEE8busprobeEv
 .text._ZN4TPinI5PortbLh5EE11SetDirWriteEv
                0x00001e40       0x12 Main.o
                0x00001e40                _ZN4TPinI5PortbLh5EE11SetDirWriteEv
 .text._ZN4TPinI5PortbLh3EE11SetDirWriteEv
                0x00001e52       0x12 Main.o
                0x00001e52                _ZN4TPinI5PortbLh3EE11SetDirWriteEv
 .text._ZN4TPinI5PortbLh4EE10SetDirReadEv
                0x00001e64       0x12 Main.o
                0x00001e64                _ZN4TPinI5PortbLh4EE10SetDirReadEv
 .text._ZN4TPinI5PortbLh2EE5ClearEv
                0x00001e76       0x12 Main.o
                0x00001e76                _ZN4TPinI5PortbLh2EE5ClearEv
 .text._Z41__static_initialization_and_destruction_0ii
                0x00001e88      0x14e Main.o
 .text._GLOBAL__sub_I_g_pump
                0x00001fd6       0x18 Main.o
 .text._GLOBAL__sub_D_g_pump
                0x00001fee       0x18 Main.o
 .text._ZNK15IMessageHandler11getCaretColEv
                0x00002006       0x20 MainMenu.o
                0x00002006                _ZNK15IMessageHandler11getCaretColEv
 .text._ZN15MainMenuHandlerC2EP11MessagePump
                0x00002026       0x58 MainMenu.o
                0x00002026                _ZN15MainMenuHandlerC1EP11MessagePump
                0x00002026                _ZN15MainMenuHandlerC2EP11MessagePump
 .text._ZN15MainMenuHandlerD2Ev
                0x0000207e       0x26 MainMenu.o
                0x0000207e                _ZN15MainMenuHandlerD2Ev
                0x0000207e                _ZN15MainMenuHandlerD1Ev
 .text._ZN15MainMenuHandler14processMessageER3Msg
                0x000020a4      0x11a MainMenu.o
                0x000020a4                _ZN15MainMenuHandler14processMessageER3Msg
 .text._ZN15MainMenuHandler4showEv
                0x000021be       0x2c MainMenu.o
                0x000021be                _ZN15MainMenuHandler4showEv
 .text._ZN15IMessageHandlerC2EP11MessagePump
                0x000021ea       0x62 MessageHandler.o
                0x000021ea                _ZN15IMessageHandlerC2EP11MessagePump
                0x000021ea                _ZN15IMessageHandlerC1EP11MessagePump
 .text._ZN15IMessageHandler13printMenuItemEhh
                0x0000224c       0x5a MessageHandler.o
                0x0000224c                _ZN15IMessageHandler13printMenuItemEhh
 .text._ZN15IMessageHandler4showEv
                0x000022a6      0x10c MessageHandler.o
                0x000022a6                _ZN15IMessageHandler4showEv
 .text._ZN15IMessageHandler9showCaretEb
                0x000023b2       0x5e MessageHandler.o
                0x000023b2                _ZN15IMessageHandler9showCaretEb
 .text._ZN15IMessageHandler9moveCaretEhh
                0x00002410       0x46 MessageHandler.o
                0x00002410                _ZN15IMessageHandler9moveCaretEhh
 .text._ZN11MessagePumpC2EP15IMessageHandler
                0x00002456       0x30 MessagePump.o
                0x00002456                _ZN11MessagePumpC1EP15IMessageHandler
                0x00002456                _ZN11MessagePumpC2EP15IMessageHandler
 .text._ZN11MessagePump14setNextHandlerEP15IMessageHandler
                0x00002486       0x56 MessagePump.o
                0x00002486                _ZN11MessagePump14setNextHandlerEP15IMessageHandler
 .text._ZN11MessagePump8dispatchER3Msg
                0x000024dc       0xda MessagePump.o
                0x000024dc                _ZN11MessagePump8dispatchER3Msg
 .text._ZN15USBDeviceConfig15ConfigureDeviceEhhb
                0x000025b6       0x2a NikType003.o
                0x000025b6                _ZN15USBDeviceConfig15ConfigureDeviceEhhb
 .text._ZN15USBDeviceConfig12ResetHubPortEh
                0x000025e0       0x20 NikType003.o
                0x000025e0                _ZN15USBDeviceConfig12ResetHubPortEh
 .text._ZN15USBDeviceConfig8VIDPIDOKEjj
                0x00002600       0x2e NikType003.o
                0x00002600                _ZN15USBDeviceConfig8VIDPIDOKEjj
 .text._ZN15USBDeviceConfig10DEVCLASSOKEh
                0x0000262e       0x20 NikType003.o
                0x0000262e                _ZN15USBDeviceConfig10DEVCLASSOKEh
 .text._ZN3USB14GetAddressPoolEv
                0x0000264e       0x1c NikType003.o
                0x0000264e                _ZN3USB14GetAddressPoolEv
 .text._ZN20MultiByteValueParserC2Ev
                0x0000266a       0x32 NikType003.o
                0x0000266a                _ZN20MultiByteValueParserC1Ev
                0x0000266a                _ZN20MultiByteValueParserC2Ev
 .text._ZN3PTP10GetAddressEv
                0x0000269c       0x20 NikType003.o
                0x0000269c                _ZN3PTP10GetAddressEv
 .text._ZN13PTPReadParserC2Ev
                0x000026bc       0x26 NikType003.o
                0x000026bc                _ZN13PTPReadParserC1Ev
                0x000026bc                _ZN13PTPReadParserC2Ev
 .text._ZN13NKEventParserC2EP15NKEventHandlers
                0x000026e2       0xae NikType003.o
                0x000026e2                _ZN13NKEventParserC1EP15NKEventHandlers
                0x000026e2                _ZN13NKEventParserC2EP15NKEventHandlers
 .text._ZN13NikStateFlagsC2Ev
                0x00002790       0x6c NikType003.o
                0x00002790                _ZN13NikStateFlagsC2Ev
                0x00002790                _ZN13NikStateFlagsC1Ev
 .text._ZNK12SetupHandler14getDriveAmountEv
                0x000027fc       0x2a NikType003.o
                0x000027fc                _ZNK12SetupHandler14getDriveAmountEv
 .text._ZNK12SetupHandler12getNumFramesEv
                0x00002826       0x2a NikType003.o
                0x00002826                _ZNK12SetupHandler12getNumFramesEv
 .text._ZNK12SetupHandler15getRestoreFocusEv
                0x00002850       0x20 NikType003.o
                0x00002850                _ZNK12SetupHandler15getRestoreFocusEv
 .text._ZN15NKEventHandlersC2Ev
                0x00002870       0x26 NikType003.o
                0x00002870                _ZN15NKEventHandlersC1Ev
                0x00002870                _ZN15NKEventHandlersC2Ev
 .text._ZN10NikType003C2EP3USBP16PTPStateHandlers
                0x00002896       0xcc NikType003.o
                0x00002896                _ZN10NikType003C2EP3USBP16PTPStateHandlers
                0x00002896                _ZN10NikType003C1EP3USBP16PTPStateHandlers
 .text._ZN10NikType0034InitEhhb
                0x00002962      0x160 NikType003.o
                0x00002962                _ZN10NikType0034InitEhhb
 .text._ZN10NikType0034PollEv
                0x00002ac2       0xd0 NikType003.o
                0x00002ac2                _ZN10NikType0034PollEv
 .text._ZN10NikType00310EventCheckEP13PTPReadParser
                0x00002b92       0x72 NikType003.o
                0x00002b92                _ZN10NikType00310EventCheckEP13PTPReadParser
 .text._ZN10NikType0037OnEventEPK7NKEvent
                0x00002c04       0x70 NikType003.o
                0x00002c04                _ZN10NikType0037OnEventEPK7NKEvent
 .text._ZN10NikType00312waitForReadyEj
                0x00002c74      0x10e NikType003.o
                0x00002c74                _ZN10NikType00312waitForReadyEj
 .text._ZN10NikType00314enableLiveViewEb
                0x00002d82       0x8e NikType003.o
                0x00002d82                _ZN10NikType00314enableLiveViewEb
 .text._ZN10NikType00313captureToCardEv
                0x00002e10       0xf4 NikType003.o
                0x00002e10                _ZN10NikType00313captureToCardEv
 .text._ZN10NikType0039moveFocusEmm
                0x00002f04       0xa4 NikType003.o
                0x00002f04                _ZN10NikType0039moveFocusEmm
 .text._ZN10NikType00315startFocusStackEv
                0x00002fa8       0xe0 NikType003.o
                0x00002fa8                _ZN10NikType00315startFocusStackEv
 .text._ZN10NikType00316prepareNextFrameEv
                0x00003088      0x1b2 NikType003.o
                0x00003088                _ZN10NikType00316prepareNextFrameEv
 .text._ZN10NikType00319focusStackNextFrameEv
                0x0000323a       0xfc NikType003.o
                0x0000323a                _ZN10NikType00319focusStackNextFrameEv
 .text._ZN10NikType00316cancelFocusStackEv
                0x00003336       0x30 NikType003.o
                0x00003336                _ZN10NikType00316cancelFocusStackEv
 .text._ZN10NikType00320restoreOriginalFocusEv
                0x00003366      0x108 NikType003.o
                0x00003366                _ZN10NikType00320restoreOriginalFocusEv
 .text._ZN10NikType00314setIsConnectedEb
                0x0000346e       0x36 NikType003.o
                0x0000346e                _ZN10NikType00314setIsConnectedEb
 .text._ZNK10NikType00311isConnectedEv
                0x000034a4       0x2c NikType003.o
                0x000034a4                _ZNK10NikType00311isConnectedEv
 .text._ZNK10NikType00319isCaptureInProgressEv
                0x000034d0       0x2c NikType003.o
                0x000034d0                _ZNK10NikType00319isCaptureInProgressEv
 .text._ZNK10NikType00318isFocusStackActiveEv
                0x000034fc       0x2c NikType003.o
                0x000034fc                _ZNK10NikType00318isFocusStackActiveEv
 .text._ZNK10NikType00318isNextFrameFocusedEv
                0x00003528       0x2c NikType003.o
                0x00003528                _ZNK10NikType00318isNextFrameFocusedEv
 .text._ZNK10NikType00326getTimeLastCaptureCompleteEv
                0x00003554       0x2a NikType003.o
                0x00003554                _ZNK10NikType00326getTimeLastCaptureCompleteEv
 .text._ZThn26_N10NikType0037OnEventEPK7NKEvent
                0x0000357e       0x38 NikType003.o
                0x0000357e                _ZThn26_N10NikType0037OnEventEPK7NKEvent
 .text._ZN16PTPStateHandlersC2Ev
                0x000035b6       0x26 NikType003State.o
                0x000035b6                _ZN16PTPStateHandlersC1Ev
                0x000035b6                _ZN16PTPStateHandlersC2Ev
 .text._ZN22NikType003StateHandlerC2Ev
                0x000035dc       0x34 NikType003State.o
                0x000035dc                _ZN22NikType003StateHandlerC1Ev
                0x000035dc                _ZN22NikType003StateHandlerC2Ev
 .text._ZN22NikType003StateHandler25OnDeviceDisconnectedStateEP3PTP
                0x00003610       0x6c NikType003State.o
                0x00003610                _ZN22NikType003StateHandler25OnDeviceDisconnectedStateEP3PTP
 .text._ZN22NikType003StateHandler24OnDeviceInitializedStateEP3PTP
                0x0000367c       0x6c NikType003State.o
                0x0000367c                _ZN22NikType003StateHandler24OnDeviceInitializedStateEP3PTP
 .text._ZN15ReadButtonStateD2Ev
                0x000036e8       0x36 ReadAdaFruitLcdButtonState.o
                0x000036e8                _ZN15ReadButtonStateD1Ev
                0x000036e8                _ZN15ReadButtonStateD2Ev
 .text._ZN15ReadButtonStateD0Ev
                0x0000371e       0x26 ReadAdaFruitLcdButtonState.o
                0x0000371e                _ZN15ReadButtonStateD0Ev
 .text._ZN15ReadButtonStateC2Ev
                0x00003744       0x26 ReadAdaFruitLcdButtonState.o
                0x00003744                _ZN15ReadButtonStateC1Ev
                0x00003744                _ZN15ReadButtonStateC2Ev
 .text._ZN26ReadAdaFruitLcdButtonStateC2EP21Adafruit_RGBLCDShield
                0x0000376a       0x44 ReadAdaFruitLcdButtonState.o
                0x0000376a                _ZN26ReadAdaFruitLcdButtonStateC2EP21Adafruit_RGBLCDShield
                0x0000376a                _ZN26ReadAdaFruitLcdButtonStateC1EP21Adafruit_RGBLCDShield
 .text._ZN26ReadAdaFruitLcdButtonStateD2Ev
                0x000037ae       0x3c ReadAdaFruitLcdButtonState.o
                0x000037ae                _ZN26ReadAdaFruitLcdButtonStateD1Ev
                0x000037ae                _ZN26ReadAdaFruitLcdButtonStateD2Ev
 .text._ZN26ReadAdaFruitLcdButtonStateD0Ev
                0x000037ea       0x26 ReadAdaFruitLcdButtonState.o
                0x000037ea                _ZN26ReadAdaFruitLcdButtonStateD0Ev
 .text._ZN26ReadAdaFruitLcdButtonState9isPressedEh
                0x00003810       0x3a ReadAdaFruitLcdButtonState.o
                0x00003810                _ZN26ReadAdaFruitLcdButtonState9isPressedEh
 .text._ZN26ReadAdaFruitLcdButtonState10setPinModeEhh
                0x0000384a       0x22 ReadAdaFruitLcdButtonState.o
                0x0000384a                _ZN26ReadAdaFruitLcdButtonState10setPinModeEhh
 .text._ZN20RunFocusStackHandlerC2EP11MessagePump
                0x0000386c       0x56 RunFocusStackHandler.o
                0x0000386c                _ZN20RunFocusStackHandlerC2EP11MessagePump
                0x0000386c                _ZN20RunFocusStackHandlerC1EP11MessagePump
 .text._ZN20RunFocusStackHandlerD2Ev
                0x000038c2       0x26 RunFocusStackHandler.o
                0x000038c2                _ZN20RunFocusStackHandlerD1Ev
                0x000038c2                _ZN20RunFocusStackHandlerD2Ev
 .text._ZN20RunFocusStackHandler14processMessageER3Msg
                0x000038e8       0x54 RunFocusStackHandler.o
                0x000038e8                _ZN20RunFocusStackHandler14processMessageER3Msg
 .text._ZN20RunFocusStackHandler4showEv
                0x0000393c       0x52 RunFocusStackHandler.o
                0x0000393c                _ZN20RunFocusStackHandler4showEv
 .text._ZN20RunFocusStackHandler12reportStatusEPK19__FlashStringHelper
                0x0000398e       0x66 RunFocusStackHandler.o
                0x0000398e                _ZN20RunFocusStackHandler12reportStatusEPK19__FlashStringHelper
 .text._ZN20RunFocusStackHandler11reportFrameEj
                0x000039f4       0x6a RunFocusStackHandler.o
                0x000039f4                _ZN20RunFocusStackHandler11reportFrameEj
 .text._ZN20RunFocusStackHandler11reportDelayEh
                0x00003a5e       0xa4 RunFocusStackHandler.o
                0x00003a5e                _ZN20RunFocusStackHandler11reportDelayEh
 .text._ZNK20RunFocusStackHandler17getLastUpdateTimeEv
                0x00003b02       0x2a RunFocusStackHandler.o
                0x00003b02                _ZNK20RunFocusStackHandler17getLastUpdateTimeEv
 .text._ZN20RunFocusStackHandler19resetLastUpdateTimeEv
                0x00003b2c       0x2e RunFocusStackHandler.o
                0x00003b2c                _ZN20RunFocusStackHandler19resetLastUpdateTimeEv
 .text._ZN15IMessageHandler11setCaretColEh
                0x00003b5a       0x28 SetupHandler.o
                0x00003b5a                _ZN15IMessageHandler11setCaretColEh
 .text._ZN12SetupHandlerC2EP11MessagePumpmm
                0x00003b82       0xe4 SetupHandler.o
                0x00003b82                _ZN12SetupHandlerC1EP11MessagePumpmm
                0x00003b82                _ZN12SetupHandlerC2EP11MessagePumpmm
 .text._ZN12SetupHandlerD2Ev
                0x00003c66       0x26 SetupHandler.o
                0x00003c66                _ZN12SetupHandlerD1Ev
                0x00003c66                _ZN12SetupHandlerD2Ev
 .text._ZN12SetupHandler12advanceCaretEh
                0x00003c8c      0x126 SetupHandler.o
                0x00003c8c                _ZN12SetupHandler12advanceCaretEh
 .text._ZN12SetupHandler14processMessageER3Msg
                0x00003db2      0x3cc SetupHandler.o
                0x00003db2                _ZN12SetupHandler14processMessageER3Msg
 .text._ZN12SetupHandler4showEv
                0x0000417e       0x96 SetupHandler.o
                0x0000417e                _ZN12SetupHandler4showEv
 .text._ZN12SetupHandler19updateDriveAmountUIEi
                0x00004214      0x19a SetupHandler.o
                0x00004214                _ZN12SetupHandler19updateDriveAmountUIEi
 .text._ZN12SetupHandler14updateFramesUIEi
                0x000043ae      0x19a SetupHandler.o
                0x000043ae                _ZN12SetupHandler14updateFramesUIEi
 .text._ZN12SetupHandler18updateFrameDelayUIEi
                0x00004548      0x1a0 SetupHandler.o
                0x00004548                _ZN12SetupHandler18updateFrameDelayUIEi
 .text._ZN12SetupHandler20updateRestoreFocusUIEi
                0x000046e8       0xae SetupHandler.o
                0x000046e8                _ZN12SetupHandler20updateRestoreFocusUIEi
 .text.twi_init
                0x00004796       0x64 twi.o
                0x00004796                twi_init
 .text.twi_readFrom
                0x000047fa       0xf8 twi.o
                0x000047fa                twi_readFrom
 .text.twi_writeTo
                0x000048f2      0x11a twi.o
                0x000048f2                twi_writeTo
 .text.twi_transmit
                0x00004a0c       0x70 twi.o
                0x00004a0c                twi_transmit
 .text.twi_reply
                0x00004a7c       0x30 twi.o
                0x00004a7c                twi_reply
 .text.twi_stop
                0x00004aac       0x34 twi.o
                0x00004aac                twi_stop
 .text.twi_releaseBus
                0x00004ae0       0x1c twi.o
                0x00004ae0                twi_releaseBus
 .text.__vector_24
                0x00004afc      0x28a twi.o
                0x00004afc                __vector_24
 .text._ZN5Print13setWriteErrorEi
                0x00004d86       0x30 Wire.o
                0x00004d86                _ZN5Print13setWriteErrorEi
 .text._ZN6StreamC2Ev
                0x00004db6       0x44 Wire.o
                0x00004db6                _ZN6StreamC1Ev
                0x00004db6                _ZN6StreamC2Ev
 .text._ZN7TwoWireC2Ev
                0x00004dfa       0x2c Wire.o
                0x00004dfa                _ZN7TwoWireC1Ev
                0x00004dfa                _ZN7TwoWireC2Ev
 .text._ZN7TwoWire5beginEv
                0x00004e26       0x2a Wire.o
                0x00004e26                _ZN7TwoWire5beginEv
 .text._ZN7TwoWire11requestFromEhhh
                0x00004e50       0x4e Wire.o
                0x00004e50                _ZN7TwoWire11requestFromEhhh
 .text._ZN7TwoWire11requestFromEii
                0x00004e9e       0x3a Wire.o
                0x00004e9e                _ZN7TwoWire11requestFromEii
 .text._ZN7TwoWire17beginTransmissionEh
                0x00004ed8       0x32 Wire.o
                0x00004ed8                _ZN7TwoWire17beginTransmissionEh
 .text._ZN7TwoWire17beginTransmissionEi
                0x00004f0a       0x2c Wire.o
                0x00004f0a                _ZN7TwoWire17beginTransmissionEi
 .text._ZN7TwoWire15endTransmissionEh
                0x00004f36       0x48 Wire.o
                0x00004f36                _ZN7TwoWire15endTransmissionEh
 .text._ZN7TwoWire15endTransmissionEv
                0x00004f7e       0x20 Wire.o
                0x00004f7e                _ZN7TwoWire15endTransmissionEv
 .text._ZN7TwoWire5writeEh
                0x00004f9e       0x70 Wire.o
                0x00004f9e                _ZN7TwoWire5writeEh
 .text._ZN7TwoWire5writeEPKhj
                0x0000500e       0x92 Wire.o
                0x0000500e                _ZN7TwoWire5writeEPKhj
 .text._ZN7TwoWire9availableEv
                0x000050a0       0x30 Wire.o
                0x000050a0                _ZN7TwoWire9availableEv
 .text._ZN7TwoWire4readEv
                0x000050d0       0x58 Wire.o
                0x000050d0                _ZN7TwoWire4readEv
 .text._ZN7TwoWire4peekEv
                0x00005128       0x4e Wire.o
                0x00005128                _ZN7TwoWire4peekEv
 .text._ZN7TwoWire5flushEv
                0x00005176       0x18 Wire.o
                0x00005176                _ZN7TwoWire5flushEv
 .text._Z41__static_initialization_and_destruction_0ii
                0x0000518e       0x3e Wire.o
 .text._GLOBAL__sub_I__ZN7TwoWire8rxBufferE
                0x000051cc       0x18 Wire.o
 .text._ZN14HardwareSerial9availableEv
                0x000051e4       0x26 C:\Users\Ketil\Documents\Arduino Template Express\Boards\Uno\Libs\16\libArduinoCore.a(HardwareSerial.o)
                0x000051e4                _ZN14HardwareSerial9availableEv
 .text._ZN14HardwareSerial4peekEv
                0x0000520a       0x38 C:\Users\Ketil\Documents\Arduino Template Express\Boards\Uno\Libs\16\libArduinoCore.a(HardwareSerial.o)
                0x0000520a                _ZN14HardwareSerial4peekEv
 .text._ZN14HardwareSerial4readEv
                0x00005242       0x48 C:\Users\Ketil\Documents\Arduino Template Express\Boards\Uno\Libs\16\libArduinoCore.a(HardwareSerial.o)
                0x00005242                _ZN14HardwareSerial4readEv
 .text._ZN14HardwareSerial5flushEv
                0x0000528a       0x16 C:\Users\Ketil\Documents\Arduino Template Express\Boards\Uno\Libs\16\libArduinoCore.a(HardwareSerial.o)
                0x0000528a                _ZN14HardwareSerial5flushEv
 .text._ZN14HardwareSerial5writeEh
                0x000052a0       0x7a C:\Users\Ketil\Documents\Arduino Template Express\Boards\Uno\Libs\16\libArduinoCore.a(HardwareSerial.o)
                0x000052a0                _ZN14HardwareSerial5writeEh
 .text._Z11serialEventv
                0x0000531a        0x2 C:\Users\Ketil\Documents\Arduino Template Express\Boards\Uno\Libs\16\libArduinoCore.a(HardwareSerial.o)
                0x0000531a                _Z11serialEventv
 .text.__vector_18
                0x0000531c       0x74 C:\Users\Ketil\Documents\Arduino Template Express\Boards\Uno\Libs\16\libArduinoCore.a(HardwareSerial.o)
                0x0000531c                __vector_18
 .text._Z14serialEventRunv
                0x00005390        0xe C:\Users\Ketil\Documents\Arduino Template Express\Boards\Uno\Libs\16\libArduinoCore.a(HardwareSerial.o)
                0x00005390                _Z14serialEventRunv
 .text.__vector_19
                0x0000539e       0x76 C:\Users\Ketil\Documents\Arduino Template Express\Boards\Uno\Libs\16\libArduinoCore.a(HardwareSerial.o)
                0x0000539e                __vector_19
 .text._ZN14HardwareSerial5beginEm
                0x00005414      0x102 C:\Users\Ketil\Documents\Arduino Template Express\Boards\Uno\Libs\16\libArduinoCore.a(HardwareSerial.o)
                0x00005414                _ZN14HardwareSerial5beginEm
 .text.startup._GLOBAL__sub_I_rx_buffer
                0x00005516       0xac C:\Users\Ketil\Documents\Arduino Template Express\Boards\Uno\Libs\16\libArduinoCore.a(HardwareSerial.o)
 .text.startup.main
                0x000055c2       0x16 C:\Users\Ketil\Documents\Arduino Template Express\Boards\Uno\Libs\16\libArduinoCore.a(main.o)
                0x000055c2                main
 .text._ZdlPv   0x000055d8        0x2 C:\Users\Ketil\Documents\Arduino Template Express\Boards\Uno\Libs\16\libArduinoCore.a(new.o)
                0x000055d8                _ZdlPv
 .text.__cxa_pure_virtual
                0x000055da        0x2 C:\Users\Ketil\Documents\Arduino Template Express\Boards\Uno\Libs\16\libArduinoCore.a(new.o)
                0x000055da                __cxa_pure_virtual
 .text._ZN5Print5writeEPKhj
                0x000055dc       0x50 C:\Users\Ketil\Documents\Arduino Template Express\Boards\Uno\Libs\16\libArduinoCore.a(Print.o)
                0x000055dc                _ZN5Print5writeEPKhj
 .text._ZN5Print5writeEPKc
                0x0000562c       0x2c C:\Users\Ketil\Documents\Arduino Template Express\Boards\Uno\Libs\16\libArduinoCore.a(Print.o)
                0x0000562c                _ZN5Print5writeEPKc
 .text._ZN5Print5printEPK19__FlashStringHelper
                0x00005658       0x42 C:\Users\Ketil\Documents\Arduino Template Express\Boards\Uno\Libs\16\libArduinoCore.a(Print.o)
                0x00005658                _ZN5Print5printEPK19__FlashStringHelper
 .text._ZN5Print5printEPKc
                0x0000569a        0x2 C:\Users\Ketil\Documents\Arduino Template Express\Boards\Uno\Libs\16\libArduinoCore.a(Print.o)
                0x0000569a                _ZN5Print5printEPKc
 .text._ZN5Print5printEc
                0x0000569c        0xe C:\Users\Ketil\Documents\Arduino Template Express\Boards\Uno\Libs\16\libArduinoCore.a(Print.o)
                0x0000569c                _ZN5Print5printEc
 .text._ZN5Print7printlnEv
                0x000056aa       0x28 C:\Users\Ketil\Documents\Arduino Template Express\Boards\Uno\Libs\16\libArduinoCore.a(Print.o)
                0x000056aa                _ZN5Print7printlnEv
 .text._ZN5Print7printlnEPKc
                0x000056d2       0x24 C:\Users\Ketil\Documents\Arduino Template Express\Boards\Uno\Libs\16\libArduinoCore.a(Print.o)
                0x000056d2                _ZN5Print7printlnEPKc
 .text._ZN5Print11printNumberEmh
                0x000056f6       0xb6 C:\Users\Ketil\Documents\Arduino Template Express\Boards\Uno\Libs\16\libArduinoCore.a(Print.o)
                0x000056f6                _ZN5Print11printNumberEmh
 .text._ZN5Print5printEmi
                0x000057ac       0x18 C:\Users\Ketil\Documents\Arduino Template Express\Boards\Uno\Libs\16\libArduinoCore.a(Print.o)
                0x000057ac                _ZN5Print5printEmi
 .text._ZN5Print5printEji
                0x000057c4        0xa C:\Users\Ketil\Documents\Arduino Template Express\Boards\Uno\Libs\16\libArduinoCore.a(Print.o)
                0x000057c4                _ZN5Print5printEji
 .text._ZN5Print5printEhi
                0x000057ce        0xc C:\Users\Ketil\Documents\Arduino Template Express\Boards\Uno\Libs\16\libArduinoCore.a(Print.o)
                0x000057ce                _ZN5Print5printEhi
 .text._ZN5Print7printlnEhi
                0x000057da       0x2e C:\Users\Ketil\Documents\Arduino Template Express\Boards\Uno\Libs\16\libArduinoCore.a(Print.o)
                0x000057da                _ZN5Print7printlnEhi
 .text._ZN5Print5printEli
                0x00005808       0x90 C:\Users\Ketil\Documents\Arduino Template Express\Boards\Uno\Libs\16\libArduinoCore.a(Print.o)
                0x00005808                _ZN5Print5printEli
 .text.__vector_16
                0x00005898       0x94 C:\Users\Ketil\Documents\Arduino Template Express\Boards\Uno\Libs\16\libArduinoCore.a(wiring.o)
                0x00005898                __vector_16
 .text.millis   0x0000592c       0x24 C:\Users\Ketil\Documents\Arduino Template Express\Boards\Uno\Libs\16\libArduinoCore.a(wiring.o)
                0x0000592c                millis
 .text.micros   0x00005950       0x54 C:\Users\Ketil\Documents\Arduino Template Express\Boards\Uno\Libs\16\libArduinoCore.a(wiring.o)
                0x00005950                micros
 .text.delay    0x000059a4       0x48 C:\Users\Ketil\Documents\Arduino Template Express\Boards\Uno\Libs\16\libArduinoCore.a(wiring.o)
                0x000059a4                delay
 .text.delayMicroseconds
                0x000059ec       0x14 C:\Users\Ketil\Documents\Arduino Template Express\Boards\Uno\Libs\16\libArduinoCore.a(wiring.o)
                0x000059ec                delayMicroseconds
 .text.init     0x00005a00       0x76 C:\Users\Ketil\Documents\Arduino Template Express\Boards\Uno\Libs\16\libArduinoCore.a(wiring.o)
                0x00005a00                init
 .text.turnOffPWM
                0x00005a76       0x54 C:\Users\Ketil\Documents\Arduino Template Express\Boards\Uno\Libs\16\libArduinoCore.a(wiring_digital.o)
 .text.pinMode  0x00005aca       0x70 C:\Users\Ketil\Documents\Arduino Template Express\Boards\Uno\Libs\16\libArduinoCore.a(wiring_digital.o)
                0x00005aca                pinMode
 .text.digitalWrite
                0x00005b3a       0x6c C:\Users\Ketil\Documents\Arduino Template Express\Boards\Uno\Libs\16\libArduinoCore.a(wiring_digital.o)
                0x00005b3a                digitalWrite
 .text.free     0x00005ba6      0x13e C:\Users\Ketil\Documents\Arduino Template Express\Boards\Uno\Libs\16\libArduinoCore.a(malloc.o)
                0x00005ba6                free
 .text._ZN13NKEventParser5ParseEjPKhRKm
                0x00005ce4      0x11c ../../libs/PTP_2.0/Release\libptp2.a(nkeventparser.o)
                0x00005ce4                _ZN13NKEventParser5ParseEjPKhRKm
 .text._ZN16PTPStateHandlers25OnDeviceDisconnectedStateEP3PTP
                0x00005e00        0x2 ../../libs/PTP_2.0/Release\libptp2.a(ptp.o)
                0x00005e00                _ZN16PTPStateHandlers25OnDeviceDisconnectedStateEP3PTP
 .text._ZN16PTPStateHandlers20OnSessionOpenedStateEP3PTP
                0x00005e02        0x8 ../../libs/PTP_2.0/Release\libptp2.a(ptp.o)
                0x00005e02                _ZN16PTPStateHandlers20OnSessionOpenedStateEP3PTP
 .text._ZN16PTPStateHandlers24OnDeviceInitializedStateEP3PTP
                0x00005e0a        0x2 ../../libs/PTP_2.0/Release\libptp2.a(ptp.o)
                0x00005e0a                _ZN16PTPStateHandlers24OnDeviceInitializedStateEP3PTP
 .text._ZN16PTPStateHandlers26OnDeviceNotRespondingStateEP3PTP
                0x00005e0c        0x2 ../../libs/PTP_2.0/Release\libptp2.a(ptp.o)
                0x00005e0c                _ZN16PTPStateHandlers26OnDeviceNotRespondingStateEP3PTP
 .text._ZN16PTPStateHandlers17OnDeviceBusyStateEP3PTP
                0x00005e0e        0x2 ../../libs/PTP_2.0/Release\libptp2.a(ptp.o)
                0x00005e0e                _ZN16PTPStateHandlers17OnDeviceBusyStateEP3PTP
 .text._ZN3PTP7ReleaseEv
                0x00005e10       0x48 ../../libs/PTP_2.0/Release\libptp2.a(ptp.o)
                0x00005e10                _ZN3PTP7ReleaseEv
 .text._ZN3PTP10EventCheckEP13PTPReadParser
                0x00005e58       0x78 ../../libs/PTP_2.0/Release\libptp2.a(ptp.o)
                0x00005e58                _ZN3PTP10EventCheckEP13PTPReadParser
 .text._ZN3PTPC2EP3USBP16PTPStateHandlers
                0x00005ed0       0x7e ../../libs/PTP_2.0/Release\libptp2.a(ptp.o)
                0x00005ed0                _ZN3PTPC2EP3USBP16PTPStateHandlers
                0x00005ed0                _ZN3PTPC1EP3USBP16PTPStateHandlers
 .text._ZN3PTP13FillEPRecordsEP23USB_ENDPOINT_DESCRIPTOR
                0x00005f4e       0x90 ../../libs/PTP_2.0/Release\libptp2.a(ptp.o)
                0x00005f4e                _ZN3PTP13FillEPRecordsEP23USB_ENDPOINT_DESCRIPTOR
 .text._ZN3PTP4InitEhhb
                0x00005fde      0x2a2 ../../libs/PTP_2.0/Release\libptp2.a(ptp.o)
                0x00005fde                _ZN3PTP4InitEhhb
 .text._ZN3PTP4TaskEv
                0x00006280       0x9c ../../libs/PTP_2.0/Release\libptp2.a(ptp.o)
                0x00006280                _ZN3PTP4TaskEv
 .text._ZN3PTP4PollEv
                0x0000631c        0xc ../../libs/PTP_2.0/Release\libptp2.a(ptp.o)
                0x0000631c                _ZN3PTP4PollEv
 .text._ZN3PTP11TransactionEjPNS_9OperFlagsEPmPv
                0x00006328      0x582 ../../libs/PTP_2.0/Release\libptp2.a(ptp.o)
                0x00006328                _ZN3PTP11TransactionEjPNS_9OperFlagsEPmPv
 .text._ZN3PTP12CloseSessionEv
                0x000068aa       0x54 ../../libs/PTP_2.0/Release\libptp2.a(ptp.o)
                0x000068aa                _ZN3PTP12CloseSessionEv
 .text._ZN3PTP11OpenSessionEv
                0x000068fe       0x88 ../../libs/PTP_2.0/Release\libptp2.a(ptp.o)
                0x000068fe                _ZN3PTP11OpenSessionEv
 .text._ZN16PTPStateHandlers23OnSessionNotOpenedStateEP3PTP
                0x00006986       0x1a ../../libs/PTP_2.0/Release\libptp2.a(ptp.o)
                0x00006986                _ZN16PTPStateHandlers23OnSessionNotOpenedStateEP3PTP
 .text._ZN3PTP9OperationEjhPm
                0x000069a0       0x30 ../../libs/PTP_2.0/Release\libptp2.a(ptp.o)
                0x000069a0                _ZN3PTP9OperationEjhPm
 .text._ZN20MultiByteValueParser5ParseEPPhPj
                0x000069d0       0x7a ../../libs/USB_Host_Shield_2.0/Release\libusb2host.a(parsetools.o)
                0x000069d0                _ZN20MultiByteValueParser5ParseEPPhPj
 .text._ZN3USBC2Ev
                0x00006a4a       0x64 ../../libs/USB_Host_Shield_2.0/Release\libusb2host.a(Usb.o)
                0x00006a4a                _ZN3USBC2Ev
                0x00006a4a                _ZN3USBC1Ev
 .text._ZN15AddressPoolImplILh16EE16FindAddressIndexEh
                0x00006aae       0x24 ../../libs/USB_Host_Shield_2.0/Release\libusb2host.a(Usb.o)
                0x00006aae                _ZN15AddressPoolImplILh16EE16FindAddressIndexEh
 .text._ZN15AddressPoolImplILh16EE12AllocAddressEhbh
                0x00006ad2       0xe6 ../../libs/USB_Host_Shield_2.0/Release\libusb2host.a(Usb.o)
                0x00006ad2                _ZN15AddressPoolImplILh16EE12AllocAddressEhbh
 .text._ZN15AddressPoolImplILh16EE15GetUsbDevicePtrEh
                0x00006bb8       0x2c ../../libs/USB_Host_Shield_2.0/Release\libusb2host.a(Usb.o)
                0x00006bb8                _ZN15AddressPoolImplILh16EE15GetUsbDevicePtrEh
 .text._ZN3USB14getEpInfoEntryEhh
                0x00006be4       0x46 ../../libs/USB_Host_Shield_2.0/Release\libusb2host.a(Usb.o)
                0x00006be4                _ZN3USB14getEpInfoEntryEhh
 .text._ZN3USB14setEpInfoEntryEhhP6EpInfo
                0x00006c2a       0x46 ../../libs/USB_Host_Shield_2.0/Release\libusb2host.a(Usb.o)
                0x00006c2a                _ZN3USB14setEpInfoEntryEhhP6EpInfo
 .text._ZN8MAX3421eI4TPinI5PortbLh2EES0_IS1_Lh1EEE5regRdEh.isra.2
                0x00006c70       0x30 ../../libs/USB_Host_Shield_2.0/Release\libusb2host.a(Usb.o)
 .text._ZN8MAX3421eI4TPinI5PortbLh2EES0_IS1_Lh1EEE5regWrEhh.isra.3
                0x00006ca0       0x34 ../../libs/USB_Host_Shield_2.0/Release\libusb2host.a(Usb.o)
 .text._ZN3USB10SetAddressEhhPP6EpInfoRj
                0x00006cd4       0xd2 ../../libs/USB_Host_Shield_2.0/Release\libusb2host.a(Usb.o)
                0x00006cd4                _ZN3USB10SetAddressEhhPP6EpInfoRj
 .text._ZN3USB11dispatchPktEhhj
                0x00006da6       0xc4 ../../libs/USB_Host_Shield_2.0/Release\libusb2host.a(Usb.o)
                0x00006da6                _ZN3USB11dispatchPktEhhj
 .text._ZN3USB13AttemptConfigEhhhb
                0x00006e6a      0x13a ../../libs/USB_Host_Shield_2.0/Release\libusb2host.a(Usb.o)
                0x00006e6a                _ZN3USB13AttemptConfigEhhhb
 .text._ZN8MAX3421eI4TPinI5PortbLh2EES0_IS1_Lh1EEE7bytesWrEhhPh.isra.4
                0x00006fa4       0x54 ../../libs/USB_Host_Shield_2.0/Release\libusb2host.a(Usb.o)
 .text._ZN3USB11OutTransferEP6EpInfojjPh
                0x00006ff8      0x1bc ../../libs/USB_Host_Shield_2.0/Release\libusb2host.a(Usb.o)
                0x00006ff8                _ZN3USB11OutTransferEP6EpInfojjPh
 .text._ZN3USB11outTransferEhhjPh
                0x000071b4       0x6a ../../libs/USB_Host_Shield_2.0/Release\libusb2host.a(Usb.o)
                0x000071b4                _ZN3USB11outTransferEhhjPh
 .text._ZN3USB10InTransferEP6EpInfojPjPh
                0x0000721e      0x17a ../../libs/USB_Host_Shield_2.0/Release\libusb2host.a(Usb.o)
                0x0000721e                _ZN3USB10InTransferEP6EpInfojPjPh
 .text._ZN3USB7ctrlReqEhhhhhhjjjPhP13USBReadParser
                0x00007398      0x1b0 ../../libs/USB_Host_Shield_2.0/Release\libusb2host.a(Usb.o)
                0x00007398                _ZN3USB7ctrlReqEhhhhhhjjjPhP13USBReadParser
 .text._ZN3USB11getDevDescrEhhjPh
                0x00007548       0x4c ../../libs/USB_Host_Shield_2.0/Release\libusb2host.a(Usb.o)
                0x00007548                _ZN3USB11getDevDescrEhhjPh
 .text._ZN3USB12getConfDescrEhhjhPh
                0x00007594       0x4c ../../libs/USB_Host_Shield_2.0/Release\libusb2host.a(Usb.o)
                0x00007594                _ZN3USB12getConfDescrEhhjhPh
 .text._ZN3USB7setAddrEhhh
                0x000075e0       0x5c ../../libs/USB_Host_Shield_2.0/Release\libusb2host.a(Usb.o)
                0x000075e0                _ZN3USB7setAddrEhhh
 .text._ZN3USB7setConfEhhh
                0x0000763c       0x48 ../../libs/USB_Host_Shield_2.0/Release\libusb2host.a(Usb.o)
                0x0000763c                _ZN3USB7setConfEhhh
 .text._Z8PrintHexIhEvT_i
                0x00007684       0x40 ../../libs/USB_Host_Shield_2.0/Release\libusb2host.a(Usb.o)
                0x00007684                _Z8PrintHexIhEvT_i
 .text._ZN3USB10inTransferEhhPjPh
                0x000076c4       0xd0 ../../libs/USB_Host_Shield_2.0/Release\libusb2host.a(Usb.o)
                0x000076c4                _ZN3USB10inTransferEhhPjPh
 .text._ZN15AddressPoolImplILh16EE18FreeAddressByIndexEh
                0x00007794       0xb2 ../../libs/USB_Host_Shield_2.0/Release\libusb2host.a(Usb.o)
                0x00007794                _ZN15AddressPoolImplILh16EE18FreeAddressByIndexEh
 .text._ZN15AddressPoolImplILh16EE11FreeAddressEh
                0x00007846       0x3e ../../libs/USB_Host_Shield_2.0/Release\libusb2host.a(Usb.o)
                0x00007846                _ZN15AddressPoolImplILh16EE11FreeAddressEh
 .text._ZN3USB17DefaultAddressingEhhb
                0x00007884       0x6c ../../libs/USB_Host_Shield_2.0/Release\libusb2host.a(Usb.o)
                0x00007884                _ZN3USB17DefaultAddressingEhhb
 .text._ZN3USB11ConfiguringEhhb
                0x000078f0      0x1d4 ../../libs/USB_Host_Shield_2.0/Release\libusb2host.a(Usb.o)
                0x000078f0                _ZN3USB11ConfiguringEhhb
 .text._ZN3USB4TaskEv
                0x00007ac4      0x1ee ../../libs/USB_Host_Shield_2.0/Release\libusb2host.a(Usb.o)
                0x00007ac4                _ZN3USB4TaskEv
 .text._Z9E_Notifycci
                0x00007cb2       0x1a ../../libs/USB_Host_Shield_2.0/Release\libusb2host.a(message.o)
                0x00007cb2                _Z9E_Notifycci
 .text._Z8E_NotifyPKci
                0x00007ccc       0x3c ../../libs/USB_Host_Shield_2.0/Release\libusb2host.a(message.o)
                0x00007ccc                _Z8E_NotifyPKci
 .text.libgcc.div
                0x00007d08       0x26 c:/program files (x86)/atmel/atmel toolchain/avr8 gcc/native/3.4.1056/avr8-gnu-toolchain/bin/../lib/gcc/avr/4.8.1/avr5\libgcc.a(_divmodhi4.o)
                0x00007d08                _div
                0x00007d08                __divmodhi4
 .text.libgcc.div
                0x00007d2e       0x44 c:/program files (x86)/atmel/atmel toolchain/avr8 gcc/native/3.4.1056/avr8-gnu-toolchain/bin/../lib/gcc/avr/4.8.1/avr5\libgcc.a(_udivmodsi4.o)
                0x00007d2e                __udivmodsi4
 .text.libgcc   0x00007d72        0xc c:/program files (x86)/atmel/atmel toolchain/avr8 gcc/native/3.4.1056/avr8-gnu-toolchain/bin/../lib/gcc/avr/4.8.1/avr5\libgcc.a(_tablejump.o)
                0x00007d72                __tablejump2__
                0x00007d76                __tablejump__
 .text.libgcc.mul
                0x00007d7e       0x14 c:/program files (x86)/atmel/atmel toolchain/avr8 gcc/native/3.4.1056/avr8-gnu-toolchain/bin/../lib/gcc/avr/4.8.1/avr5\libgcc.a(_muluhisi3.o)
                0x00007d7e                __muluhisi3
 .text.libgcc.div
                0x00007d92       0x28 c:/program files (x86)/atmel/atmel toolchain/avr8 gcc/native/3.4.1056/avr8-gnu-toolchain/bin/../lib/gcc/avr/4.8.1/avr5\libgcc.a(_udivmodhi4.o)
                0x00007d92                __udivmodhi4
 .text.libgcc.mul
                0x00007dba       0x1e c:/program files (x86)/atmel/atmel toolchain/avr8 gcc/native/3.4.1056/avr8-gnu-toolchain/bin/../lib/gcc/avr/4.8.1/avr5\libgcc.a(_umulhisi3.o)
                0x00007dba                __umulhisi3
 .text.avr-libc
                0x00007dd8       0x12 c:/program files (x86)/atmel/atmel toolchain/avr8 gcc/native/3.4.1056/avr8-gnu-toolchain/bin/../lib/gcc/avr/4.8.1/../../../../avr/lib/avr5\libc.a(memcpy.o)
                0x00007dd8                memcpy
 .text.avr-libc
                0x00007dea        0xe c:/program files (x86)/atmel/atmel toolchain/avr8 gcc/native/3.4.1056/avr8-gnu-toolchain/bin/../lib/gcc/avr/4.8.1/../../../../avr/lib/avr5\libc.a(memset.o)
                0x00007dea                memset
 .text.avr-libc
                0x00007df8       0x10 c:/program files (x86)/atmel/atmel toolchain/avr8 gcc/native/3.4.1056/avr8-gnu-toolchain/bin/../lib/gcc/avr/4.8.1/../../../../avr/lib/avr5\libc.a(eerd_byte_atmega328p.o)
                0x00007df8                __eerd_byte_m328p
 .text.avr-libc
                0x00007e08        0xa c:/program files (x86)/atmel/atmel toolchain/avr8 gcc/native/3.4.1056/avr8-gnu-toolchain/bin/../lib/gcc/avr/4.8.1/../../../../avr/lib/avr5\libc.a(eerd_word_atmega328p.o)
                0x00007e08                __eerd_word_m328p
 .text.avr-libc
                0x00007e12       0x1c c:/program files (x86)/atmel/atmel toolchain/avr8 gcc/native/3.4.1056/avr8-gnu-toolchain/bin/../lib/gcc/avr/4.8.1/../../../../avr/lib/avr5\libc.a(eewr_byte_atmega328p.o)
                0x00007e12                __eewr_byte_m328p
                0x00007e14                __eewr_r18_m328p
 .text.avr-libc
                0x00007e2e        0x6 c:/program files (x86)/atmel/atmel toolchain/avr8 gcc/native/3.4.1056/avr8-gnu-toolchain/bin/../lib/gcc/avr/4.8.1/../../../../avr/lib/avr5\libc.a(eewr_word_atmega328p.o)
                0x00007e2e                __eewr_word_m328p
 .text.avr-libc
                0x00007e34       0x20 c:/program files (x86)/atmel/atmel toolchain/avr8 gcc/native/3.4.1056/avr8-gnu-toolchain/bin/../lib/gcc/avr/4.8.1/../../../../avr/lib/avr5\libc.a(eerd_block_atmega328p.o)
                0x00007e34                __eerd_block_m328p
                0x00007e38                __eerd_blraw_m328p
                0x00007e54                . = ALIGN (0x2)
 *(.fini9)
 .fini9         0x00007e54        0x0 c:/program files (x86)/atmel/atmel toolchain/avr8 gcc/native/3.4.1056/avr8-gnu-toolchain/bin/../lib/gcc/avr/4.8.1/avr5\libgcc.a(_exit.o)
                0x00007e54                _exit
                0x00007e54                exit
 *(.fini9)
 *(.fini8)
 *(.fini8)
 *(.fini7)
 *(.fini7)
 *(.fini6)
 .fini6         0x00007e54       0x14 c:/program files (x86)/atmel/atmel toolchain/avr8 gcc/native/3.4.1056/avr8-gnu-toolchain/bin/../lib/gcc/avr/4.8.1/avr5\libgcc.a(_dtors.o)
                0x00007e54                __do_global_dtors
 *(.fini6)
 *(.fini5)
 *(.fini5)
 *(.fini4)
 *(.fini4)
 *(.fini3)
 *(.fini3)
 *(.fini2)
 *(.fini2)
 *(.fini1)
 *(.fini1)
 *(.fini0)
 .fini0         0x00007e68        0x4 c:/program files (x86)/atmel/atmel toolchain/avr8 gcc/native/3.4.1056/avr8-gnu-toolchain/bin/../lib/gcc/avr/4.8.1/avr5\libgcc.a(_exit.o)
 *(.fini0)
                0x00007e6c                _etext = .

.data           0x00800100      0x16a load address 0x00007e6c
                0x00800100                PROVIDE (__data_start, .)
 *(.data)
 .data          0x00800100        0x0 c:/program files (x86)/atmel/atmel toolchain/avr8 gcc/native/3.4.1056/avr8-gnu-toolchain/bin/../lib/gcc/avr/4.8.1/../../../../avr/lib/avr5/crtm328p.o
 .data          0x00800100        0x0 Adafruit_MCP23017.o
 .data          0x00800100        0x0 Adafruit_RGBLCDShield.o
 .data          0x00800100        0x0 Button.o
 .data          0x00800100        0x0 Main.o
 .data          0x00800100        0x0 MainMenu.o
 .data          0x00800100        0x0 MessageHandler.o
 .data          0x00800100        0x0 MessagePump.o
 .data          0x00800100        0x0 NikType003.o
 .data          0x00800100        0x0 NikType003State.o
 .data          0x00800100        0x0 ReadAdaFruitLcdButtonState.o
 .data          0x00800100        0x0 RunFocusStackHandler.o
 .data          0x00800100        0x0 SetupHandler.o
 .data          0x00800100        0x0 twi.o
 .data          0x00800100        0x0 Wire.o
 .data          0x00800100        0x0 C:\Users\Ketil\Documents\Arduino Template Express\Boards\Uno\Libs\16\libArduinoCore.a(HardwareSerial.o)
 .data          0x00800100        0x0 C:\Users\Ketil\Documents\Arduino Template Express\Boards\Uno\Libs\16\libArduinoCore.a(main.o)
 .data          0x00800100        0x0 C:\Users\Ketil\Documents\Arduino Template Express\Boards\Uno\Libs\16\libArduinoCore.a(new.o)
 .data          0x00800100        0x0 C:\Users\Ketil\Documents\Arduino Template Express\Boards\Uno\Libs\16\libArduinoCore.a(Print.o)
 .data          0x00800100        0x0 C:\Users\Ketil\Documents\Arduino Template Express\Boards\Uno\Libs\16\libArduinoCore.a(wiring.o)
 .data          0x00800100        0x0 C:\Users\Ketil\Documents\Arduino Template Express\Boards\Uno\Libs\16\libArduinoCore.a(wiring_digital.o)
 .data          0x00800100        0x0 C:\Users\Ketil\Documents\Arduino Template Express\Boards\Uno\Libs\16\libArduinoCore.a(WString.o)
 .data          0x00800100        0x0 C:\Users\Ketil\Documents\Arduino Template Express\Boards\Uno\Libs\16\libArduinoCore.a(malloc.o)
 .data          0x00800100        0x0 ../../libs/PTP_2.0/Release\libptp2.a(nkeventparser.o)
 .data          0x00800100        0x0 ../../libs/PTP_2.0/Release\libptp2.a(ptp.o)
 .data          0x00800100        0x0 ../../libs/USB_Host_Shield_2.0/Release\libusb2host.a(parsetools.o)
 .data          0x00800100        0x0 ../../libs/USB_Host_Shield_2.0/Release\libusb2host.a(Usb.o)
 .data          0x00800100        0x0 ../../libs/USB_Host_Shield_2.0/Release\libusb2host.a(message.o)
 .data          0x00800100        0x0 c:/program files (x86)/atmel/atmel toolchain/avr8 gcc/native/3.4.1056/avr8-gnu-toolchain/bin/../lib/gcc/avr/4.8.1/../../../../avr/lib/avr5\libm.a(addsf3.o)
 .data          0x00800100        0x0 c:/program files (x86)/atmel/atmel toolchain/avr8 gcc/native/3.4.1056/avr8-gnu-toolchain/bin/../lib/gcc/avr/4.8.1/../../../../avr/lib/avr5\libm.a(addsf3x.o)
 .data          0x00800100        0x0 c:/program files (x86)/atmel/atmel toolchain/avr8 gcc/native/3.4.1056/avr8-gnu-toolchain/bin/../lib/gcc/avr/4.8.1/../../../../avr/lib/avr5\libm.a(cmpsf2.o)
 .data          0x00800100        0x0 c:/program files (x86)/atmel/atmel toolchain/avr8 gcc/native/3.4.1056/avr8-gnu-toolchain/bin/../lib/gcc/avr/4.8.1/../../../../avr/lib/avr5\libm.a(divsf3.o)
 .data          0x00800100        0x0 c:/program files (x86)/atmel/atmel toolchain/avr8 gcc/native/3.4.1056/avr8-gnu-toolchain/bin/../lib/gcc/avr/4.8.1/../../../../avr/lib/avr5\libm.a(divsf3x.o)
 .data          0x00800100        0x0 c:/program files (x86)/atmel/atmel toolchain/avr8 gcc/native/3.4.1056/avr8-gnu-toolchain/bin/../lib/gcc/avr/4.8.1/../../../../avr/lib/avr5\libm.a(fixsfsi.o)
 .data          0x00800100        0x0 c:/program files (x86)/atmel/atmel toolchain/avr8 gcc/native/3.4.1056/avr8-gnu-toolchain/bin/../lib/gcc/avr/4.8.1/../../../../avr/lib/avr5\libm.a(fixunssfsi.o)
 .data          0x00800100        0x0 c:/program files (x86)/atmel/atmel toolchain/avr8 gcc/native/3.4.1056/avr8-gnu-toolchain/bin/../lib/gcc/avr/4.8.1/../../../../avr/lib/avr5\libm.a(floatsisf.o)
 .data          0x00800100        0x0 c:/program files (x86)/atmel/atmel toolchain/avr8 gcc/native/3.4.1056/avr8-gnu-toolchain/bin/../lib/gcc/avr/4.8.1/../../../../avr/lib/avr5\libm.a(fp_cmp.o)
 .data          0x00800100        0x0 c:/program files (x86)/atmel/atmel toolchain/avr8 gcc/native/3.4.1056/avr8-gnu-toolchain/bin/../lib/gcc/avr/4.8.1/../../../../avr/lib/avr5\libm.a(fp_inf.o)
 .data          0x00800100        0x0 c:/program files (x86)/atmel/atmel toolchain/avr8 gcc/native/3.4.1056/avr8-gnu-toolchain/bin/../lib/gcc/avr/4.8.1/../../../../avr/lib/avr5\libm.a(fp_nan.o)
 .data          0x00800100        0x0 c:/program files (x86)/atmel/atmel toolchain/avr8 gcc/native/3.4.1056/avr8-gnu-toolchain/bin/../lib/gcc/avr/4.8.1/../../../../avr/lib/avr5\libm.a(fp_pscA.o)
 .data          0x00800100        0x0 c:/program files (x86)/atmel/atmel toolchain/avr8 gcc/native/3.4.1056/avr8-gnu-toolchain/bin/../lib/gcc/avr/4.8.1/../../../../avr/lib/avr5\libm.a(fp_pscB.o)
 .data          0x00800100        0x0 c:/program files (x86)/atmel/atmel toolchain/avr8 gcc/native/3.4.1056/avr8-gnu-toolchain/bin/../lib/gcc/avr/4.8.1/../../../../avr/lib/avr5\libm.a(fp_round.o)
 .data          0x00800100        0x0 c:/program files (x86)/atmel/atmel toolchain/avr8 gcc/native/3.4.1056/avr8-gnu-toolchain/bin/../lib/gcc/avr/4.8.1/../../../../avr/lib/avr5\libm.a(fp_split3.o)
 .data          0x00800100        0x0 c:/program files (x86)/atmel/atmel toolchain/avr8 gcc/native/3.4.1056/avr8-gnu-toolchain/bin/../lib/gcc/avr/4.8.1/../../../../avr/lib/avr5\libm.a(fp_zero.o)
 .data          0x00800100        0x0 c:/program files (x86)/atmel/atmel toolchain/avr8 gcc/native/3.4.1056/avr8-gnu-toolchain/bin/../lib/gcc/avr/4.8.1/../../../../avr/lib/avr5\libm.a(gesf2.o)
 .data          0x00800100        0x0 c:/program files (x86)/atmel/atmel toolchain/avr8 gcc/native/3.4.1056/avr8-gnu-toolchain/bin/../lib/gcc/avr/4.8.1/../../../../avr/lib/avr5\libm.a(mulsf3.o)
 .data          0x00800100        0x0 c:/program files (x86)/atmel/atmel toolchain/avr8 gcc/native/3.4.1056/avr8-gnu-toolchain/bin/../lib/gcc/avr/4.8.1/../../../../avr/lib/avr5\libm.a(mulsf3x.o)
 .data          0x00800100        0x0 c:/program files (x86)/atmel/atmel toolchain/avr8 gcc/native/3.4.1056/avr8-gnu-toolchain/bin/../lib/gcc/avr/4.8.1/../../../../avr/lib/avr5\libm.a(unordsf2.o)
 .data          0x00800100        0x0 c:/program files (x86)/atmel/atmel toolchain/avr8 gcc/native/3.4.1056/avr8-gnu-toolchain/bin/../lib/gcc/avr/4.8.1/avr5\libgcc.a(_divmodhi4.o)
 .data          0x00800100        0x0 c:/program files (x86)/atmel/atmel toolchain/avr8 gcc/native/3.4.1056/avr8-gnu-toolchain/bin/../lib/gcc/avr/4.8.1/avr5\libgcc.a(_udivmodsi4.o)
 .data          0x00800100        0x0 c:/program files (x86)/atmel/atmel toolchain/avr8 gcc/native/3.4.1056/avr8-gnu-toolchain/bin/../lib/gcc/avr/4.8.1/avr5\libgcc.a(_exit.o)
 .data          0x00800100        0x0 c:/program files (x86)/atmel/atmel toolchain/avr8 gcc/native/3.4.1056/avr8-gnu-toolchain/bin/../lib/gcc/avr/4.8.1/avr5\libgcc.a(_tablejump.o)
 .data          0x00800100        0x0 c:/program files (x86)/atmel/atmel toolchain/avr8 gcc/native/3.4.1056/avr8-gnu-toolchain/bin/../lib/gcc/avr/4.8.1/avr5\libgcc.a(_copy_data.o)
 .data          0x00800100        0x0 c:/program files (x86)/atmel/atmel toolchain/avr8 gcc/native/3.4.1056/avr8-gnu-toolchain/bin/../lib/gcc/avr/4.8.1/avr5\libgcc.a(_clear_bss.o)
 .data          0x00800100        0x0 c:/program files (x86)/atmel/atmel toolchain/avr8 gcc/native/3.4.1056/avr8-gnu-toolchain/bin/../lib/gcc/avr/4.8.1/avr5\libgcc.a(_ctors.o)
 .data          0x00800100        0x0 c:/program files (x86)/atmel/atmel toolchain/avr8 gcc/native/3.4.1056/avr8-gnu-toolchain/bin/../lib/gcc/avr/4.8.1/avr5\libgcc.a(_dtors.o)
 .data          0x00800100        0x0 c:/program files (x86)/atmel/atmel toolchain/avr8 gcc/native/3.4.1056/avr8-gnu-toolchain/bin/../lib/gcc/avr/4.8.1/avr5\libgcc.a(_muluhisi3.o)
 .data          0x00800100        0x0 c:/program files (x86)/atmel/atmel toolchain/avr8 gcc/native/3.4.1056/avr8-gnu-toolchain/bin/../lib/gcc/avr/4.8.1/avr5\libgcc.a(_udivmodhi4.o)
 .data          0x00800100        0x0 c:/program files (x86)/atmel/atmel toolchain/avr8 gcc/native/3.4.1056/avr8-gnu-toolchain/bin/../lib/gcc/avr/4.8.1/avr5\libgcc.a(_umulhisi3.o)
 .data          0x00800100        0x0 c:/program files (x86)/atmel/atmel toolchain/avr8 gcc/native/3.4.1056/avr8-gnu-toolchain/bin/../lib/gcc/avr/4.8.1/../../../../avr/lib/avr5\libc.a(atol.o)
 .data          0x00800100        0x0 c:/program files (x86)/atmel/atmel toolchain/avr8 gcc/native/3.4.1056/avr8-gnu-toolchain/bin/../lib/gcc/avr/4.8.1/../../../../avr/lib/avr5\libc.a(isspace.o)
 .data          0x00800100        0x0 c:/program files (x86)/atmel/atmel toolchain/avr8 gcc/native/3.4.1056/avr8-gnu-toolchain/bin/../lib/gcc/avr/4.8.1/../../../../avr/lib/avr5\libc.a(tolower.o)
 .data          0x00800100        0x0 c:/program files (x86)/atmel/atmel toolchain/avr8 gcc/native/3.4.1056/avr8-gnu-toolchain/bin/../lib/gcc/avr/4.8.1/../../../../avr/lib/avr5\libc.a(toupper.o)
 .data          0x00800100        0x0 c:/program files (x86)/atmel/atmel toolchain/avr8 gcc/native/3.4.1056/avr8-gnu-toolchain/bin/../lib/gcc/avr/4.8.1/../../../../avr/lib/avr5\libc.a(memcpy.o)
 .data          0x00800100        0x0 c:/program files (x86)/atmel/atmel toolchain/avr8 gcc/native/3.4.1056/avr8-gnu-toolchain/bin/../lib/gcc/avr/4.8.1/../../../../avr/lib/avr5\libc.a(memmove.o)
 .data          0x00800100        0x0 c:/program files (x86)/atmel/atmel toolchain/avr8 gcc/native/3.4.1056/avr8-gnu-toolchain/bin/../lib/gcc/avr/4.8.1/../../../../avr/lib/avr5\libc.a(memset.o)
 .data          0x00800100        0x0 c:/program files (x86)/atmel/atmel toolchain/avr8 gcc/native/3.4.1056/avr8-gnu-toolchain/bin/../lib/gcc/avr/4.8.1/../../../../avr/lib/avr5\libc.a(strchr.o)
 .data          0x00800100        0x0 c:/program files (x86)/atmel/atmel toolchain/avr8 gcc/native/3.4.1056/avr8-gnu-toolchain/bin/../lib/gcc/avr/4.8.1/../../../../avr/lib/avr5\libc.a(strcmp.o)
 .data          0x00800100        0x0 c:/program files (x86)/atmel/atmel toolchain/avr8 gcc/native/3.4.1056/avr8-gnu-toolchain/bin/../lib/gcc/avr/4.8.1/../../../../avr/lib/avr5\libc.a(strcpy.o)
 .data          0x00800100        0x0 c:/program files (x86)/atmel/atmel toolchain/avr8 gcc/native/3.4.1056/avr8-gnu-toolchain/bin/../lib/gcc/avr/4.8.1/../../../../avr/lib/avr5\libc.a(strncmp.o)
 .data          0x00800100        0x0 c:/program files (x86)/atmel/atmel toolchain/avr8 gcc/native/3.4.1056/avr8-gnu-toolchain/bin/../lib/gcc/avr/4.8.1/../../../../avr/lib/avr5\libc.a(strncpy.o)
 .data          0x00800100        0x0 c:/program files (x86)/atmel/atmel toolchain/avr8 gcc/native/3.4.1056/avr8-gnu-toolchain/bin/../lib/gcc/avr/4.8.1/../../../../avr/lib/avr5\libc.a(strrchr.o)
 .data          0x00800100        0x0 c:/program files (x86)/atmel/atmel toolchain/avr8 gcc/native/3.4.1056/avr8-gnu-toolchain/bin/../lib/gcc/avr/4.8.1/../../../../avr/lib/avr5\libc.a(strstr.o)
 .data          0x00800100        0x0 c:/program files (x86)/atmel/atmel toolchain/avr8 gcc/native/3.4.1056/avr8-gnu-toolchain/bin/../lib/gcc/avr/4.8.1/../../../../avr/lib/avr5\libc.a(itoa.o)
 .data          0x00800100        0x0 c:/program files (x86)/atmel/atmel toolchain/avr8 gcc/native/3.4.1056/avr8-gnu-toolchain/bin/../lib/gcc/avr/4.8.1/../../../../avr/lib/avr5\libc.a(itoa_ncheck.o)
 .data          0x00800100        0x0 c:/program files (x86)/atmel/atmel toolchain/avr8 gcc/native/3.4.1056/avr8-gnu-toolchain/bin/../lib/gcc/avr/4.8.1/../../../../avr/lib/avr5\libc.a(ltoa.o)
 .data          0x00800100        0x0 c:/program files (x86)/atmel/atmel toolchain/avr8 gcc/native/3.4.1056/avr8-gnu-toolchain/bin/../lib/gcc/avr/4.8.1/../../../../avr/lib/avr5\libc.a(ltoa_ncheck.o)
 .data          0x00800100        0x0 c:/program files (x86)/atmel/atmel toolchain/avr8 gcc/native/3.4.1056/avr8-gnu-toolchain/bin/../lib/gcc/avr/4.8.1/../../../../avr/lib/avr5\libc.a(mulsi10.o)
 .data          0x00800100        0x0 c:/program files (x86)/atmel/atmel toolchain/avr8 gcc/native/3.4.1056/avr8-gnu-toolchain/bin/../lib/gcc/avr/4.8.1/../../../../avr/lib/avr5\libc.a(ultoa.o)
 .data          0x00800100        0x0 c:/program files (x86)/atmel/atmel toolchain/avr8 gcc/native/3.4.1056/avr8-gnu-toolchain/bin/../lib/gcc/avr/4.8.1/../../../../avr/lib/avr5\libc.a(ultoa_ncheck.o)
 .data          0x00800100        0x0 c:/program files (x86)/atmel/atmel toolchain/avr8 gcc/native/3.4.1056/avr8-gnu-toolchain/bin/../lib/gcc/avr/4.8.1/../../../../avr/lib/avr5\libc.a(utoa.o)
 .data          0x00800100        0x0 c:/program files (x86)/atmel/atmel toolchain/avr8 gcc/native/3.4.1056/avr8-gnu-toolchain/bin/../lib/gcc/avr/4.8.1/../../../../avr/lib/avr5\libc.a(utoa_ncheck.o)
 .data          0x00800100        0x0 c:/program files (x86)/atmel/atmel toolchain/avr8 gcc/native/3.4.1056/avr8-gnu-toolchain/bin/../lib/gcc/avr/4.8.1/../../../../avr/lib/avr5\libc.a(eerd_byte_atmega328p.o)
 .data          0x00800100        0x0 c:/program files (x86)/atmel/atmel toolchain/avr8 gcc/native/3.4.1056/avr8-gnu-toolchain/bin/../lib/gcc/avr/4.8.1/../../../../avr/lib/avr5\libc.a(eerd_word_atmega328p.o)
 .data          0x00800100        0x0 c:/program files (x86)/atmel/atmel toolchain/avr8 gcc/native/3.4.1056/avr8-gnu-toolchain/bin/../lib/gcc/avr/4.8.1/../../../../avr/lib/avr5\libc.a(eewr_byte_atmega328p.o)
 .data          0x00800100        0x0 c:/program files (x86)/atmel/atmel toolchain/avr8 gcc/native/3.4.1056/avr8-gnu-toolchain/bin/../lib/gcc/avr/4.8.1/../../../../avr/lib/avr5\libc.a(eewr_word_atmega328p.o)
 .data          0x00800100        0x0 c:/program files (x86)/atmel/atmel toolchain/avr8 gcc/native/3.4.1056/avr8-gnu-toolchain/bin/../lib/gcc/avr/4.8.1/../../../../avr/lib/avr5\libc.a(cty_isfalse.o)
 .data          0x00800100        0x0 c:/program files (x86)/atmel/atmel toolchain/avr8 gcc/native/3.4.1056/avr8-gnu-toolchain/bin/../lib/gcc/avr/4.8.1/../../../../avr/lib/avr5\libc.a(strrev.o)
 .data          0x00800100        0x0 c:/program files (x86)/atmel/atmel toolchain/avr8 gcc/native/3.4.1056/avr8-gnu-toolchain/bin/../lib/gcc/avr/4.8.1/../../../../avr/lib/avr5\libc.a(eerd_block_atmega328p.o)
 *(.data*)
 .data.g_pMain  0x00800100        0x2 Main.o
                0x00800100                g_pMain
 .data.g_pSetup
                0x00800102        0x2 Main.o
                0x00800102                g_pSetup
 .data.g_pRunStack
                0x00800104        0x2 Main.o
                0x00800104                g_pRunStack
 .data.g_savedFocusAmount
                0x00800106        0x2 Main.o
                0x00800106                g_savedFocusAmount
 .data.g_savedNumFrames
                0x00800108        0x1 Main.o
                0x00800108                g_savedNumFrames
 .data.g_usbOK  0x00800109        0x1 Main.o
                0x00800109                g_usbOK
 .data.g_print  0x0080010a        0x2 Main.o
                0x0080010a                g_print
 .data.buttons  0x0080010c        0xa Main.o
                0x0080010c                buttons
 .data.__brkval
                0x00800116        0x2 C:\Users\Ketil\Documents\Arduino Template Express\Boards\Uno\Libs\16\libArduinoCore.a(malloc.o)
                0x00800116                __brkval
 .data.UsbDEBUGlvl
                0x00800118        0x2 ../../libs/USB_Host_Shield_2.0/Release\libusb2host.a(message.o)
                0x00800118                UsbDEBUGlvl
 *(.rodata)
 .rodata        0x0080011a        0x8 Adafruit_RGBLCDShield.o
 .rodata        0x00800122       0x13 Main.o
 .rodata        0x00800135        0xa MainMenu.o
 .rodata        0x0080013f        0x4 RunFocusStackHandler.o
 .rodata        0x00800143       0x3f SetupHandler.o
 *(.rodata*)
 .rodata._ZTV21Adafruit_RGBLCDShield
                0x00800182        0x8 Adafruit_RGBLCDShield.o
                0x00800182                _ZTV21Adafruit_RGBLCDShield
 .rodata._ZTV15MainMenuHandler
                0x0080018a        0x8 MainMenu.o
                0x0080018a                _ZTV15MainMenuHandler
 .rodata._ZTV15IMessageHandler
                0x00800192        0x8 MessageHandler.o
                0x00800192                _ZTV15IMessageHandler
 .rodata._ZTV10NikType003
                0x0080019a       0x1e NikType003.o
                0x0080019a                _ZTV10NikType003
 .rodata._ZTV15NKEventHandlers
                0x008001b8        0x6 NikType003.o
                0x008001b8                _ZTV15NKEventHandlers
 .rodata._ZTV13PTPReadParser
                0x008001be        0x6 NikType003.o
                0x008001be                _ZTV13PTPReadParser
 .rodata._ZTV22NikType003StateHandler
                0x008001c4       0x10 NikType003State.o
                0x008001c4                _ZTV22NikType003StateHandler
 .rodata._ZTV26ReadAdaFruitLcdButtonState
                0x008001d4        0xc ReadAdaFruitLcdButtonState.o
                0x008001d4                _ZTV26ReadAdaFruitLcdButtonState
 .rodata._ZTV15ReadButtonState
                0x008001e0        0xc ReadAdaFruitLcdButtonState.o
                0x008001e0                _ZTV15ReadButtonState
 .rodata._ZTV20RunFocusStackHandler
                0x008001ec        0x8 RunFocusStackHandler.o
                0x008001ec                _ZTV20RunFocusStackHandler
 .rodata._ZTV12SetupHandler
                0x008001f4        0x8 SetupHandler.o
                0x008001f4                _ZTV12SetupHandler
 .rodata._ZTV7TwoWire
                0x008001fc       0x10 Wire.o
                0x008001fc                _ZTV7TwoWire
 .rodata._ZTV6Stream
                0x0080020c       0x10 Wire.o
                0x0080020c                _ZTV6Stream
 .rodata._ZTV14HardwareSerial
                0x0080021c       0x10 C:\Users\Ketil\Documents\Arduino Template Express\Boards\Uno\Libs\16\libArduinoCore.a(HardwareSerial.o)
                0x0080021c                _ZTV14HardwareSerial
 .rodata._ZTV5Print
                0x0080022c        0x8 C:\Users\Ketil\Documents\Arduino Template Express\Boards\Uno\Libs\16\libArduinoCore.a(Print.o)
                0x0080022c                _ZTV5Print
 .rodata._ZTV13NKEventParser
                0x00800234        0x6 ../../libs/PTP_2.0/Release\libptp2.a(nkeventparser.o)
                0x00800234                _ZTV13NKEventParser
 .rodata._ZTV16PTPStateHandlers
                0x0080023a       0x10 ../../libs/PTP_2.0/Release\libptp2.a(ptp.o)
                0x0080023a                _ZTV16PTPStateHandlers
 .rodata._ZTV3PTP
                0x0080024a       0x16 ../../libs/PTP_2.0/Release\libptp2.a(ptp.o)
                0x0080024a                _ZTV3PTP
 .rodata._ZTV15AddressPoolImplILh16EE
                0x00800260        0xa ../../libs/USB_Host_Shield_2.0/Release\libusb2host.a(Usb.o)
                0x00800260                _ZTV15AddressPoolImplILh16EE
 *(.gnu.linkonce.d*)
                0x0080026a                . = ALIGN (0x2)
                0x0080026a                _edata = .
                0x0080026a                PROVIDE (__data_end, .)

.bss            0x0080026a      0x2c5
                0x0080026a                PROVIDE (__bss_start, .)
 *(.bss)
 *(.bss*)
 .bss.g_pump    0x0080026a        0x2 Main.o
                0x0080026a                g_pump
 .bss.g_main    0x0080026c        0xe Main.o
                0x0080026c                g_main
 .bss.g_setup   0x0080027a       0x1b Main.o
                0x0080027a                g_setup
 .bss.g_runStack
                0x00800295       0x12 Main.o
                0x00800295                g_runStack
 .bss.Usb       0x008002a7       0x77 Main.o
                0x008002a7                Usb
 .bss.nk3State  0x0080031e        0x3 Main.o
                0x0080031e                nk3State
 .bss.nk3       0x00800321       0x33 Main.o
                0x00800321                nk3
 .bss.g_savedFrameDelay
                0x00800354        0x2 Main.o
                0x00800354                g_savedFrameDelay
 .bss.g_savedRestoreFocus
                0x00800356        0x1 Main.o
                0x00800356                g_savedRestoreFocus
 .bss.lcd       0x00800357       0x1c Main.o
                0x00800357                lcd
 .bss.buttonStateReader
                0x00800373        0x4 Main.o
                0x00800373                buttonStateReader
 .bss.buttonLeft
                0x00800377        0xc Main.o
                0x00800377                buttonLeft
 .bss.buttonRight
                0x00800383        0xc Main.o
                0x00800383                buttonRight
 .bss.buttonUp  0x0080038f        0xc Main.o
                0x0080038f                buttonUp
 .bss.buttonDown
                0x0080039b        0xc Main.o
                0x0080039b                buttonDown
 .bss.buttonSelect
                0x008003a7        0xc Main.o
                0x008003a7                buttonSelect
 .bss._ZN8MAX3421eI4TPinI5PortbLh2EES0_IS1_Lh1EEE9vbusStateE
                0x008003b3        0x1 Main.o
                0x008003b3                _ZN8MAX3421eI4TPinI5PortbLh2EES0_IS1_Lh1EEE9vbusStateE
 .bss.twi_state
                0x008003b4        0x1 twi.o
 .bss.twi_slarw
                0x008003b5        0x1 twi.o
 .bss.twi_sendStop
                0x008003b6        0x1 twi.o
 .bss.twi_inRepStart
                0x008003b7        0x1 twi.o
 .bss.twi_onSlaveTransmit
                0x008003b8        0x2 twi.o
 .bss.twi_onSlaveReceive
                0x008003ba        0x2 twi.o
 .bss.twi_masterBuffer
                0x008003bc       0x20 twi.o
 .bss.twi_masterBufferIndex
                0x008003dc        0x1 twi.o
 .bss.twi_masterBufferLength
                0x008003dd        0x1 twi.o
 .bss.twi_txBuffer
                0x008003de       0x20 twi.o
 .bss.twi_txBufferIndex
                0x008003fe        0x1 twi.o
 .bss.twi_txBufferLength
                0x008003ff        0x1 twi.o
 .bss.twi_rxBuffer
                0x00800400       0x20 twi.o
 .bss.twi_rxBufferIndex
                0x00800420        0x1 twi.o
 .bss.twi_error
                0x00800421        0x1 twi.o
 .bss._ZN7TwoWire8rxBufferE
                0x00800422       0x20 Wire.o
                0x00800422                _ZN7TwoWire8rxBufferE
 .bss._ZN7TwoWire13rxBufferIndexE
                0x00800442        0x1 Wire.o
                0x00800442                _ZN7TwoWire13rxBufferIndexE
 .bss._ZN7TwoWire14rxBufferLengthE
                0x00800443        0x1 Wire.o
                0x00800443                _ZN7TwoWire14rxBufferLengthE
 .bss._ZN7TwoWire9txAddressE
                0x00800444        0x1 Wire.o
                0x00800444                _ZN7TwoWire9txAddressE
 .bss._ZN7TwoWire8txBufferE
                0x00800445       0x20 Wire.o
                0x00800445                _ZN7TwoWire8txBufferE
 .bss._ZN7TwoWire13txBufferIndexE
                0x00800465        0x1 Wire.o
                0x00800465                _ZN7TwoWire13txBufferIndexE
 .bss._ZN7TwoWire14txBufferLengthE
                0x00800466        0x1 Wire.o
                0x00800466                _ZN7TwoWire14txBufferLengthE
 .bss._ZN7TwoWire12transmittingE
                0x00800467        0x1 Wire.o
                0x00800467                _ZN7TwoWire12transmittingE
 .bss.Wire      0x00800468        0xc Wire.o
                0x00800468                Wire
 .bss.Serial    0x00800474       0x22 C:\Users\Ketil\Documents\Arduino Template Express\Boards\Uno\Libs\16\libArduinoCore.a(HardwareSerial.o)
                0x00800474                Serial
 .bss.tx_buffer
                0x00800496       0x44 C:\Users\Ketil\Documents\Arduino Template Express\Boards\Uno\Libs\16\libArduinoCore.a(HardwareSerial.o)
                0x00800496                tx_buffer
 .bss.rx_buffer
                0x008004da       0x44 C:\Users\Ketil\Documents\Arduino Template Express\Boards\Uno\Libs\16\libArduinoCore.a(HardwareSerial.o)
                0x008004da                rx_buffer
 .bss.timer0_millis
                0x0080051e        0x4 C:\Users\Ketil\Documents\Arduino Template Express\Boards\Uno\Libs\16\libArduinoCore.a(wiring.o)
                0x0080051e                timer0_millis
 .bss.timer0_overflow_count
                0x00800522        0x4 C:\Users\Ketil\Documents\Arduino Template Express\Boards\Uno\Libs\16\libArduinoCore.a(wiring.o)
                0x00800522                timer0_overflow_count
 .bss.timer0_fract
                0x00800526        0x1 C:\Users\Ketil\Documents\Arduino Template Express\Boards\Uno\Libs\16\libArduinoCore.a(wiring.o)
 .bss._ZZN3USB4TaskEvE5delay
                0x00800527        0x4 ../../libs/USB_Host_Shield_2.0/Release\libusb2host.a(Usb.o)
 .bss._ZL14usb_task_state
                0x0080052b        0x1 ../../libs/USB_Host_Shield_2.0/Release\libusb2host.a(Usb.o)
 .bss._ZL9usb_error
                0x0080052c        0x1 ../../libs/USB_Host_Shield_2.0/Release\libusb2host.a(Usb.o)
 *(COMMON)
 COMMON         0x0080052d        0x2 C:\Users\Ketil\Documents\Arduino Template Express\Boards\Uno\Libs\16\libArduinoCore.a(malloc.o)
                0x0080052d                __flp
                0x0080052f                PROVIDE (__bss_end, .)
                0x00007e6c                __data_load_start = LOADADDR (.data)
                0x00007fd6                __data_load_end = (__data_load_start + SIZEOF (.data))

.noinit         0x0080052f        0x0
                0x0080052f                PROVIDE (__noinit_start, .)
 *(.noinit*)
                0x0080052f                PROVIDE (__noinit_end, .)
                0x0080052f                _end = .
                0x0080052f                PROVIDE (__heap_start, .)

.eeprom         0x00810000        0x6
 *(.eeprom*)
 .eeprom        0x00810000        0x6 Main.o
                0x00810000                ePromFocusAmount
                0x00810002                ePromFrameDelay
                0x00810004                ePromNumFrames
                0x00810005                ePromRestoreFocus
                0x00810006                __eeprom_end = .

.fuse
 *(.fuse)
 *(.lfuse)
 *(.hfuse)
 *(.efuse)

.lock
 *(.lock*)

.signature
 *(.signature*)

.user_signatures
 *(.user_signatures*)

.stab
 *(.stab)

.stabstr
 *(.stabstr)

.stab.excl
 *(.stab.excl)

.stab.exclstr
 *(.stab.exclstr)

.stab.index
 *(.stab.index)

.stab.indexstr
 *(.stab.indexstr)

.comment        0x00000000       0x5f
 *(.comment)
 .comment       0x00000000       0x30 Adafruit_MCP23017.o
                                 0x31 (size before relaxing)
 .comment       0x00000000       0x31 Adafruit_RGBLCDShield.o
 .comment       0x00000000       0x31 Button.o
 .comment       0x00000000       0x31 Main.o
 .comment       0x00000000       0x31 MainMenu.o
 .comment       0x00000000       0x31 MessageHandler.o
 .comment       0x00000000       0x31 MessagePump.o
 .comment       0x00000000       0x31 NikType003.o
 .comment       0x00000000       0x31 NikType003State.o
 .comment       0x00000000       0x31 ReadAdaFruitLcdButtonState.o
 .comment       0x00000000       0x31 RunFocusStackHandler.o
 .comment       0x00000000       0x31 SetupHandler.o
 .comment       0x00000000       0x31 twi.o
 .comment       0x00000000       0x31 Wire.o
 .comment       0x00000030       0x2f C:\Users\Ketil\Documents\Arduino Template Express\Boards\Uno\Libs\16\libArduinoCore.a(HardwareSerial.o)
                                 0x30 (size before relaxing)
 .comment       0x00000000       0x30 C:\Users\Ketil\Documents\Arduino Template Express\Boards\Uno\Libs\16\libArduinoCore.a(main.o)
 .comment       0x00000000       0x30 C:\Users\Ketil\Documents\Arduino Template Express\Boards\Uno\Libs\16\libArduinoCore.a(new.o)
 .comment       0x00000000       0x30 C:\Users\Ketil\Documents\Arduino Template Express\Boards\Uno\Libs\16\libArduinoCore.a(Print.o)
 .comment       0x00000000       0x30 C:\Users\Ketil\Documents\Arduino Template Express\Boards\Uno\Libs\16\libArduinoCore.a(wiring.o)
 .comment       0x00000000       0x30 C:\Users\Ketil\Documents\Arduino Template Express\Boards\Uno\Libs\16\libArduinoCore.a(wiring_digital.o)
 .comment       0x00000000       0x30 C:\Users\Ketil\Documents\Arduino Template Express\Boards\Uno\Libs\16\libArduinoCore.a(WString.o)
 .comment       0x00000000       0x30 C:\Users\Ketil\Documents\Arduino Template Express\Boards\Uno\Libs\16\libArduinoCore.a(malloc.o)
 .comment       0x00000000       0x31 ../../libs/PTP_2.0/Release\libptp2.a(nkeventparser.o)
 .comment       0x00000000       0x31 ../../libs/PTP_2.0/Release\libptp2.a(ptp.o)
 .comment       0x00000000       0x31 ../../libs/USB_Host_Shield_2.0/Release\libusb2host.a(parsetools.o)
 .comment       0x00000000       0x31 ../../libs/USB_Host_Shield_2.0/Release\libusb2host.a(Usb.o)
 .comment       0x00000000       0x31 ../../libs/USB_Host_Shield_2.0/Release\libusb2host.a(message.o)

.note.gnu.build-id
 *(.note.gnu.build-id)

.debug
 *(.debug)

.line
 *(.line)

.debug_srcinfo
 *(.debug_srcinfo)

.debug_sfnames
 *(.debug_sfnames)

.debug_aranges  0x00000000      0x748
 *(.debug_aranges)
 .debug_aranges
                0x00000000       0x68 Adafruit_MCP23017.o
 .debug_aranges
                0x00000068      0x108 Adafruit_RGBLCDShield.o
 .debug_aranges
                0x00000170       0x38 Button.o
 .debug_aranges
                0x000001a8       0xf0 Main.o
 .debug_aranges
                0x00000298       0x40 MainMenu.o
 .debug_aranges
                0x000002d8       0x40 MessageHandler.o
 .debug_aranges
                0x00000318       0x30 MessagePump.o
 .debug_aranges
                0x00000348      0x140 NikType003.o
 .debug_aranges
                0x00000488       0x38 NikType003State.o
 .debug_aranges
                0x000004c0       0x58 ReadAdaFruitLcdButtonState.o
 .debug_aranges
                0x00000518       0x60 RunFocusStackHandler.o
 .debug_aranges
                0x00000578       0x70 SetupHandler.o
 .debug_aranges
                0x000005e8       0x70 twi.o
 .debug_aranges
                0x00000658       0xf0 Wire.o

.debug_pubnames
 *(.debug_pubnames)

.debug_info     0x00000000     0xb291
 *(.debug_info .gnu.linkonce.wi.*)
 .debug_info    0x00000000      0x58e Adafruit_MCP23017.o
 .debug_info    0x0000058e      0xfec Adafruit_RGBLCDShield.o
 .debug_info    0x0000157a      0x59f Button.o
 .debug_info    0x00001b19     0x1c4b Main.o
 .debug_info    0x00003764      0x848 MainMenu.o
 .debug_info    0x00003fac      0x640 MessageHandler.o
 .debug_info    0x000045ec      0x40f MessagePump.o
 .debug_info    0x000049fb     0x2602 NikType003.o
 .debug_info    0x00006ffd      0x86e NikType003State.o
 .debug_info    0x0000786b      0x470 ReadAdaFruitLcdButtonState.o
 .debug_info    0x00007cdb      0xa64 RunFocusStackHandler.o
 .debug_info    0x0000873f      0xb2e SetupHandler.o
 .debug_info    0x0000926d      0x4dd twi.o
 .debug_info    0x0000974a     0x1b47 Wire.o

.debug_abbrev   0x00000000     0x27b4
 *(.debug_abbrev)
 .debug_abbrev  0x00000000      0x170 Adafruit_MCP23017.o
 .debug_abbrev  0x00000170      0x2f0 Adafruit_RGBLCDShield.o
 .debug_abbrev  0x00000460      0x283 Button.o
 .debug_abbrev  0x000006e3      0x4ce Main.o
 .debug_abbrev  0x00000bb1      0x2c2 MainMenu.o