Archive member included because of file (symbol)

c:/program files (x86)/atmel/atmel toolchain/avr8 gcc/native/3.4.1056/avr8-gnu-toolchain/bin/../lib/gcc/avr/4.8.1/../../../../avr/lib/avr5\libm.a(addsf3.o)
                              RunFocusStackHandler.o (__subsf3)
c:/program files (x86)/atmel/atmel toolchain/avr8 gcc/native/3.4.1056/avr8-gnu-toolchain/bin/../lib/gcc/avr/4.8.1/../../../../avr/lib/avr5\libm.a(addsf3x.o)
                              c:/program files (x86)/atmel/atmel toolchain/avr8 gcc/native/3.4.1056/avr8-gnu-toolchain/bin/../lib/gcc/avr/4.8.1/../../../../avr/lib/avr5\libm.a(addsf3.o) (__addsf3x)
c:/program files (x86)/atmel/atmel toolchain/avr8 gcc/native/3.4.1056/avr8-gnu-toolchain/bin/../lib/gcc/avr/4.8.1/../../../../avr/lib/avr5\libm.a(divsf3.o)
                              RunFocusStackHandler.o (__divsf3)
c:/program files (x86)/atmel/atmel toolchain/avr8 gcc/native/3.4.1056/avr8-gnu-toolchain/bin/../lib/gcc/avr/4.8.1/../../../../avr/lib/avr5\libm.a(divsf3x.o)
                              c:/program files (x86)/atmel/atmel toolchain/avr8 gcc/native/3.4.1056/avr8-gnu-toolchain/bin/../lib/gcc/avr/4.8.1/../../../../avr/lib/avr5\libm.a(divsf3.o) (__divsf3x)
c:/program files (x86)/atmel/atmel toolchain/avr8 gcc/native/3.4.1056/avr8-gnu-toolchain/bin/../lib/gcc/avr/4.8.1/../../../../avr/lib/avr5\libm.a(fixunssfsi.o)
                              RunFocusStackHandler.o (__fixunssfsi)
c:/program files (x86)/atmel/atmel toolchain/avr8 gcc/native/3.4.1056/avr8-gnu-toolchain/bin/../lib/gcc/avr/4.8.1/../../../../avr/lib/avr5\libm.a(floatsisf.o)
                              RunFocusStackHandler.o (__floatunsisf)
c:/program files (x86)/atmel/atmel toolchain/avr8 gcc/native/3.4.1056/avr8-gnu-toolchain/bin/../lib/gcc/avr/4.8.1/../../../../avr/lib/avr5\libm.a(fp_inf.o)
                              c:/program files (x86)/atmel/atmel toolchain/avr8 gcc/native/3.4.1056/avr8-gnu-toolchain/bin/../lib/gcc/avr/4.8.1/../../../../avr/lib/avr5\libm.a(addsf3x.o) (__fp_inf)
c:/program files (x86)/atmel/atmel toolchain/avr8 gcc/native/3.4.1056/avr8-gnu-toolchain/bin/../lib/gcc/avr/4.8.1/../../../../avr/lib/avr5\libm.a(fp_nan.o)
                              c:/program files (x86)/atmel/atmel toolchain/avr8 gcc/native/3.4.1056/avr8-gnu-toolchain/bin/../lib/gcc/avr/4.8.1/../../../../avr/lib/avr5\libm.a(addsf3x.o) (__fp_nan)
c:/program files (x86)/atmel/atmel toolchain/avr8 gcc/native/3.4.1056/avr8-gnu-toolchain/bin/../lib/gcc/avr/4.8.1/../../../../avr/lib/avr5\libm.a(fp_pscA.o)
                              c:/program files (x86)/atmel/atmel toolchain/avr8 gcc/native/3.4.1056/avr8-gnu-toolchain/bin/../lib/gcc/avr/4.8.1/../../../../avr/lib/avr5\libm.a(addsf3x.o) (__fp_pscA)
c:/program files (x86)/atmel/atmel toolchain/avr8 gcc/native/3.4.1056/avr8-gnu-toolchain/bin/../lib/gcc/avr/4.8.1/../../../../avr/lib/avr5\libm.a(fp_pscB.o)
                              c:/program files (x86)/atmel/atmel toolchain/avr8 gcc/native/3.4.1056/avr8-gnu-toolchain/bin/../lib/gcc/avr/4.8.1/../../../../avr/lib/avr5\libm.a(addsf3x.o) (__fp_pscB)
c:/program files (x86)/atmel/atmel toolchain/avr8 gcc/native/3.4.1056/avr8-gnu-toolchain/bin/../lib/gcc/avr/4.8.1/../../../../avr/lib/avr5\libm.a(fp_round.o)
                              c:/program files (x86)/atmel/atmel toolchain/avr8 gcc/native/3.4.1056/avr8-gnu-toolchain/bin/../lib/gcc/avr/4.8.1/../../../../avr/lib/avr5\libm.a(addsf3.o) (__fp_round)
c:/program files (x86)/atmel/atmel toolchain/avr8 gcc/native/3.4.1056/avr8-gnu-toolchain/bin/../lib/gcc/avr/4.8.1/../../../../avr/lib/avr5\libm.a(fp_split3.o)
                              c:/program files (x86)/atmel/atmel toolchain/avr8 gcc/native/3.4.1056/avr8-gnu-toolchain/bin/../lib/gcc/avr/4.8.1/../../../../avr/lib/avr5\libm.a(addsf3x.o) (__fp_split3)
c:/program files (x86)/atmel/atmel toolchain/avr8 gcc/native/3.4.1056/avr8-gnu-toolchain/bin/../lib/gcc/avr/4.8.1/../../../../avr/lib/avr5\libm.a(fp_zero.o)
                              c:/program files (x86)/atmel/atmel toolchain/avr8 gcc/native/3.4.1056/avr8-gnu-toolchain/bin/../lib/gcc/avr/4.8.1/../../../../avr/lib/avr5\libm.a(addsf3x.o) (__fp_zero)
C:\Users\Ketil\Documents\Arduino Template Express\Boards\Uno\Libs\16\libArduinoCore.a(HardwareSerial.o)
                              Main.o (Serial)
C:\Users\Ketil\Documents\Arduino Template Express\Boards\Uno\Libs\16\libArduinoCore.a(main.o)
                              c:/program files (x86)/atmel/atmel toolchain/avr8 gcc/native/3.4.1056/avr8-gnu-toolchain/bin/../lib/gcc/avr/4.8.1/../../../../avr/lib/avr5/crtm328p.o (main)
C:\Users\Ketil\Documents\Arduino Template Express\Boards\Uno\Libs\16\libArduinoCore.a(new.o)
                              ReadAdaFruitLcdButtonState.o (_ZdlPv)
C:\Users\Ketil\Documents\Arduino Template Express\Boards\Uno\Libs\16\libArduinoCore.a(Print.o)
                              Adafruit_RGBLCDShield.o (_ZN5Print5writeEPKhj)
[...]
Memory Configuration

Name             Origin             Length             Attributes
text             0x00000000         0x00020000         xr
data             0x00800060         0x0000ffa0         rw !x
eeprom           0x00810000         0x00010000         rw !x
fuse             0x00820000         0x00000400         rw !x
lock             0x00830000         0x00000400         rw !x
signature        0x00840000         0x00000400         rw !x
user_signatures  0x00850000         0x00000400         rw !x
*default*        0x00000000         0xffffffff

Linker script and memory map

Address of section .data set to 0x800100
LOAD c:/program files (x86)/atmel/atmel toolchain/avr8 gcc/native/3.4.1056/avr8-gnu-toolchain/bin/../lib/gcc/avr/4.8.1/../../../../avr/lib/avr5/crtm328p.o
LOAD Adafruit_MCP23017.o
LOAD Adafruit_RGBLCDShield.o
LOAD Button.o
LOAD Main.o
LOAD MainMenu.o
LOAD MessageHandler.o
LOAD MessagePump.o
LOAD NikType003.o
LOAD NikType003State.o
LOAD ReadAdaFruitLcdButtonState.o
LOAD RunFocusStackHandler.o
LOAD SetupHandler.o
LOAD twi.o
LOAD Wire.o
START GROUP
LOAD c:/program files (x86)/atmel/atmel toolchain/avr8 gcc/native/3.4.1056/avr8-gnu-toolchain/bin/../lib/gcc/avr/4.8.1/../../../../avr/lib/avr5\libm.a
LOAD C:\Users\Ketil\Documents\Arduino Template Express\Boards\Uno\Libs\16\libArduinoCore.a
LOAD ../../libs/PTP_2.0/Release\libptp2.a
LOAD ../../libs/USB_Host_Shield_2.0/Release\libusb2Host.a
END GROUP
LOAD c:/program files (x86)/atmel/atmel toolchain/avr8 gcc/native/3.4.1056/avr8-gnu-toolchain/bin/../lib/gcc/avr/4.8.1/avr5\libgcc.a
LOAD c:/program files (x86)/atmel/atmel toolchain/avr8 gcc/native/3.4.1056/avr8-gnu-toolchain/bin/../lib/gcc/avr/4.8.1/../../../../avr/lib/avr5\libm.a
START GROUP
LOAD c:/program files (x86)/atmel/atmel toolchain/avr8 gcc/native/3.4.1056/avr8-gnu-toolchain/bin/../lib/gcc/avr/4.8.1/avr5\libgcc.a
LOAD c:/program files (x86)/atmel/atmel toolchain/avr8 gcc/native/3.4.1056/avr8-gnu-toolchain/bin/../lib/gcc/avr/4.8.1/../../../../avr/lib/avr5\libm.a
LOAD c:/program files (x86)/atmel/atmel toolchain/avr8 gcc/native/3.4.1056/avr8-gnu-toolchain/bin/../lib/gcc/avr/4.8.1/../../../../avr/lib/avr5\libc.a
END GROUP

.hash
 *(.hash)

.dynsym
 *(.dynsym)

.dynstr
 *(.dynstr)

.gnu.version
 *(.gnu.version)

.gnu.version_d
 *(.gnu.version_d)

.gnu.version_r
 *(.gnu.version_r)

.rel.init
 *(.rel.init)

.rela.init
 *(.rela.init)

.rel.text
 *(.rel.text)
 *(.rel.text.*)
 *(.rel.gnu.linkonce.t*)

.rela.text
 *(.rela.text)
 *(.rela.text.*)
 *(.rela.gnu.linkonce.t*)

.rel.fini
 *(.rel.fini)

.rela.fini
 *(.rela.fini)

.rel.rodata
 *(.rel.rodata)
 *(.rel.rodata.*)
 *(.rel.gnu.linkonce.r*)

.rela.rodata
 *(.rela.rodata)
 *(.rela.rodata.*)
 *(.rela.gnu.linkonce.r*)

.rel.data
 *(.rel.data)
 *(.rel.data.*)
 *(.rel.gnu.linkonce.d*)

.rela.data
 *(.rela.data)
 *(.rela.data.*)
 *(.rela.gnu.linkonce.d*)

.rel.ctors
 *(.rel.ctors)

.rela.ctors
 *(.rela.ctors)

.rel.dtors
 *(.rel.dtors)

.rela.dtors
 *(.rela.dtors)

.rel.got
 *(.rel.got)

.rela.got
 *(.rela.got)

.rel.bss
 *(.rel.bss)

.rela.bss
 *(.rela.bss)

.rel.plt
 *(.rel.plt)

.rela.plt
 *(.rela.plt)

.text           0x00000000     0x5a0a
 *(.vectors)
 .vectors       0x00000000       0x68 c:/program files (x86)/atmel/atmel toolchain/avr8 gcc/native/3.4.1056/avr8-gnu-toolchain/bin/../lib/gcc/avr/4.8.1/../../../../avr/lib/avr5/crtm328p.o
                0x00000000                __vector_default
                0x00000000                __vectors
 *(.vectors)
 *(.progmem.gcc*)
                0x00000068                . = ALIGN (0x2)
                0x00000068                __trampolines_start = .
 *(.trampolines)
 .trampolines   0x00000068        0x0 linker stubs
 *(.trampolines*)
                0x00000068                __trampolines_end = .
 *(.progmem*)
 .progmem.data._ZZ5setupE3__c
                0x00000068       0x13 Main.o
 .progmem.data._ZZN10NikType00320restoreOriginalFocusEvE3__c
                0x0000007b        0x8 NikType003.o
 .progmem.data._ZZN10NikType00319focusStackNextFrameEvE3__c
                0x00000083        0x9 NikType003.o
 .progmem.data._ZZN10NikType00316prepareNextFrameEvE3__c_2
                0x0000008c        0x4 NikType003.o
 .progmem.data._ZZN10NikType00316prepareNextFrameEvE3__c_1
                0x00000090        0x7 NikType003.o
 .progmem.data._ZZN10NikType00316prepareNextFrameEvE3__c_0
                0x00000097        0x6 NikType003.o
 .progmem.data._ZZN10NikType00316prepareNextFrameEvE3__c
                0x0000009d        0x6 NikType003.o
 .progmem.data._ZZN10NikType00313captureToCardEvE3__c
                0x000000a3        0x8 NikType003.o
 .progmem.data._ZZN10NikType0037OnEventEPK7NKEventE3__c
                0x000000ab        0x7 NikType003.o
 .progmem.data._ZZN10NikType0034InitEhhbE3__c
                0x000000b2        0xa NikType003.o
 .progmem.data._ZZN20RunFocusStackHandler11reportDelayEmE3__c_1
                0x000000bc        0x9 RunFocusStackHandler.o
 .progmem.data._ZZN20RunFocusStackHandler11reportDelayEmE3__c_0
                0x000000c5        0x5 RunFocusStackHandler.o
 .progmem.data._ZZN20RunFocusStackHandler11reportDelayEmE3__c
                0x000000ca        0x6 RunFocusStackHandler.o
 .progmem.data._ZZN20RunFocusStackHandler11reportFrameEjE3__c
                0x000000d0        0x5 RunFocusStackHandler.o
 .progmem.data._ZZN20RunFocusStackHandler12reportStatusEPK19__FlashStringHelperE3__c_0
                0x000000d5       0x11 RunFocusStackHandler.o
 .progmem.data._ZZN20RunFocusStackHandler12reportStatusEPK19__FlashStringHelperE3__c
                0x000000e6        0x8 RunFocusStackHandler.o
 .progmem.data._ZZN12SetupHandler20updateRestoreFocusUIEiE3__c_1
                0x000000ee        0x3 SetupHandler.o
 .progmem.data._ZZN12SetupHandler20updateRestoreFocusUIEiE3__c_0
                0x000000f1        0x4 SetupHandler.o
 .progmem.data._ZZN12SetupHandler20updateRestoreFocusUIEiE3__c
                0x000000f5        0x4 SetupHandler.o
 .progmem.data._ZZN12SetupHandler18updateFrameDelayUIEiE3__c
                0x000000f9        0x2 SetupHandler.o
 .progmem.data._ZZN12SetupHandler14updateFramesUIEiE3__c
                0x000000fb        0x2 SetupHandler.o
 .progmem.data._ZZN12SetupHandler19updateDriveAmountUIEiE3__c
                0x000000fd        0x2 SetupHandler.o
 .progmem.data.digital_pin_to_timer_PGM
                0x000000ff       0x14 C:\Users\Ketil\Documents\Arduino Template Express\Boards\Uno\Libs\16\libArduinoCore.a(wiring_digital.o)
                0x000000ff                digital_pin_to_timer_PGM
 .progmem.data.digital_pin_to_bit_mask_PGM
                0x00000113       0x14 C:\Users\Ketil\Documents\Arduino Template Express\Boards\Uno\Libs\16\libArduinoCore.a(wiring_digital.o)
                0x00000113                digital_pin_to_bit_mask_PGM
 .progmem.data.digital_pin_to_port_PGM
                0x00000127       0x14 C:\Users\Ketil\Documents\Arduino Template Express\Boards\Uno\Libs\16\libArduinoCore.a(wiring_digital.o)
                0x00000127                digital_pin_to_port_PGM
 .progmem.data.port_to_output_PGM
                0x0000013b        0xa C:\Users\Ketil\Documents\Arduino Template Express\Boards\Uno\Libs\16\libArduinoCore.a(wiring_digital.o)
                0x0000013b                port_to_output_PGM
 .progmem.data.port_to_mode_PGM
                0x00000145        0xa C:\Users\Ketil\Documents\Arduino Template Express\Boards\Uno\Libs\16\libArduinoCore.a(wiring_digital.o)
                0x00000145                port_to_mode_PGM
 .progmem.data._ZZN20MultiByteValueParser5ParseEPPhPjE3__c
                0x0000014f       0x1a ../../libs/USB_Host_Shield_2.0/Release\libusb2Host.a(parsetools.o)
 .progmem.data._ZZN3USB10inTransferEhhPjPhE3__c_4
                0x00000169        0x3 ../../libs/USB_Host_Shield_2.0/Release\libusb2Host.a(Usb.o)
 .progmem.data._ZZN3USB10inTransferEhhPjPhE3__c_3
                0x0000016c       0x20 ../../libs/USB_Host_Shield_2.0/Release\libusb2Host.a(Usb.o)
 .progmem.data._ZZN3USB10inTransferEhhPjPhE3__c_2
                0x0000018c        0x3 ../../libs/USB_Host_Shield_2.0/Release\libusb2Host.a(Usb.o)
 .progmem.data._ZZN3USB10inTransferEhhPjPhE3__c_1
                0x0000018f       0x22 ../../libs/USB_Host_Shield_2.0/Release\libusb2Host.a(Usb.o)
 .progmem.data._ZZN3USB10inTransferEhhPjPhE3__c_0
                0x000001b1        0x3 ../../libs/USB_Host_Shield_2.0/Release\libusb2Host.a(Usb.o)
 .progmem.data._ZZN3USB10inTransferEhhPjPhE3__c
                0x000001b4       0x25 ../../libs/USB_Host_Shield_2.0/Release\libusb2Host.a(Usb.o)
                0x000001da                . = ALIGN (0x2)
 *fill*         0x000001d9        0x1 
 *(.jumptables)
 *(.jumptables*)
 *(.lowtext)
 *(.lowtext*)
                0x000001da                __ctors_start = .
 *(.ctors)
 .ctors         0x000001da        0x2 Main.o
 .ctors         0x000001dc        0x2 Wire.o
 .ctors         0x000001de        0x2 C:\Users\Ketil\Documents\Arduino Template Express\Boards\Uno\Libs\16\libArduinoCore.a(HardwareSerial.o)
                0x000001e0                __ctors_end = .
                0x000001e0                __dtors_start = .
 *(.dtors)
 .dtors         0x000001e0        0x2 Main.o
                0x000001e2                __dtors_end = .
 SORT(*)(.ctors)
 SORT(*)(.dtors)
 *(.init0)
 .init0         0x000001e2        0x0 c:/program files (x86)/atmel/atmel toolchain/avr8 gcc/native/3.4.1056/avr8-gnu-toolchain/bin/../lib/gcc/avr/4.8.1/../../../../avr/lib/avr5/crtm328p.o
                0x000001e2                __init
 *(.init0)
 *(.init1)
 *(.init1)
 *(.init2)
 .init2         0x000001e2        0xc c:/program files (x86)/atmel/atmel toolchain/avr8 gcc/native/3.4.1056/avr8-gnu-toolchain/bin/../lib/gcc/avr/4.8.1/../../../../avr/lib/avr5/crtm328p.o
 *(.init2)
 *(.init3)
 *(.init3)
 *(.init4)
 .init4         0x000001ee       0x16 c:/program files (x86)/atmel/atmel toolchain/avr8 gcc/native/3.4.1056/avr8-gnu-toolchain/bin/../lib/gcc/avr/4.8.1/avr5\libgcc.a(_copy_data.o)
                0x000001ee                __do_copy_data
 .init4         0x00000204       0x10 c:/program files (x86)/atmel/atmel toolchain/avr8 gcc/native/3.4.1056/avr8-gnu-toolchain/bin/../lib/gcc/avr/4.8.1/avr5\libgcc.a(_clear_bss.o)
                0x00000204                __do_clear_bss
 *(.init4)
 *(.init5)
 *(.init5)
 *(.init6)
 .init6         0x00000214       0x16 c:/program files (x86)/atmel/atmel toolchain/avr8 gcc/native/3.4.1056/avr8-gnu-toolchain/bin/../lib/gcc/avr/4.8.1/avr5\libgcc.a(_ctors.o)
                0x00000214                __do_global_ctors
 *(.init6)
 *(.init7)
 *(.init7)
 *(.init8)
 *(.init8)
 *(.init9)
 .init9         0x0000022a        0x8 c:/program files (x86)/atmel/atmel toolchain/avr8 gcc/native/3.4.1056/avr8-gnu-toolchain/bin/../lib/gcc/avr/4.8.1/../../../../avr/lib/avr5/crtm328p.o
 *(.init9)
 *(.text)
 .text          0x00000232        0x2 c:/program files (x86)/atmel/atmel toolchain/avr8 gcc/native/3.4.1056/avr8-gnu-toolchain/bin/../lib/gcc/avr/4.8.1/../../../../avr/lib/avr5/crtm328p.o
                0x00000232                __vector_22
                0x00000232                __vector_1
                0x00000232                __vector_12
                0x00000232                __bad_interrupt
                0x00000232                __vector_6
                0x00000232                __vector_3
                0x00000232                __vector_23
                0x00000232                __vector_25
                0x00000232                __vector_11
                0x00000232                __vector_13
                0x00000232                __vector_17
                0x00000232                __vector_7
                0x00000232                __vector_5
                0x00000232                __vector_4
                0x00000232                __vector_9
                0x00000232                __vector_2
                0x00000232                __vector_21
                0x00000232                __vector_15
                0x00000232                __vector_8
                0x00000232                __vector_14
                0x00000232                __vector_10
                0x00000232                __vector_20
                0x00000234                . = ALIGN (0x2)
 *(.text.*)
 .text._ZL8wiresendh
                0x00000234        0xa Adafruit_MCP23017.o
 .text._ZN17Adafruit_MCP230175beginEh
                0x0000023e       0x56 Adafruit_MCP23017.o
                0x0000023e                _ZN17Adafruit_MCP230175beginEh
 .text._ZN17Adafruit_MCP230175beginEv
                0x00000294        0x4 Adafruit_MCP23017.o
                0x00000294                _ZN17Adafruit_MCP230175beginEv
 .text._ZN17Adafruit_MCP2301711writeGPIOABEj
                0x00000298       0x32 Adafruit_MCP23017.o
                0x00000298                _ZN17Adafruit_MCP2301711writeGPIOABEj
 .text._ZN17Adafruit_MCP230176pullUpEhh
                0x000002ca       0xa6 Adafruit_MCP23017.o
                0x000002ca                _ZN17Adafruit_MCP230176pullUpEhh
 .text._ZN17Adafruit_MCP2301711digitalReadEh
                0x00000370       0x6c Adafruit_MCP23017.o
                0x00000370                _ZN17Adafruit_MCP2301711digitalReadEh
 .text._ZN17Adafruit_MCP2301710readGPIOABEv
                0x000003dc       0x50 Adafruit_MCP23017.o
                0x000003dc                _ZN17Adafruit_MCP2301710readGPIOABEv
 .text._ZN17Adafruit_MCP230177pinModeEhh
                0x0000042c       0xa4 Adafruit_MCP23017.o
                0x0000042c                _ZN17Adafruit_MCP230177pinModeEhh
 .text._ZN17Adafruit_MCP2301712digitalWriteEhh
                0x000004d0       0xca Adafruit_MCP23017.o
                0x000004d0                _ZN17Adafruit_MCP2301712digitalWriteEhh
 .text._ZN21Adafruit_RGBLCDShieldC2Ev
                0x0000059a       0x42 Adafruit_RGBLCDShield.o
                0x0000059a                _ZN21Adafruit_RGBLCDShieldC2Ev
                0x0000059a                _ZN21Adafruit_RGBLCDShieldC1Ev
 .text._ZN21Adafruit_RGBLCDShield13_digitalWriteEhh
                0x000005dc       0x16 Adafruit_RGBLCDShield.o
                0x000005dc                _ZN21Adafruit_RGBLCDShield13_digitalWriteEhh
 .text._ZN21Adafruit_RGBLCDShield12setBacklightEh
                0x000005f2       0x40 Adafruit_RGBLCDShield.o
                0x000005f2                _ZN21Adafruit_RGBLCDShield12setBacklightEh
 .text._ZN21Adafruit_RGBLCDShield8_pinModeEhh
                0x00000632       0x16 Adafruit_RGBLCDShield.o
                0x00000632                _ZN21Adafruit_RGBLCDShield8_pinModeEhh
 .text._ZN21Adafruit_RGBLCDShield11pulseEnableEv
                0x00000648       0x38 Adafruit_RGBLCDShield.o
                0x00000648                _ZN21Adafruit_RGBLCDShield11pulseEnableEv
 .text._ZN21Adafruit_RGBLCDShield10write4bitsEh
                0x00000680      0x14c Adafruit_RGBLCDShield.o
                0x00000680                _ZN21Adafruit_RGBLCDShield10write4bitsEh
 .text._ZN21Adafruit_RGBLCDShield10write8bitsEh
                0x000007cc       0x5e Adafruit_RGBLCDShield.o
                0x000007cc                _ZN21Adafruit_RGBLCDShield10write8bitsEh
 .text._ZN21Adafruit_RGBLCDShield4sendEhh
                0x0000082a       0x48 Adafruit_RGBLCDShield.o
                0x0000082a                _ZN21Adafruit_RGBLCDShield4sendEhh
 .text._ZN21Adafruit_RGBLCDShield7commandEh
                0x00000872        0x4 Adafruit_RGBLCDShield.o
                0x00000872                _ZN21Adafruit_RGBLCDShield7commandEh
 .text._ZN21Adafruit_RGBLCDShield5clearEv
                0x00000876        0xc Adafruit_RGBLCDShield.o
                0x00000876                _ZN21Adafruit_RGBLCDShield5clearEv
 .text._ZN21Adafruit_RGBLCDShield9setCursorEhh
                0x00000882       0x58 Adafruit_RGBLCDShield.o
                0x00000882                _ZN21Adafruit_RGBLCDShield9setCursorEhh
 .text._ZN21Adafruit_RGBLCDShield7displayEv
                0x000008da        0xe Adafruit_RGBLCDShield.o
                0x000008da                _ZN21Adafruit_RGBLCDShield7displayEv
 .text._ZN21Adafruit_RGBLCDShield5beginEhhh
                0x000008e8      0x192 Adafruit_RGBLCDShield.o
                0x000008e8                _ZN21Adafruit_RGBLCDShield5beginEhhh
 .text._ZN21Adafruit_RGBLCDShield8noCursorEv
                0x00000a7a        0xc Adafruit_RGBLCDShield.o
                0x00000a7a                _ZN21Adafruit_RGBLCDShield8noCursorEv
 .text._ZN21Adafruit_RGBLCDShield6cursorEv
                0x00000a86        0xe Adafruit_RGBLCDShield.o
                0x00000a86                _ZN21Adafruit_RGBLCDShield6cursorEv
 .text._ZN21Adafruit_RGBLCDShield5writeEh
                0x00000a94        0xa Adafruit_RGBLCDShield.o
                0x00000a94                _ZN21Adafruit_RGBLCDShield5writeEh
 .text._ZN21Adafruit_RGBLCDShield11readButtonsEv
                0x00000a9e       0x64 Adafruit_RGBLCDShield.o
                0x00000a9e                _ZN21Adafruit_RGBLCDShield11readButtonsEv
 .text._ZN6ButtonC2EP15ReadButtonStatei7MsgCodeb
                0x00000b02       0x3a Button.o
                0x00000b02                _ZN6ButtonC2EP15ReadButtonStatei7MsgCodeb
                0x00000b02                _ZN6ButtonC1EP15ReadButtonStatei7MsgCodeb
 .text._ZN6Button6getMsgEv
                0x00000b3c       0x70 Button.o
                0x00000b3c                _ZN6Button6getMsgEv
 .text.loop     0x00000bac      0x138 Main.o
                0x00000bac                loop
 .text._ZN4TPinI5PortbLh2EE3SetEv
                0x00000ce4        0x4 Main.o
                0x00000ce4                _ZN4TPinI5PortbLh2EE3SetEv
 .text._ZN8MAX3421eI4TPinI5PortbLh2EES0_IS1_Lh1EEE5regRdEh.isra.4
                0x00000ce8       0x18 Main.o
 .text._ZN8MAX3421eI4TPinI5PortbLh2EES0_IS1_Lh1EEE5regWrEhh.isra.5
                0x00000d00       0x16 Main.o
 .text._ZN8MAX3421eI4TPinI5PortbLh2EES0_IS1_Lh1EEE8busprobeEv
                0x00000d16       0x54 Main.o
                0x00000d16                _ZN8MAX3421eI4TPinI5PortbLh2EES0_IS1_Lh1EEE8busprobeEv
 .text._ZN8MAX3421eI4TPinI5PortbLh2EES0_IS1_Lh1EEE4InitEv
                0x00000d6a       0x82 Main.o
                0x00000d6a                _ZN8MAX3421eI4TPinI5PortbLh2EES0_IS1_Lh1EEE4InitEv
 .text.setup    0x00000dec       0xe2 Main.o
                0x00000dec                setup
 .text.startup._GLOBAL__sub_I_g_pump
                0x00000ece       0xce Main.o
 .text.exit._GLOBAL__sub_D_g_pump
                0x00000f9c       0x18 Main.o
 .text._ZN15MainMenuHandler14processMessageER3Msg
                0x00000fb4       0x86 MainMenu.o
                0x00000fb4                _ZN15MainMenuHandler14processMessageER3Msg
 .text._ZN15MainMenuHandlerC2EP11MessagePump
                0x0000103a       0x26 MainMenu.o
                0x0000103a                _ZN15MainMenuHandlerC1EP11MessagePump
                0x0000103a                _ZN15MainMenuHandlerC2EP11MessagePump
 .text._ZN15MainMenuHandlerD2Ev
                0x00001060        0xc MainMenu.o
                0x00001060                _ZN15MainMenuHandlerD2Ev
                0x00001060                _ZN15MainMenuHandlerD1Ev
 .text._ZN15MainMenuHandler4showEv
                0x0000106c       0x2a MainMenu.o
                0x0000106c                _ZN15MainMenuHandler4showEv
 .text._ZN15IMessageHandler4showEv
                0x00001096       0xb0 MessageHandler.o
                0x00001096                _ZN15IMessageHandler4showEv
 .text._ZN15IMessageHandlerC2EP11MessagePump
                0x00001146       0x20 MessageHandler.o
                0x00001146                _ZN15IMessageHandlerC2EP11MessagePump
                0x00001146                _ZN15IMessageHandlerC1EP11MessagePump
 .text._ZN15IMessageHandler13printMenuItemEhh
                0x00001166       0x3a MessageHandler.o
                0x00001166                _ZN15IMessageHandler13printMenuItemEhh
 .text._ZN15IMessageHandler9showCaretEb
                0x000011a0       0x28 MessageHandler.o
                0x000011a0                _ZN15IMessageHandler9showCaretEb
 .text._ZN15IMessageHandler9moveCaretEhh
                0x000011c8       0x34 MessageHandler.o
                0x000011c8                _ZN15IMessageHandler9moveCaretEhh
 .text._ZN11MessagePumpC2EP15IMessageHandler
                0x000011fc        0x8 MessagePump.o
                0x000011fc                _ZN11MessagePumpC1EP15IMessageHandler
                0x000011fc                _ZN11MessagePumpC2EP15IMessageHandler
 .text._ZN11MessagePump14setNextHandlerEP15IMessageHandler
                0x00001204       0x16 MessagePump.o
                0x00001204                _ZN11MessagePump14setNextHandlerEP15IMessageHandler
 .text._ZN11MessagePump8dispatchER3Msg
                0x0000121a       0x56 MessagePump.o
                0x0000121a                _ZN11MessagePump8dispatchER3Msg
 .text._ZN15USBDeviceConfig15ConfigureDeviceEhhb
                0x00001270        0x4 NikType003.o
                0x00001270                _ZN15USBDeviceConfig15ConfigureDeviceEhhb
 .text._ZN15USBDeviceConfig12ResetHubPortEh
                0x00001274        0x2 NikType003.o
                0x00001274                _ZN15USBDeviceConfig12ResetHubPortEh
 .text._ZN15USBDeviceConfig8VIDPIDOKEjj
                0x00001276        0x4 NikType003.o
                0x00001276                _ZN15USBDeviceConfig8VIDPIDOKEjj
 .text._ZN15USBDeviceConfig10DEVCLASSOKEh
                0x0000127a        0x4 NikType003.o
                0x0000127a                _ZN15USBDeviceConfig10DEVCLASSOKEh
 .text._ZN3PTP10GetAddressEv
                0x0000127e        0x6 NikType003.o
                0x0000127e                _ZN3PTP10GetAddressEv
 .text._ZN10NikType00310EventCheckEP13PTPReadParser
                0x00001284       0x3c NikType003.o
                0x00001284                _ZN10NikType00310EventCheckEP13PTPReadParser
 .text._ZN10NikType003C2EP3USBP16PTPStateHandlers
                0x000012c0       0x60 NikType003.o
                0x000012c0                _ZN10NikType003C2EP3USBP16PTPStateHandlers
                0x000012c0                _ZN10NikType003C1EP3USBP16PTPStateHandlers
 .text._ZN10NikType00312waitForReadyEj
                0x00001320       0xb6 NikType003.o
                0x00001320                _ZN10NikType00312waitForReadyEj
 .text._ZN10NikType00314enableLiveViewEb
                0x000013d6       0x3c NikType003.o
                0x000013d6                _ZN10NikType00314enableLiveViewEb
 .text._ZN10NikType00313captureToCardEv
                0x00001412       0xb4 NikType003.o
                0x00001412                _ZN10NikType00313captureToCardEv
 .text._ZN10NikType0039moveFocusEmm
                0x000014c6       0x62 NikType003.o
                0x000014c6                _ZN10NikType0039moveFocusEmm
 .text._ZN10NikType00315startFocusStackEv
                0x00001528       0x80 NikType003.o
                0x00001528                _ZN10NikType00315startFocusStackEv
 .text._ZN10NikType00316prepareNextFrameEv
                0x000015a8      0x11c NikType003.o
                0x000015a8                _ZN10NikType00316prepareNextFrameEv
 .text._ZN10NikType00316cancelFocusStackEv
                0x000016c4        0xe NikType003.o
                0x000016c4                _ZN10NikType00316cancelFocusStackEv
 .text._ZN10NikType00320restoreOriginalFocusEv
                0x000016d2       0x8c NikType003.o
                0x000016d2                _ZN10NikType00320restoreOriginalFocusEv
 .text._ZN10NikType00319focusStackNextFrameEv
                0x0000175e       0x82 NikType003.o
                0x0000175e                _ZN10NikType00319focusStackNextFrameEv
 .text._ZN10NikType0037OnEventEPK7NKEvent
                0x000017e0       0x42 NikType003.o
                0x000017e0                _ZN10NikType0037OnEventEPK7NKEvent
 .text._ZN10NikType00314setIsConnectedEb
                0x00001822        0xc NikType003.o
                0x00001822                _ZN10NikType00314setIsConnectedEb
 .text._ZNK10NikType00311isConnectedEv
                0x0000182e        0x8 NikType003.o
                0x0000182e                _ZNK10NikType00311isConnectedEv
 .text._ZNK10NikType00319isCaptureInProgressEv
                0x00001836        0xc NikType003.o
                0x00001836                _ZNK10NikType00319isCaptureInProgressEv
 .text._ZNK10NikType00318isFocusStackActiveEv
                0x00001842        0xc NikType003.o
                0x00001842                _ZNK10NikType00318isFocusStackActiveEv
 .text._ZNK10NikType00318isNextFrameFocusedEv
                0x0000184e        0xc NikType003.o
                0x0000184e                _ZNK10NikType00318isNextFrameFocusedEv
 .text._ZNK10NikType00323getTimeLastCaptureStartEv
                0x0000185a        0xc NikType003.o
                0x0000185a                _ZNK10NikType00323getTimeLastCaptureStartEv
 .text._ZN10NikType0034InitEhhb
                0x00001866      0x122 NikType003.o
                0x00001866                _ZN10NikType0034InitEhhb
 .text._ZN10NikType0034PollEv
                0x00001988       0xdc NikType003.o
                0x00001988                _ZN10NikType0034PollEv
 .text._ZThn26_N10NikType0037OnEventEPK7NKEvent
                0x00001a64        0x4 NikType003.o
                0x00001a64                _ZThn26_N10NikType0037OnEventEPK7NKEvent
 .text._ZN22NikType003StateHandler25OnDeviceDisconnectedStateEP3PTP
                0x00001a68       0x22 NikType003State.o
                0x00001a68                _ZN22NikType003StateHandler25OnDeviceDisconnectedStateEP3PTP
 .text._ZN22NikType003StateHandler24OnDeviceInitializedStateEP3PTP
                0x00001a8a       0x22 NikType003State.o
                0x00001a8a                _ZN22NikType003StateHandler24OnDeviceInitializedStateEP3PTP
 .text._ZN22NikType003StateHandlerC2Ev
                0x00001aac        0xe NikType003State.o
                0x00001aac                _ZN22NikType003StateHandlerC1Ev
                0x00001aac                _ZN22NikType003StateHandlerC2Ev
 .text._ZN15ReadButtonStateD2Ev
                0x00001aba        0xc ReadAdaFruitLcdButtonState.o
                0x00001aba                _ZN15ReadButtonStateD1Ev
                0x00001aba                _ZN15ReadButtonStateD2Ev
 .text._ZN26ReadAdaFruitLcdButtonStateD2Ev
                0x00001ac6        0xc ReadAdaFruitLcdButtonState.o
                0x00001ac6                _ZN26ReadAdaFruitLcdButtonStateD1Ev
                0x00001ac6                _ZN26ReadAdaFruitLcdButtonStateD2Ev
 .text._ZN26ReadAdaFruitLcdButtonState10setPinModeEhh
                0x00001ad2        0x2 ReadAdaFruitLcdButtonState.o
                0x00001ad2                _ZN26ReadAdaFruitLcdButtonState10setPinModeEhh
 .text._ZN15ReadButtonStateD0Ev
                0x00001ad4        0xe ReadAdaFruitLcdButtonState.o
                0x00001ad4                _ZN15ReadButtonStateD0Ev
 .text._ZN26ReadAdaFruitLcdButtonStateD0Ev
                0x00001ae2        0xe ReadAdaFruitLcdButtonState.o
                0x00001ae2                _ZN26ReadAdaFruitLcdButtonStateD0Ev
 .text._ZN26ReadAdaFruitLcdButtonState9isPressedEh
                0x00001af0       0x28 ReadAdaFruitLcdButtonState.o
                0x00001af0                _ZN26ReadAdaFruitLcdButtonState9isPressedEh
 .text._ZN26ReadAdaFruitLcdButtonStateC2EP21Adafruit_RGBLCDShield
                0x00001b18       0x10 ReadAdaFruitLcdButtonState.o
                0x00001b18                _ZN26ReadAdaFruitLcdButtonStateC2EP21Adafruit_RGBLCDShield
                0x00001b18                _ZN26ReadAdaFruitLcdButtonStateC1EP21Adafruit_RGBLCDShield
 .text._ZN20RunFocusStackHandler4showEv
                0x00001b28       0x42 RunFocusStackHandler.o
                0x00001b28                _ZN20RunFocusStackHandler4showEv
 .text._ZN20RunFocusStackHandler14processMessageER3Msg
                0x00001b6a       0x2c RunFocusStackHandler.o
                0x00001b6a                _ZN20RunFocusStackHandler14processMessageER3Msg
 .text._ZN20RunFocusStackHandlerC2EP11MessagePump
                0x00001b96       0x1e RunFocusStackHandler.o
                0x00001b96                _ZN20RunFocusStackHandlerC2EP11MessagePump
                0x00001b96                _ZN20RunFocusStackHandlerC1EP11MessagePump
 .text._ZN20RunFocusStackHandlerD2Ev
                0x00001bb4        0xc RunFocusStackHandler.o
                0x00001bb4                _ZN20RunFocusStackHandlerD1Ev
                0x00001bb4                _ZN20RunFocusStackHandlerD2Ev
 .text._ZN20RunFocusStackHandler12reportStatusEPK19__FlashStringHelper
                0x00001bc0       0x68 RunFocusStackHandler.o
                0x00001bc0                _ZN20RunFocusStackHandler12reportStatusEPK19__FlashStringHelper
 .text._ZN20RunFocusStackHandler11reportFrameEj
                0x00001c28       0x4c RunFocusStackHandler.o
                0x00001c28                _ZN20RunFocusStackHandler11reportFrameEj
 .text._ZN20RunFocusStackHandler11reportDelayEm
                0x00001c74      0x190 RunFocusStackHandler.o
                0x00001c74                _ZN20RunFocusStackHandler11reportDelayEm
 .text._ZN20RunFocusStackHandler19resetLastUpdateTimeEm
                0x00001e04        0xc RunFocusStackHandler.o
                0x00001e04                _ZN20RunFocusStackHandler19resetLastUpdateTimeEm
 .text._ZN12SetupHandlerC2EP11MessagePumpmm
                0x00001e10       0x96 SetupHandler.o
                0x00001e10                _ZN12SetupHandlerC1EP11MessagePumpmm
                0x00001e10                _ZN12SetupHandlerC2EP11MessagePumpmm
 .text._ZN12SetupHandlerD2Ev
                0x00001ea6        0xc SetupHandler.o
                0x00001ea6                _ZN12SetupHandlerD1Ev
                0x00001ea6                _ZN12SetupHandlerD2Ev
 .text._ZN12SetupHandler12advanceCaretEh
                0x00001eb2       0x5a SetupHandler.o
                0x00001eb2                _ZN12SetupHandler12advanceCaretEh
 .text._ZN12SetupHandler19updateDriveAmountUIEi
                0x00001f0c      0x102 SetupHandler.o
                0x00001f0c                _ZN12SetupHandler19updateDriveAmountUIEi
 .text._ZN12SetupHandler14updateFramesUIEi
                0x0000200e      0x102 SetupHandler.o
                0x0000200e                _ZN12SetupHandler14updateFramesUIEi
 .text._ZN12SetupHandler18updateFrameDelayUIEi
                0x00002110      0x108 SetupHandler.o
                0x00002110                _ZN12SetupHandler18updateFrameDelayUIEi
 .text._ZN12SetupHandler20updateRestoreFocusUIEi
                0x00002218       0x78 SetupHandler.o
                0x00002218                _ZN12SetupHandler20updateRestoreFocusUIEi
 .text._ZN12SetupHandler14processMessageER3Msg
                0x00002290      0x1ea SetupHandler.o
                0x00002290                _ZN12SetupHandler14processMessageER3Msg
 .text._ZN12SetupHandler4showEv
                0x0000247a       0x70 SetupHandler.o
                0x0000247a                _ZN12SetupHandler4showEv
 .text.twi_init
                0x000024ea       0x3c twi.o
                0x000024ea                twi_init
 .text.twi_readFrom
                0x00002526       0x88 twi.o
                0x00002526                twi_readFrom
 .text.twi_writeTo
                0x000025ae       0xa6 twi.o
                0x000025ae                twi_writeTo
 .text.twi_transmit
                0x00002654       0x32 twi.o
                0x00002654                twi_transmit
 .text.twi_stop
                0x00002686       0x14 twi.o
                0x00002686                twi_stop
 .text.twi_releaseBus
                0x0000269a        0xc twi.o
                0x0000269a                twi_releaseBus
 .text.__vector_24
                0x000026a6      0x254 twi.o
                0x000026a6                __vector_24
 .text._ZN7TwoWire9availableEv
                0x000028fa       0x10 Wire.o
                0x000028fa                _ZN7TwoWire9availableEv
 .text._ZN7TwoWire4readEv
                0x0000290a       0x26 Wire.o
                0x0000290a                _ZN7TwoWire4readEv
 .text._ZN7TwoWire4peekEv
                0x00002930       0x1e Wire.o
                0x00002930                _ZN7TwoWire4peekEv
 .text._ZN7TwoWire5flushEv
                0x0000294e        0x2 Wire.o
                0x0000294e                _ZN7TwoWire5flushEv
 .text._ZN7TwoWire5writeEPKhj
                0x00002950       0x58 Wire.o
                0x00002950                _ZN7TwoWire5writeEPKhj
 .text._ZN7TwoWire5writeEh
                0x000029a8       0x5c Wire.o
                0x000029a8                _ZN7TwoWire5writeEh
 .text._ZN7TwoWireC2Ev
                0x00002a04       0x20 Wire.o
                0x00002a04                _ZN7TwoWireC1Ev
                0x00002a04                _ZN7TwoWireC2Ev
 .text._ZN7TwoWire5beginEv
                0x00002a24       0x12 Wire.o
                0x00002a24                _ZN7TwoWire5beginEv
 .text._ZN7TwoWire11requestFromEhhh
                0x00002a36       0x18 Wire.o
                0x00002a36                _ZN7TwoWire11requestFromEhhh
 .text._ZN7TwoWire11requestFromEii
                0x00002a4e        0x4 Wire.o
                0x00002a4e                _ZN7TwoWire11requestFromEii
 .text._ZN7TwoWire17beginTransmissionEh
                0x00002a52       0x14 Wire.o
                0x00002a52                _ZN7TwoWire17beginTransmissionEh
 .text._ZN7TwoWire17beginTransmissionEi
                0x00002a66        0x2 Wire.o
                0x00002a66                _ZN7TwoWire17beginTransmissionEi
 .text._ZN7TwoWire15endTransmissionEh
                0x00002a68       0x24 Wire.o
                0x00002a68                _ZN7TwoWire15endTransmissionEh
 .text._ZN7TwoWire15endTransmissionEv
                0x00002a8c        0x4 Wire.o
                0x00002a8c                _ZN7TwoWire15endTransmissionEv
 .text.startup._GLOBAL__sub_I__ZN7TwoWire8rxBufferE
                0x00002a90        0x6 Wire.o
 .text.avr-libc.fplib
                0x00002a96        0xa c:/program files (x86)/atmel/atmel toolchain/avr8 gcc/native/3.4.1056/avr8-gnu-toolchain/bin/../lib/gcc/avr/4.8.1/../../../../avr/lib/avr5\libm.a(addsf3.o)
                0x00002a96                __subsf3
                0x00002a98                __addsf3
 .text.avr-libc.fplib
                0x00002aa0       0xc0 c:/program files (x86)/atmel/atmel toolchain/avr8 gcc/native/3.4.1056/avr8-gnu-toolchain/bin/../lib/gcc/avr/4.8.1/../../../../avr/lib/avr5\libm.a(addsf3x.o)
                0x00002aba                __addsf3x
 .text.avr-libc.fplib
                0x00002b60        0x4 c:/program files (x86)/atmel/atmel toolchain/avr8 gcc/native/3.4.1056/avr8-gnu-toolchain/bin/../lib/gcc/avr/4.8.1/../../../../avr/lib/avr5\libm.a(divsf3.o)
                0x00002b60                __divsf3
 .text.avr-libc.fplib
                0x00002b64       0xcc c:/program files (x86)/atmel/atmel toolchain/avr8 gcc/native/3.4.1056/avr8-gnu-toolchain/bin/../lib/gcc/avr/4.8.1/../../../../avr/lib/avr5\libm.a(divsf3x.o)
                0x00002b7a                __divsf3x
                0x00002b7e                __divsf3_pse
 .text.avr-libc.fplib
                0x00002c30       0x58 c:/program files (x86)/atmel/atmel toolchain/avr8 gcc/native/3.4.1056/avr8-gnu-toolchain/bin/../lib/gcc/avr/4.8.1/../../../../avr/lib/avr5\libm.a(fixunssfsi.o)
                0x00002c30                __fixunssfsi
 .text.avr-libc.fplib
                0x00002c88       0x7a c:/program files (x86)/atmel/atmel toolchain/avr8 gcc/native/3.4.1056/avr8-gnu-toolchain/bin/../lib/gcc/avr/4.8.1/../../../../avr/lib/avr5\libm.a(floatsisf.o)
                0x00002c88                __floatunsisf
                0x00002c8c                __floatsisf
 .text.avr-libc.fplib
                0x00002d02        0xc c:/program files (x86)/atmel/atmel toolchain/avr8 gcc/native/3.4.1056/avr8-gnu-toolchain/bin/../lib/gcc/avr/4.8.1/../../../../avr/lib/avr5\libm.a(fp_inf.o)
                0x00002d02                __fp_inf
 .text.avr-libc.fplib
                0x00002d0e        0x6 c:/program files (x86)/atmel/atmel toolchain/avr8 gcc/native/3.4.1056/avr8-gnu-toolchain/bin/../lib/gcc/avr/4.8.1/../../../../avr/lib/avr5\libm.a(fp_nan.o)
                0x00002d0e                __fp_nan
 .text.avr-libc.fplib
                0x00002d14        0xe c:/program files (x86)/atmel/atmel toolchain/avr8 gcc/native/3.4.1056/avr8-gnu-toolchain/bin/../lib/gcc/avr/4.8.1/../../../../avr/lib/avr5\libm.a(fp_pscA.o)
                0x00002d14                __fp_pscA
 .text.avr-libc.fplib
                0x00002d22        0xe c:/program files (x86)/atmel/atmel toolchain/avr8 gcc/native/3.4.1056/avr8-gnu-toolchain/bin/../lib/gcc/avr/4.8.1/../../../../avr/lib/avr5\libm.a(fp_pscB.o)
                0x00002d22                __fp_pscB
 .text.avr-libc.fplib
                0x00002d30       0x22 c:/program files (x86)/atmel/atmel toolchain/avr8 gcc/native/3.4.1056/avr8-gnu-toolchain/bin/../lib/gcc/avr/4.8.1/../../../../avr/lib/avr5\libm.a(fp_round.o)
                0x00002d30                __fp_round
 .text.avr-libc.fplib
                0x00002d52       0x44 c:/program files (x86)/atmel/atmel toolchain/avr8 gcc/native/3.4.1056/avr8-gnu-toolchain/bin/../lib/gcc/avr/4.8.1/../../../../avr/lib/avr5\libm.a(fp_split3.o)
                0x00002d52                __fp_split3
                0x00002d62                __fp_splitA
 .text.avr-libc.fplib
                0x00002d96        0xe c:/program files (x86)/atmel/atmel toolchain/avr8 gcc/native/3.4.1056/avr8-gnu-toolchain/bin/../lib/gcc/avr/4.8.1/../../../../avr/lib/avr5\libm.a(fp_zero.o)
                0x00002d96                __fp_zero
                0x00002d98                __fp_szero
 .text._ZN14HardwareSerial9availableEv
                0x00002da4       0x26 C:\Users\Ketil\Documents\Arduino Template Express\Boards\Uno\Libs\16\libArduinoCore.a(HardwareSerial.o)
                0x00002da4                _ZN14HardwareSerial9availableEv
 .text._ZN14HardwareSerial4peekEv
                0x00002dca       0x38 C:\Users\Ketil\Documents\Arduino Template Express\Boards\Uno\Libs\16\libArduinoCore.a(HardwareSerial.o)
                0x00002dca                _ZN14HardwareSerial4peekEv
 .text._ZN14HardwareSerial4readEv
                0x00002e02       0x48 C:\Users\Ketil\Documents\Arduino Template Express\Boards\Uno\Libs\16\libArduinoCore.a(HardwareSerial.o)
                0x00002e02                _ZN14HardwareSerial4readEv
 .text._ZN14HardwareSerial5flushEv
                0x00002e4a       0x16 C:\Users\Ketil\Documents\Arduino Template Express\Boards\Uno\Libs\16\libArduinoCore.a(HardwareSerial.o)
                0x00002e4a                _ZN14HardwareSerial5flushEv
 .text._ZN14HardwareSerial5writeEh
                0x00002e60       0x7a C:\Users\Ketil\Documents\Arduino Template Express\Boards\Uno\Libs\16\libArduinoCore.a(HardwareSerial.o)
                0x00002e60                _ZN14HardwareSerial5writeEh
 .text._Z11serialEventv
                0x00002eda        0x2 C:\Users\Ketil\Documents\Arduino Template Express\Boards\Uno\Libs\16\libArduinoCore.a(HardwareSerial.o)
                0x00002eda                _Z11serialEventv
 .text.__vector_18
                0x00002edc       0x74 C:\Users\Ketil\Documents\Arduino Template Express\Boards\Uno\Libs\16\libArduinoCore.a(HardwareSerial.o)
                0x00002edc                __vector_18
 .text._Z14serialEventRunv
                0x00002f50        0xe C:\Users\Ketil\Documents\Arduino Template Express\Boards\Uno\Libs\16\libArduinoCore.a(HardwareSerial.o)
                0x00002f50                _Z14serialEventRunv
 .text.__vector_19
                0x00002f5e       0x76 C:\Users\Ketil\Documents\Arduino Template Express\Boards\Uno\Libs\16\libArduinoCore.a(HardwareSerial.o)
                0x00002f5e                __vector_19
 .text._ZN14HardwareSerial5beginEm
                0x00002fd4      0x102 C:\Users\Ketil\Documents\Arduino Template Express\Boards\Uno\Libs\16\libArduinoCore.a(HardwareSerial.o)
                0x00002fd4                _ZN14HardwareSerial5beginEm
 .text.startup._GLOBAL__sub_I_rx_buffer
                0x000030d6       0xac C:\Users\Ketil\Documents\Arduino Template Express\Boards\Uno\Libs\16\libArduinoCore.a(HardwareSerial.o)
 .text.startup.main
                0x00003182       0x16 C:\Users\Ketil\Documents\Arduino Template Express\Boards\Uno\Libs\16\libArduinoCore.a(main.o)
                0x00003182                main
 .text._ZdlPv   0x00003198        0x2 C:\Users\Ketil\Documents\Arduino Template Express\Boards\Uno\Libs\16\libArduinoCore.a(new.o)
                0x00003198                _ZdlPv
 .text.__cxa_pure_virtual
                0x0000319a        0x2 C:\Users\Ketil\Documents\Arduino Template Express\Boards\Uno\Libs\16\libArduinoCore.a(new.o)
                0x0000319a                __cxa_pure_virtual
 .text._ZN5Print5writeEPKhj
                0x0000319c       0x50 C:\Users\Ketil\Documents\Arduino Template Express\Boards\Uno\Libs\16\libArduinoCore.a(Print.o)
                0x0000319c                _ZN5Print5writeEPKhj
 .text._ZN5Print5writeEPKc
                0x000031ec       0x2c C:\Users\Ketil\Documents\Arduino Template Express\Boards\Uno\Libs\16\libArduinoCore.a(Print.o)
                0x000031ec                _ZN5Print5writeEPKc
 .text._ZN5Print5printEPK19__FlashStringHelper
                0x00003218       0x42 C:\Users\Ketil\Documents\Arduino Template Express\Boards\Uno\Libs\16\libArduinoCore.a(Print.o)
                0x00003218                _ZN5Print5printEPK19__FlashStringHelper
 .text._ZN5Print5printEPKc
                0x0000325a        0x2 C:\Users\Ketil\Documents\Arduino Template Express\Boards\Uno\Libs\16\libArduinoCore.a(Print.o)
                0x0000325a                _ZN5Print5printEPKc
 .text._ZN5Print5printEc
                0x0000325c        0xe C:\Users\Ketil\Documents\Arduino Template Express\Boards\Uno\Libs\16\libArduinoCore.a(Print.o)
                0x0000325c                _ZN5Print5printEc
 .text._ZN5Print7printlnEv
                0x0000326a       0x28 C:\Users\Ketil\Documents\Arduino Template Express\Boards\Uno\Libs\16\libArduinoCore.a(Print.o)
                0x0000326a                _ZN5Print7printlnEv
 .text._ZN5Print7printlnEPKc
                0x00003292       0x24 C:\Users\Ketil\Documents\Arduino Template Express\Boards\Uno\Libs\16\libArduinoCore.a(Print.o)
                0x00003292                _ZN5Print7printlnEPKc
 .text._ZN5Print11printNumberEmh
                0x000032b6       0xb6 C:\Users\Ketil\Documents\Arduino Template Express\Boards\Uno\Libs\16\libArduinoCore.a(Print.o)
                0x000032b6                _ZN5Print11printNumberEmh
 .text._ZN5Print5printEmi
                0x0000336c       0x18 C:\Users\Ketil\Documents\Arduino Template Express\Boards\Uno\Libs\16\libArduinoCore.a(Print.o)
                0x0000336c                _ZN5Print5printEmi
 .text._ZN5Print5printEji
                0x00003384        0xa C:\Users\Ketil\Documents\Arduino Template Express\Boards\Uno\Libs\16\libArduinoCore.a(Print.o)
                0x00003384                _ZN5Print5printEji
 .text._ZN5Print7printlnEhi
                0x0000338e       0x2e C:\Users\Ketil\Documents\Arduino Template Express\Boards\Uno\Libs\16\libArduinoCore.a(Print.o)
                0x0000338e                _ZN5Print7printlnEhi
 .text._ZN5Print5printEli
                0x000033bc       0x90 C:\Users\Ketil\Documents\Arduino Template Express\Boards\Uno\Libs\16\libArduinoCore.a(Print.o)
                0x000033bc                _ZN5Print5printEli
 .text.__vector_16
                0x0000344c       0x94 C:\Users\Ketil\Documents\Arduino Template Express\Boards\Uno\Libs\16\libArduinoCore.a(wiring.o)
                0x0000344c                __vector_16
 .text.millis   0x000034e0       0x24 C:\Users\Ketil\Documents\Arduino Template Express\Boards\Uno\Libs\16\libArduinoCore.a(wiring.o)
                0x000034e0                millis
 .text.micros   0x00003504       0x54 C:\Users\Ketil\Documents\Arduino Template Express\Boards\Uno\Libs\16\libArduinoCore.a(wiring.o)
                0x00003504                micros
 .text.delay    0x00003558       0x48 C:\Users\Ketil\Documents\Arduino Template Express\Boards\Uno\Libs\16\libArduinoCore.a(wiring.o)
                0x00003558                delay
 .text.delayMicroseconds
                0x000035a0       0x14 C:\Users\Ketil\Documents\Arduino Template Express\Boards\Uno\Libs\16\libArduinoCore.a(wiring.o)
                0x000035a0                delayMicroseconds
 .text.init     0x000035b4       0x76 C:\Users\Ketil\Documents\Arduino Template Express\Boards\Uno\Libs\16\libArduinoCore.a(wiring.o)
                0x000035b4                init
 .text.turnOffPWM
                0x0000362a       0x54 C:\Users\Ketil\Documents\Arduino Template Express\Boards\Uno\Libs\16\libArduinoCore.a(wiring_digital.o)
 .text.pinMode  0x0000367e       0x70 C:\Users\Ketil\Documents\Arduino Template Express\Boards\Uno\Libs\16\libArduinoCore.a(wiring_digital.o)
                0x0000367e                pinMode
 .text.digitalWrite
                0x000036ee       0x6c C:\Users\Ketil\Documents\Arduino Template Express\Boards\Uno\Libs\16\libArduinoCore.a(wiring_digital.o)
                0x000036ee                digitalWrite
 .text.free     0x0000375a      0x13e C:\Users\Ketil\Documents\Arduino Template Express\Boards\Uno\Libs\16\libArduinoCore.a(malloc.o)
                0x0000375a                free
 .text._ZN13NKEventParser5ParseEjPKhRKm
                0x00003898      0x11c ../../libs/PTP_2.0/Release\libptp2.a(nkeventparser.o)
                0x00003898                _ZN13NKEventParser5ParseEjPKhRKm
 .text._ZN16PTPStateHandlers20OnSessionOpenedStateEP3PTP
                0x000039b4        0x8 ../../libs/PTP_2.0/Release\libptp2.a(ptp.o)
                0x000039b4                _ZN16PTPStateHandlers20OnSessionOpenedStateEP3PTP
 .text._ZN16PTPStateHandlers26OnDeviceNotRespondingStateEP3PTP
                0x000039bc        0x2 ../../libs/PTP_2.0/Release\libptp2.a(ptp.o)
                0x000039bc                _ZN16PTPStateHandlers26OnDeviceNotRespondingStateEP3PTP
 .text._ZN16PTPStateHandlers17OnDeviceBusyStateEP3PTP
                0x000039be        0x2 ../../libs/PTP_2.0/Release\libptp2.a(ptp.o)
                0x000039be                _ZN16PTPStateHandlers17OnDeviceBusyStateEP3PTP
 .text._ZN3PTP7ReleaseEv
                0x000039c0       0x48 ../../libs/PTP_2.0/Release\libptp2.a(ptp.o)
                0x000039c0                _ZN3PTP7ReleaseEv
 .text._ZN3PTP10EventCheckEP13PTPReadParser
                0x00003a08       0x78 ../../libs/PTP_2.0/Release\libptp2.a(ptp.o)
                0x00003a08                _ZN3PTP10EventCheckEP13PTPReadParser
 .text._ZN3PTPC2EP3USBP16PTPStateHandlers
                0x00003a80       0x7e ../../libs/PTP_2.0/Release\libptp2.a(ptp.o)
                0x00003a80                _ZN3PTPC2EP3USBP16PTPStateHandlers
                0x00003a80                _ZN3PTPC1EP3USBP16PTPStateHandlers
 .text._ZN3PTP13FillEPRecordsEP23USB_ENDPOINT_DESCRIPTOR
                0x00003afe       0x90 ../../libs/PTP_2.0/Release\libptp2.a(ptp.o)
                0x00003afe                _ZN3PTP13FillEPRecordsEP23USB_ENDPOINT_DESCRIPTOR
 .text._ZN3PTP4InitEhhb
                0x00003b8e      0x2a2 ../../libs/PTP_2.0/Release\libptp2.a(ptp.o)
                0x00003b8e                _ZN3PTP4InitEhhb
 .text._ZN3PTP4TaskEv
                0x00003e30       0x9c ../../libs/PTP_2.0/Release\libptp2.a(ptp.o)
                0x00003e30                _ZN3PTP4TaskEv
 .text._ZN3PTP4PollEv
                0x00003ecc        0xc ../../libs/PTP_2.0/Release\libptp2.a(ptp.o)
                0x00003ecc                _ZN3PTP4PollEv
 .text._ZN3PTP11TransactionEjPNS_9OperFlagsEPmPv
                0x00003ed8      0x582 ../../libs/PTP_2.0/Release\libptp2.a(ptp.o)
                0x00003ed8                _ZN3PTP11TransactionEjPNS_9OperFlagsEPmPv
 .text._ZN3PTP12CloseSessionEv
                0x0000445a       0x54 ../../libs/PTP_2.0/Release\libptp2.a(ptp.o)
                0x0000445a                _ZN3PTP12CloseSessionEv
 .text._ZN3PTP11OpenSessionEv
                0x000044ae       0x88 ../../libs/PTP_2.0/Release\libptp2.a(ptp.o)
                0x000044ae                _ZN3PTP11OpenSessionEv
 .text._ZN16PTPStateHandlers23OnSessionNotOpenedStateEP3PTP
                0x00004536       0x1a ../../libs/PTP_2.0/Release\libptp2.a(ptp.o)
                0x00004536                _ZN16PTPStateHandlers23OnSessionNotOpenedStateEP3PTP
 .text._ZN3PTP9OperationEjhPm
                0x00004550       0x30 ../../libs/PTP_2.0/Release\libptp2.a(ptp.o)
                0x00004550                _ZN3PTP9OperationEjhPm
 .text._ZN20MultiByteValueParser5ParseEPPhPj
                0x00004580       0x7a ../../libs/USB_Host_Shield_2.0/Release\libusb2Host.a(parsetools.o)
                0x00004580                _ZN20MultiByteValueParser5ParseEPPhPj
 .text._ZN3USBC2Ev
                0x000045fa       0x64 ../../libs/USB_Host_Shield_2.0/Release\libusb2Host.a(Usb.o)
                0x000045fa                _ZN3USBC2Ev
                0x000045fa                _ZN3USBC1Ev
 .text._ZN15AddressPoolImplILh16EE16FindAddressIndexEh
                0x0000465e       0x24 ../../libs/USB_Host_Shield_2.0/Release\libusb2Host.a(Usb.o)
                0x0000465e                _ZN15AddressPoolImplILh16EE16FindAddressIndexEh
 .text._ZN15AddressPoolImplILh16EE12AllocAddressEhbh
                0x00004682       0xe6 ../../libs/USB_Host_Shield_2.0/Release\libusb2Host.a(Usb.o)
                0x00004682                _ZN15AddressPoolImplILh16EE12AllocAddressEhbh
 .text._ZN15AddressPoolImplILh16EE15GetUsbDevicePtrEh
                0x00004768       0x2c ../../libs/USB_Host_Shield_2.0/Release\libusb2Host.a(Usb.o)
                0x00004768                _ZN15AddressPoolImplILh16EE15GetUsbDevicePtrEh
 .text._ZN3USB14getEpInfoEntryEhh
                0x00004794       0x46 ../../libs/USB_Host_Shield_2.0/Release\libusb2Host.a(Usb.o)
                0x00004794                _ZN3USB14getEpInfoEntryEhh
 .text._ZN3USB14setEpInfoEntryEhhP6EpInfo
                0x000047da       0x46 ../../libs/USB_Host_Shield_2.0/Release\libusb2Host.a(Usb.o)
                0x000047da                _ZN3USB14setEpInfoEntryEhhP6EpInfo
 .text._ZN4TPinI5PortbLh2EE5ClearEv
                0x00004820        0x4 ../../libs/USB_Host_Shield_2.0/Release\libusb2Host.a(Usb.o)
                0x00004820                _ZN4TPinI5PortbLh2EE5ClearEv
 .text._ZN8MAX3421eI4TPinI5PortbLh2EES0_IS1_Lh1EEE5regRdEh.isra.2
                0x00004824       0x2e ../../libs/USB_Host_Shield_2.0/Release\libusb2Host.a(Usb.o)
 .text._ZN8MAX3421eI4TPinI5PortbLh2EES0_IS1_Lh1EEE5regWrEhh.isra.3
                0x00004852       0x32 ../../libs/USB_Host_Shield_2.0/Release\libusb2Host.a(Usb.o)
 .text._ZN3USB10SetAddressEhhPP6EpInfoRj
                0x00004884       0xd2 ../../libs/USB_Host_Shield_2.0/Release\libusb2Host.a(Usb.o)
                0x00004884                _ZN3USB10SetAddressEhhPP6EpInfoRj
 .text._ZN3USB11dispatchPktEhhj
                0x00004956       0xc4 ../../libs/USB_Host_Shield_2.0/Release\libusb2Host.a(Usb.o)
                0x00004956                _ZN3USB11dispatchPktEhhj
 .text._ZN3USB13AttemptConfigEhhhb
                0x00004a1a      0x13a ../../libs/USB_Host_Shield_2.0/Release\libusb2Host.a(Usb.o)
                0x00004a1a                _ZN3USB13AttemptConfigEhhhb
 .text._ZN8MAX3421eI4TPinI5PortbLh2EES0_IS1_Lh1EEE7bytesWrEhhPh.isra.4
                0x00004b54       0x52 ../../libs/USB_Host_Shield_2.0/Release\libusb2Host.a(Usb.o)
 .text._ZN3USB11OutTransferEP6EpInfojjPh
                0x00004ba6      0x1bc ../../libs/USB_Host_Shield_2.0/Release\libusb2Host.a(Usb.o)
                0x00004ba6                _ZN3USB11OutTransferEP6EpInfojjPh
 .text._ZN3USB11outTransferEhhjPh
                0x00004d62       0x6a ../../libs/USB_Host_Shield_2.0/Release\libusb2Host.a(Usb.o)
                0x00004d62                _ZN3USB11outTransferEhhjPh
 .text._ZN3USB10InTransferEP6EpInfojPjPh
                0x00004dcc      0x178 ../../libs/USB_Host_Shield_2.0/Release\libusb2Host.a(Usb.o)
                0x00004dcc                _ZN3USB10InTransferEP6EpInfojPjPh
 .text._ZN3USB7ctrlReqEhhhhhhjjjPhP13USBReadParser
                0x00004f44      0x1b0 ../../libs/USB_Host_Shield_2.0/Release\libusb2Host.a(Usb.o)
                0x00004f44                _ZN3USB7ctrlReqEhhhhhhjjjPhP13USBReadParser
 .text._ZN3USB11getDevDescrEhhjPh
                0x000050f4       0x4c ../../libs/USB_Host_Shield_2.0/Release\libusb2Host.a(Usb.o)
                0x000050f4                _ZN3USB11getDevDescrEhhjPh
 .text._ZN3USB12getConfDescrEhhjhPh
                0x00005140       0x4c ../../libs/USB_Host_Shield_2.0/Release\libusb2Host.a(Usb.o)
                0x00005140                _ZN3USB12getConfDescrEhhjhPh
 .text._ZN3USB7setAddrEhhh
                0x0000518c       0x5c ../../libs/USB_Host_Shield_2.0/Release\libusb2Host.a(Usb.o)
                0x0000518c                _ZN3USB7setAddrEhhh
 .text._ZN3USB7setConfEhhh
                0x000051e8       0x48 ../../libs/USB_Host_Shield_2.0/Release\libusb2Host.a(Usb.o)
                0x000051e8                _ZN3USB7setConfEhhh
 .text._Z8PrintHexIhEvT_i
                0x00005230       0x40 ../../libs/USB_Host_Shield_2.0/Release\libusb2Host.a(Usb.o)
                0x00005230                _Z8PrintHexIhEvT_i
 .text._ZN3USB10inTransferEhhPjPh
                0x00005270       0xd0 ../../libs/USB_Host_Shield_2.0/Release\libusb2Host.a(Usb.o)
                0x00005270                _ZN3USB10inTransferEhhPjPh
 .text._ZN15AddressPoolImplILh16EE18FreeAddressByIndexEh
                0x00005340       0xb2 ../../libs/USB_Host_Shield_2.0/Release\libusb2Host.a(Usb.o)
                0x00005340                _ZN15AddressPoolImplILh16EE18FreeAddressByIndexEh
 .text._ZN15AddressPoolImplILh16EE11FreeAddressEh
                0x000053f2       0x3e ../../libs/USB_Host_Shield_2.0/Release\libusb2Host.a(Usb.o)
                0x000053f2                _ZN15AddressPoolImplILh16EE11FreeAddressEh
 .text._ZN3USB17DefaultAddressingEhhb
                0x00005430       0x6c ../../libs/USB_Host_Shield_2.0/Release\libusb2Host.a(Usb.o)
                0x00005430                _ZN3USB17DefaultAddressingEhhb
 .text._ZN3USB11ConfiguringEhhb
                0x0000549c      0x1d4 ../../libs/USB_Host_Shield_2.0/Release\libusb2Host.a(Usb.o)
                0x0000549c                _ZN3USB11ConfiguringEhhb
 .text._ZN3USB4TaskEv
                0x00005670      0x1ee ../../libs/USB_Host_Shield_2.0/Release\libusb2Host.a(Usb.o)
                0x00005670                _ZN3USB4TaskEv
 .text._Z9E_Notifycci
                0x0000585e       0x1a ../../libs/USB_Host_Shield_2.0/Release\libusb2Host.a(message.o)
                0x0000585e                _Z9E_Notifycci
 .text._Z8E_NotifyPKci
                0x00005878       0x3c ../../libs/USB_Host_Shield_2.0/Release\libusb2Host.a(message.o)
                0x00005878                _Z8E_NotifyPKci
 .text.libgcc.div
                0x000058b4       0x26 c:/program files (x86)/atmel/atmel toolchain/avr8 gcc/native/3.4.1056/avr8-gnu-toolchain/bin/../lib/gcc/avr/4.8.1/avr5\libgcc.a(_divmodhi4.o)
                0x000058b4                _div
                0x000058b4                __divmodhi4
 .text.libgcc.div
                0x000058da       0x44 c:/program files (x86)/atmel/atmel toolchain/avr8 gcc/native/3.4.1056/avr8-gnu-toolchain/bin/../lib/gcc/avr/4.8.1/avr5\libgcc.a(_udivmodsi4.o)
                0x000058da                __udivmodsi4
 .text.libgcc.mul
                0x0000591e       0x14 c:/program files (x86)/atmel/atmel toolchain/avr8 gcc/native/3.4.1056/avr8-gnu-toolchain/bin/../lib/gcc/avr/4.8.1/avr5\libgcc.a(_muluhisi3.o)
                0x0000591e                __muluhisi3
 .text.libgcc.div
                0x00005932       0x28 c:/program files (x86)/atmel/atmel toolchain/avr8 gcc/native/3.4.1056/avr8-gnu-toolchain/bin/../lib/gcc/avr/4.8.1/avr5\libgcc.a(_udivmodhi4.o)
                0x00005932                __udivmodhi4
 .text.libgcc   0x0000595a        0xc c:/program files (x86)/atmel/atmel toolchain/avr8 gcc/native/3.4.1056/avr8-gnu-toolchain/bin/../lib/gcc/avr/4.8.1/avr5\libgcc.a(_tablejump.o)
                0x0000595a                __tablejump2__
                0x0000595e                __tablejump__
 .text.libgcc.mul
                0x00005966       0x1e c:/program files (x86)/atmel/atmel toolchain/avr8 gcc/native/3.4.1056/avr8-gnu-toolchain/bin/../lib/gcc/avr/4.8.1/avr5\libgcc.a(_umulhisi3.o)
                0x00005966                __umulhisi3
 .text.avr-libc
                0x00005984       0x12 c:/program files (x86)/atmel/atmel toolchain/avr8 gcc/native/3.4.1056/avr8-gnu-toolchain/bin/../lib/gcc/avr/4.8.1/../../../../avr/lib/avr5\libc.a(memcpy.o)
                0x00005984                memcpy
 .text.avr-libc
                0x00005996       0x10 c:/program files (x86)/atmel/atmel toolchain/avr8 gcc/native/3.4.1056/avr8-gnu-toolchain/bin/../lib/gcc/avr/4.8.1/../../../../avr/lib/avr5\libc.a(eerd_byte_atmega328p.o)
                0x00005996                __eerd_byte_m328p
 .text.avr-libc
                0x000059a6        0xa c:/program files (x86)/atmel/atmel toolchain/avr8 gcc/native/3.4.1056/avr8-gnu-toolchain/bin/../lib/gcc/avr/4.8.1/../../../../avr/lib/avr5\libc.a(eerd_word_atmega328p.o)
                0x000059a6                __eerd_word_m328p
 .text.avr-libc
                0x000059b0       0x1c c:/program files (x86)/atmel/atmel toolchain/avr8 gcc/native/3.4.1056/avr8-gnu-toolchain/bin/../lib/gcc/avr/4.8.1/../../../../avr/lib/avr5\libc.a(eewr_byte_atmega328p.o)
                0x000059b0                __eewr_byte_m328p
                0x000059b2                __eewr_r18_m328p
 .text.avr-libc
                0x000059cc        0x6 c:/program files (x86)/atmel/atmel toolchain/avr8 gcc/native/3.4.1056/avr8-gnu-toolchain/bin/../lib/gcc/avr/4.8.1/../../../../avr/lib/avr5\libc.a(eewr_word_atmega328p.o)
                0x000059cc                __eewr_word_m328p
 .text.avr-libc
                0x000059d2       0x20 c:/program files (x86)/atmel/atmel toolchain/avr8 gcc/native/3.4.1056/avr8-gnu-toolchain/bin/../lib/gcc/avr/4.8.1/../../../../avr/lib/avr5\libc.a(eerd_block_atmega328p.o)
                0x000059d2                __eerd_block_m328p
                0x000059d6                __eerd_blraw_m328p
                0x000059f2                . = ALIGN (0x2)
 *(.fini9)
 .fini9         0x000059f2        0x0 c:/program files (x86)/atmel/atmel toolchain/avr8 gcc/native/3.4.1056/avr8-gnu-toolchain/bin/../lib/gcc/avr/4.8.1/avr5\libgcc.a(_exit.o)
                0x000059f2                _exit
                0x000059f2                exit
 *(.fini9)
 *(.fini8)
 *(.fini8)
 *(.fini7)
 *(.fini7)
 *(.fini6)
 .fini6         0x000059f2       0x14 c:/program files (x86)/atmel/atmel toolchain/avr8 gcc/native/3.4.1056/avr8-gnu-toolchain/bin/../lib/gcc/avr/4.8.1/avr5\libgcc.a(_dtors.o)
                0x000059f2                __do_global_dtors
 *(.fini6)
 *(.fini5)
 *(.fini5)
 *(.fini4)
 *(.fini4)
 *(.fini3)
 *(.fini3)
 *(.fini2)
 *(.fini2)
 *(.fini1)
 *(.fini1)
 *(.fini0)
 .fini0         0x00005a06        0x4 c:/program files (x86)/atmel/atmel toolchain/avr8 gcc/native/3.4.1056/avr8-gnu-toolchain/bin/../lib/gcc/avr/4.8.1/avr5\libgcc.a(_exit.o)
 *(.fini0)
                0x00005a0a                _etext = .

.data           0x00800100      0x104 load address 0x00005a0a
                0x00800100                PROVIDE (__data_start, .)
 *(.data)
 .data          0x00800100        0x0 c:/program files (x86)/atmel/atmel toolchain/avr8 gcc/native/3.4.1056/avr8-gnu-toolchain/bin/../lib/gcc/avr/4.8.1/../../../../avr/lib/avr5/crtm328p.o
 .data          0x00800100        0x0 Adafruit_MCP23017.o
 .data          0x00800100        0x0 Adafruit_RGBLCDShield.o
 .data          0x00800100        0x0 Button.o
 .data          0x00800100        0x0 Main.o
 .data          0x00800100        0x0 MainMenu.o
 .data          0x00800100        0x0 MessageHandler.o
 .data          0x00800100        0x0 MessagePump.o
 .data          0x00800100        0x0 NikType003.o
 .data          0x00800100        0x0 NikType003State.o
 .data          0x00800100        0x0 ReadAdaFruitLcdButtonState.o
 .data          0x00800100        0x0 RunFocusStackHandler.o
 .data          0x00800100        0x0 SetupHandler.o
 .data          0x00800100        0x0 twi.o
 .data          0x00800100        0x0 Wire.o
 .data          0x00800100        0x0 c:/program files (x86)/atmel/atmel toolchain/avr8 gcc/native/3.4.1056/avr8-gnu-toolchain/bin/../lib/gcc/avr/4.8.1/../../../../avr/lib/avr5\libm.a(addsf3.o)
 .data          0x00800100        0x0 c:/program files (x86)/atmel/atmel toolchain/avr8 gcc/native/3.4.1056/avr8-gnu-toolchain/bin/../lib/gcc/avr/4.8.1/../../../../avr/lib/avr5\libm.a(addsf3x.o)
 .data          0x00800100        0x0 c:/program files (x86)/atmel/atmel toolchain/avr8 gcc/native/3.4.1056/avr8-gnu-toolchain/bin/../lib/gcc/avr/4.8.1/../../../../avr/lib/avr5\libm.a(divsf3.o)
 .data          0x00800100        0x0 c:/program files (x86)/atmel/atmel toolchain/avr8 gcc/native/3.4.1056/avr8-gnu-toolchain/bin/../lib/gcc/avr/4.8.1/../../../../avr/lib/avr5\libm.a(divsf3x.o)
 .data          0x00800100        0x0 c:/program files (x86)/atmel/atmel toolchain/avr8 gcc/native/3.4.1056/avr8-gnu-toolchain/bin/../lib/gcc/avr/4.8.1/../../../../avr/lib/avr5\libm.a(fixunssfsi.o)
 .data          0x00800100        0x0 c:/program files (x86)/atmel/atmel toolchain/avr8 gcc/native/3.4.1056/avr8-gnu-toolchain/bin/../lib/gcc/avr/4.8.1/../../../../avr/lib/avr5\libm.a(floatsisf.o)
 .data          0x00800100        0x0 c:/program files (x86)/atmel/atmel toolchain/avr8 gcc/native/3.4.1056/avr8-gnu-toolchain/bin/../lib/gcc/avr/4.8.1/../../../../avr/lib/avr5\libm.a(fp_inf.o)
 .data          0x00800100        0x0 c:/program files (x86)/atmel/atmel toolchain/avr8 gcc/native/3.4.1056/avr8-gnu-toolchain/bin/../lib/gcc/avr/4.8.1/../../../../avr/lib/avr5\libm.a(fp_nan.o)
 .data          0x00800100        0x0 c:/program files (x86)/atmel/atmel toolchain/avr8 gcc/native/3.4.1056/avr8-gnu-toolchain/bin/../lib/gcc/avr/4.8.1/../../../../avr/lib/avr5\libm.a(fp_pscA.o)
 .data          0x00800100        0x0 c:/program files (x86)/atmel/atmel toolchain/avr8 gcc/native/3.4.1056/avr8-gnu-toolchain/bin/../lib/gcc/avr/4.8.1/../../../../avr/lib/avr5\libm.a(fp_pscB.o)
 .data          0x00800100        0x0 c:/program files (x86)/atmel/atmel toolchain/avr8 gcc/native/3.4.1056/avr8-gnu-toolchain/bin/../lib/gcc/avr/4.8.1/../../../../avr/lib/avr5\libm.a(fp_round.o)
 .data          0x00800100        0x0 c:/program files (x86)/atmel/atmel toolchain/avr8 gcc/native/3.4.1056/avr8-gnu-toolchain/bin/../lib/gcc/avr/4.8.1/../../../../avr/lib/avr5\libm.a(fp_split3.o)
 .data          0x00800100        0x0 c:/program files (x86)/atmel/atmel toolchain/avr8 gcc/native/3.4.1056/avr8-gnu-toolchain/bin/../lib/gcc/avr/4.8.1/../../../../avr/lib/avr5\libm.a(fp_zero.o)
 .data          0x00800100        0x0 C:\Users\Ketil\Documents\Arduino Template Express\Boards\Uno\Libs\16\libArduinoCore.a(HardwareSerial.o)
 .data          0x00800100        0x0 C:\Users\Ketil\Documents\Arduino Template Express\Boards\Uno\Libs\16\libArduinoCore.a(main.o)
 .data          0x00800100        0x0 C:\Users\Ketil\Documents\Arduino Template Express\Boards\Uno\Libs\16\libArduinoCore.a(new.o)
 .data          0x00800100        0x0 C:\Users\Ketil\Documents\Arduino Template Express\Boards\Uno\Libs\16\libArduinoCore.a(Print.o)
 .data          0x00800100        0x0 C:\Users\Ketil\Documents\Arduino Template Express\Boards\Uno\Libs\16\libArduinoCore.a(wiring.o)
 .data          0x00800100        0x0 C:\Users\Ketil\Documents\Arduino Template Express\Boards\Uno\Libs\16\libArduinoCore.a(wiring_digital.o)
 .data          0x00800100        0x0 C:\Users\Ketil\Documents\Arduino Template Express\Boards\Uno\Libs\16\libArduinoCore.a(WString.o)
 .data          0x00800100        0x0 C:\Users\Ketil\Documents\Arduino Template Express\Boards\Uno\Libs\16\libArduinoCore.a(malloc.o)
 .data          0x00800100        0x0 ../../libs/PTP_2.0/Release\libptp2.a(nkeventparser.o)
 .data          0x00800100        0x0 ../../libs/PTP_2.0/Release\libptp2.a(ptp.o)
 .data          0x00800100        0x0 ../../libs/USB_Host_Shield_2.0/Release\libusb2Host.a(parsetools.o)
 .data          0x00800100        0x0 ../../libs/USB_Host_Shield_2.0/Release\libusb2Host.a(Usb.o)
 .data          0x00800100        0x0 ../../libs/USB_Host_Shield_2.0/Release\libusb2Host.a(message.o)
 .data          0x00800100        0x0 c:/program files (x86)/atmel/atmel toolchain/avr8 gcc/native/3.4.1056/avr8-gnu-toolchain/bin/../lib/gcc/avr/4.8.1/../../../../avr/lib/avr5\libm.a(cmpsf2.o)
 .data          0x00800100        0x0 c:/program files (x86)/atmel/atmel toolchain/avr8 gcc/native/3.4.1056/avr8-gnu-toolchain/bin/../lib/gcc/avr/4.8.1/../../../../avr/lib/avr5\libm.a(fixsfsi.o)
 .data          0x00800100        0x0 c:/program files (x86)/atmel/atmel toolchain/avr8 gcc/native/3.4.1056/avr8-gnu-toolchain/bin/../lib/gcc/avr/4.8.1/../../../../avr/lib/avr5\libm.a(fp_cmp.o)
 .data          0x00800100        0x0 c:/program files (x86)/atmel/atmel toolchain/avr8 gcc/native/3.4.1056/avr8-gnu-toolchain/bin/../lib/gcc/avr/4.8.1/../../../../avr/lib/avr5\libm.a(gesf2.o)
 .data          0x00800100        0x0 c:/program files (x86)/atmel/atmel toolchain/avr8 gcc/native/3.4.1056/avr8-gnu-toolchain/bin/../lib/gcc/avr/4.8.1/../../../../avr/lib/avr5\libm.a(mulsf3.o)
 .data          0x00800100        0x0 c:/program files (x86)/atmel/atmel toolchain/avr8 gcc/native/3.4.1056/avr8-gnu-toolchain/bin/../lib/gcc/avr/4.8.1/../../../../avr/lib/avr5\libm.a(mulsf3x.o)
 .data          0x00800100        0x0 c:/program files (x86)/atmel/atmel toolchain/avr8 gcc/native/3.4.1056/avr8-gnu-toolchain/bin/../lib/gcc/avr/4.8.1/../../../../avr/lib/avr5\libm.a(unordsf2.o)
 .data          0x00800100        0x0 c:/program files (x86)/atmel/atmel toolchain/avr8 gcc/native/3.4.1056/avr8-gnu-toolchain/bin/../lib/gcc/avr/4.8.1/avr5\libgcc.a(_divmodhi4.o)
 .data          0x00800100        0x0 c:/program files (x86)/atmel/atmel toolchain/avr8 gcc/native/3.4.1056/avr8-gnu-toolchain/bin/../lib/gcc/avr/4.8.1/avr5\libgcc.a(_udivmodsi4.o)
 .data          0x00800100        0x0 c:/program files (x86)/atmel/atmel toolchain/avr8 gcc/native/3.4.1056/avr8-gnu-toolchain/bin/../lib/gcc/avr/4.8.1/avr5\libgcc.a(_exit.o)
 .data          0x00800100        0x0 c:/program files (x86)/atmel/atmel toolchain/avr8 gcc/native/3.4.1056/avr8-gnu-toolchain/bin/../lib/gcc/avr/4.8.1/avr5\libgcc.a(_copy_data.o)
 .data          0x00800100        0x0 c:/program files (x86)/atmel/atmel toolchain/avr8 gcc/native/3.4.1056/avr8-gnu-toolchain/bin/../lib/gcc/avr/4.8.1/avr5\libgcc.a(_clear_bss.o)
 .data          0x00800100        0x0 c:/program files (x86)/atmel/atmel toolchain/avr8 gcc/native/3.4.1056/avr8-gnu-toolchain/bin/../lib/gcc/avr/4.8.1/avr5\libgcc.a(_ctors.o)
 .data          0x00800100        0x0 c:/program files (x86)/atmel/atmel toolchain/avr8 gcc/native/3.4.1056/avr8-gnu-toolchain/bin/../lib/gcc/avr/4.8.1/avr5\libgcc.a(_dtors.o)
 .data          0x00800100        0x0 c:/program files (x86)/atmel/atmel toolchain/avr8 gcc/native/3.4.1056/avr8-gnu-toolchain/bin/../lib/gcc/avr/4.8.1/avr5\libgcc.a(_muluhisi3.o)
 .data          0x00800100        0x0 c:/program files (x86)/atmel/atmel toolchain/avr8 gcc/native/3.4.1056/avr8-gnu-toolchain/bin/../lib/gcc/avr/4.8.1/avr5\libgcc.a(_udivmodhi4.o)
 .data          0x00800100        0x0 c:/program files (x86)/atmel/atmel toolchain/avr8 gcc/native/3.4.1056/avr8-gnu-toolchain/bin/../lib/gcc/avr/4.8.1/avr5\libgcc.a(_tablejump.o)
 .data          0x00800100        0x0 c:/program files (x86)/atmel/atmel toolchain/avr8 gcc/native/3.4.1056/avr8-gnu-toolchain/bin/../lib/gcc/avr/4.8.1/avr5\libgcc.a(_umulhisi3.o)
 .data          0x00800100        0x0 c:/program files (x86)/atmel/atmel toolchain/avr8 gcc/native/3.4.1056/avr8-gnu-toolchain/bin/../lib/gcc/avr/4.8.1/../../../../avr/lib/avr5\libc.a(atol.o)
 .data          0x00800100        0x0 c:/program files (x86)/atmel/atmel toolchain/avr8 gcc/native/3.4.1056/avr8-gnu-toolchain/bin/../lib/gcc/avr/4.8.1/../../../../avr/lib/avr5\libc.a(isspace.o)
 .data          0x00800100        0x0 c:/program files (x86)/atmel/atmel toolchain/avr8 gcc/native/3.4.1056/avr8-gnu-toolchain/bin/../lib/gcc/avr/4.8.1/../../../../avr/lib/avr5\libc.a(tolower.o)
 .data          0x00800100        0x0 c:/program files (x86)/atmel/atmel toolchain/avr8 gcc/native/3.4.1056/avr8-gnu-toolchain/bin/../lib/gcc/avr/4.8.1/../../../../avr/lib/avr5\libc.a(toupper.o)
 .data          0x00800100        0x0 c:/program files (x86)/atmel/atmel toolchain/avr8 gcc/native/3.4.1056/avr8-gnu-toolchain/bin/../lib/gcc/avr/4.8.1/../../../../avr/lib/avr5\libc.a(memcpy.o)
 .data          0x00800100        0x0 c:/program files (x86)/atmel/atmel toolchain/avr8 gcc/native/3.4.1056/avr8-gnu-toolchain/bin/../lib/gcc/avr/4.8.1/../../../../avr/lib/avr5\libc.a(memmove.o)
 .data          0x00800100        0x0 c:/program files (x86)/atmel/atmel toolchain/avr8 gcc/native/3.4.1056/avr8-gnu-toolchain/bin/../lib/gcc/avr/4.8.1/../../../../avr/lib/avr5\libc.a(strchr.o)
 .data          0x00800100        0x0 c:/program files (x86)/atmel/atmel toolchain/avr8 gcc/native/3.4.1056/avr8-gnu-toolchain/bin/../lib/gcc/avr/4.8.1/../../../../avr/lib/avr5\libc.a(strcmp.o)
 .data          0x00800100        0x0 c:/program files (x86)/atmel/atmel toolchain/avr8 gcc/native/3.4.1056/avr8-gnu-toolchain/bin/../lib/gcc/avr/4.8.1/../../../../avr/lib/avr5\libc.a(strcpy.o)
 .data          0x00800100        0x0 c:/program files (x86)/atmel/atmel toolchain/avr8 gcc/native/3.4.1056/avr8-gnu-toolchain/bin/../lib/gcc/avr/4.8.1/../../../../avr/lib/avr5\libc.a(strncmp.o)
 .data          0x00800100        0x0 c:/program files (x86)/atmel/atmel toolchain/avr8 gcc/native/3.4.1056/avr8-gnu-toolchain/bin/../lib/gcc/avr/4.8.1/../../../../avr/lib/avr5\libc.a(strncpy.o)
 .data          0x00800100        0x0 c:/program files (x86)/atmel/atmel toolchain/avr8 gcc/native/3.4.1056/avr8-gnu-toolchain/bin/../lib/gcc/avr/4.8.1/../../../../avr/lib/avr5\libc.a(strrchr.o)
 .data          0x00800100        0x0 c:/program files (x86)/atmel/atmel toolchain/avr8 gcc/native/3.4.1056/avr8-gnu-toolchain/bin/../lib/gcc/avr/4.8.1/../../../../avr/lib/avr5\libc.a(strstr.o)
 .data          0x00800100        0x0 c:/program files (x86)/atmel/atmel toolchain/avr8 gcc/native/3.4.1056/avr8-gnu-toolchain/bin/../lib/gcc/avr/4.8.1/../../../../avr/lib/avr5\libc.a(itoa.o)
 .data          0x00800100        0x0 c:/program files (x86)/atmel/atmel toolchain/avr8 gcc/native/3.4.1056/avr8-gnu-toolchain/bin/../lib/gcc/avr/4.8.1/../../../../avr/lib/avr5\libc.a(itoa_ncheck.o)
 .data          0x00800100        0x0 c:/program files (x86)/atmel/atmel toolchain/avr8 gcc/native/3.4.1056/avr8-gnu-toolchain/bin/../lib/gcc/avr/4.8.1/../../../../avr/lib/avr5\libc.a(ltoa.o)
 .data          0x00800100        0x0 c:/program files (x86)/atmel/atmel toolchain/avr8 gcc/native/3.4.1056/avr8-gnu-toolchain/bin/../lib/gcc/avr/4.8.1/../../../../avr/lib/avr5\libc.a(ltoa_ncheck.o)
 .data          0x00800100        0x0 c:/program files (x86)/atmel/atmel toolchain/avr8 gcc/native/3.4.1056/avr8-gnu-toolchain/bin/../lib/gcc/avr/4.8.1/../../../../avr/lib/avr5\libc.a(mulsi10.o)
 .data          0x00800100        0x0 c:/program files (x86)/atmel/atmel toolchain/avr8 gcc/native/3.4.1056/avr8-gnu-toolchain/bin/../lib/gcc/avr/4.8.1/../../../../avr/lib/avr5\libc.a(ultoa.o)
 .data          0x00800100        0x0 c:/program files (x86)/atmel/atmel toolchain/avr8 gcc/native/3.4.1056/avr8-gnu-toolchain/bin/../lib/gcc/avr/4.8.1/../../../../avr/lib/avr5\libc.a(ultoa_ncheck.o)
 .data          0x00800100        0x0 c:/program files (x86)/atmel/atmel toolchain/avr8 gcc/native/3.4.1056/avr8-gnu-toolchain/bin/../lib/gcc/avr/4.8.1/../../../../avr/lib/avr5\libc.a(utoa.o)
 .data          0x00800100        0x0 c:/program files (x86)/atmel/atmel toolchain/avr8 gcc/native/3.4.1056/avr8-gnu-toolchain/bin/../lib/gcc/avr/4.8.1/../../../../avr/lib/avr5\libc.a(utoa_ncheck.o)
 .data          0x00800100        0x0 c:/program files (x86)/atmel/atmel toolchain/avr8 gcc/native/3.4.1056/avr8-gnu-toolchain/bin/../lib/gcc/avr/4.8.1/../../../../avr/lib/avr5\libc.a(eerd_byte_atmega328p.o)
 .data          0x00800100        0x0 c:/program files (x86)/atmel/atmel toolchain/avr8 gcc/native/3.4.1056/avr8-gnu-toolchain/bin/../lib/gcc/avr/4.8.1/../../../../avr/lib/avr5\libc.a(eerd_word_atmega328p.o)
 .data          0x00800100        0x0 c:/program files (x86)/atmel/atmel toolchain/avr8 gcc/native/3.4.1056/avr8-gnu-toolchain/bin/../lib/gcc/avr/4.8.1/../../../../avr/lib/avr5\libc.a(eewr_byte_atmega328p.o)
 .data          0x00800100        0x0 c:/program files (x86)/atmel/atmel toolchain/avr8 gcc/native/3.4.1056/avr8-gnu-toolchain/bin/../lib/gcc/avr/4.8.1/../../../../avr/lib/avr5\libc.a(eewr_word_atmega328p.o)
 .data          0x00800100        0x0 c:/program files (x86)/atmel/atmel toolchain/avr8 gcc/native/3.4.1056/avr8-gnu-toolchain/bin/../lib/gcc/avr/4.8.1/../../../../avr/lib/avr5\libc.a(cty_isfalse.o)
 .data          0x00800100        0x0 c:/program files (x86)/atmel/atmel toolchain/avr8 gcc/native/3.4.1056/avr8-gnu-toolchain/bin/../lib/gcc/avr/4.8.1/../../../../avr/lib/avr5\libc.a(strrev.o)
 .data          0x00800100        0x0 c:/program files (x86)/atmel/atmel toolchain/avr8 gcc/native/3.4.1056/avr8-gnu-toolchain/bin/../lib/gcc/avr/4.8.1/../../../../avr/lib/avr5\libc.a(eerd_block_atmega328p.o)
 *(.data*)
 .data.buttons  0x00800100        0xa Main.o
                0x00800100                buttons
 .data.g_print  0x0080010a        0x2 Main.o
                0x0080010a                g_print
 .data.g_usbOK  0x0080010c        0x1 Main.o
                0x0080010c                g_usbOK
 .data.g_savedNumFrames
                0x0080010d        0x1 Main.o
                0x0080010d                g_savedNumFrames
 .data.g_savedFocusAmount
                0x0080010e        0x2 Main.o
                0x0080010e                g_savedFocusAmount
 .data.g_pRunStack
                0x00800110        0x2 Main.o
                0x00800110                g_pRunStack
 .data.g_pSetup
                0x00800112        0x2 Main.o
                0x00800112                g_pSetup
 .data.g_pMain  0x00800114        0x2 Main.o
                0x00800114                g_pMain
 .data.__brkval
                0x00800116        0x2 C:\Users\Ketil\Documents\Arduino Template Express\Boards\Uno\Libs\16\libArduinoCore.a(malloc.o)
                0x00800116                __brkval
 .data.UsbDEBUGlvl
                0x00800118        0x2 ../../libs/USB_Host_Shield_2.0/Release\libusb2Host.a(message.o)
                0x00800118                UsbDEBUGlvl
 *(.rodata)
 .rodata        0x0080011a        0x8 Adafruit_RGBLCDShield.o
 *(.rodata*)
 .rodata._ZTV21Adafruit_RGBLCDShield
                0x00800122        0x8 Adafruit_RGBLCDShield.o
                0x00800122                _ZTV21Adafruit_RGBLCDShield
 .rodata.str1.1
                0x0080012a       0x13 Main.o
 .rodata.str1.1
                0x0080013d        0xa MainMenu.o
 .rodata._ZTV15MainMenuHandler
                0x00800147        0x8 MainMenu.o
                0x00800147                _ZTV15MainMenuHandler
 .rodata._ZTV15IMessageHandler
                0x0080014f        0x8 MessageHandler.o
                0x0080014f                _ZTV15IMessageHandler
 .rodata._ZTV10NikType003
                0x00800157       0x1e NikType003.o
                0x00800157                _ZTV10NikType003
 .rodata._ZTV22NikType003StateHandler
                0x00800175       0x10 NikType003State.o
                0x00800175                _ZTV22NikType003StateHandler
 .rodata._ZTV15ReadButtonState
                0x00800185        0xc ReadAdaFruitLcdButtonState.o
                0x00800185                _ZTV15ReadButtonState
 .rodata._ZTV26ReadAdaFruitLcdButtonState
                0x00800191        0xc ReadAdaFruitLcdButtonState.o
                0x00800191                _ZTV26ReadAdaFruitLcdButtonState
 .rodata.str1.1
                0x0080019d        0x4 RunFocusStackHandler.o
 .rodata._ZTV20RunFocusStackHandler
                0x008001a1        0x8 RunFocusStackHandler.o
                0x008001a1                _ZTV20RunFocusStackHandler
 .rodata.str1.1
                0x008001a9        0xc SetupHandler.o
                                 0x10 (size before relaxing)
 .rodata._ZTV12SetupHandler
                0x008001b5        0x8 SetupHandler.o
                0x008001b5                _ZTV12SetupHandler
 .rodata._ZTV7TwoWire
                0x008001bd       0x10 Wire.o
                0x008001bd                _ZTV7TwoWire
 .rodata._ZTV14HardwareSerial
                0x008001cd       0x10 C:\Users\Ketil\Documents\Arduino Template Express\Boards\Uno\Libs\16\libArduinoCore.a(HardwareSerial.o)
                0x008001cd                _ZTV14HardwareSerial
 .rodata._ZTV13NKEventParser
                0x008001dd        0x6 ../../libs/PTP_2.0/Release\libptp2.a(nkeventparser.o)
                0x008001dd                _ZTV13NKEventParser
 .rodata._ZTV3PTP
                0x008001e3       0x16 ../../libs/PTP_2.0/Release\libptp2.a(ptp.o)
                0x008001e3                _ZTV3PTP
 .rodata._ZTV15AddressPoolImplILh16EE
                0x008001f9        0xa ../../libs/USB_Host_Shield_2.0/Release\libusb2Host.a(Usb.o)
                0x008001f9                _ZTV15AddressPoolImplILh16EE
 *(.gnu.linkonce.d*)
                0x00800204                . = ALIGN (0x2)
 *fill*         0x00800203        0x1 
                0x00800204                _edata = .
                0x00800204                PROVIDE (__data_end, .)

.bss            0x00800204      0x2c5
                0x00800204                PROVIDE (__bss_start, .)
 *(.bss)
 *(.bss*)
 .bss._ZN8MAX3421eI4TPinI5PortbLh2EES0_IS1_Lh1EEE9vbusStateE
                0x00800204        0x1 Main.o
                0x00800204                _ZN8MAX3421eI4TPinI5PortbLh2EES0_IS1_Lh1EEE9vbusStateE
 .bss.buttonSelect
                0x00800205        0xc Main.o
                0x00800205                buttonSelect
 .bss.buttonDown
                0x00800211        0xc Main.o
                0x00800211                buttonDown
 .bss.buttonUp  0x0080021d        0xc Main.o
                0x0080021d                buttonUp
 .bss.buttonRight
                0x00800229        0xc Main.o
                0x00800229                buttonRight
 .bss.buttonLeft
                0x00800235        0xc Main.o
                0x00800235                buttonLeft
 .bss.buttonStateReader
                0x00800241        0x4 Main.o
                0x00800241                buttonStateReader
 .bss.lcd       0x00800245       0x1c Main.o
                0x00800245                lcd
 .bss.g_savedRestoreFocus
                0x00800261        0x1 Main.o
                0x00800261                g_savedRestoreFocus
 .bss.g_savedFrameDelay
                0x00800262        0x2 Main.o
                0x00800262                g_savedFrameDelay
 .bss.nk3       0x00800264       0x33 Main.o
                0x00800264                nk3
 .bss.nk3State  0x00800297        0x3 Main.o
                0x00800297                nk3State
 .bss.Usb       0x0080029a       0x77 Main.o
                0x0080029a                Usb
 .bss.g_runStack
                0x00800311       0x12 Main.o
                0x00800311                g_runStack
 .bss.g_setup   0x00800323       0x1b Main.o
                0x00800323                g_setup
 .bss.g_main    0x0080033e        0xe Main.o
                0x0080033e                g_main
 .bss.g_pump    0x0080034c        0x2 Main.o
                0x0080034c                g_pump
 .bss.twi_error
                0x0080034e        0x1 twi.o
 .bss.twi_rxBufferIndex
                0x0080034f        0x1 twi.o
 .bss.twi_rxBuffer
                0x00800350       0x20 twi.o
 .bss.twi_txBufferLength
                0x00800370        0x1 twi.o
 .bss.twi_txBufferIndex
                0x00800371        0x1 twi.o
 .bss.twi_txBuffer
                0x00800372       0x20 twi.o
 .bss.twi_masterBufferLength
                0x00800392        0x1 twi.o
 .bss.twi_masterBufferIndex
                0x00800393        0x1 twi.o
 .bss.twi_masterBuffer
                0x00800394       0x20 twi.o
 .bss.twi_onSlaveReceive
                0x008003b4        0x2 twi.o
 .bss.twi_onSlaveTransmit
                0x008003b6        0x2 twi.o
 .bss.twi_inRepStart
                0x008003b8        0x1 twi.o
 .bss.twi_sendStop
                0x008003b9        0x1 twi.o
 .bss.twi_slarw
                0x008003ba        0x1 twi.o
 .bss.twi_state
                0x008003bb        0x1 twi.o
 .bss.Wire      0x008003bc        0xc Wire.o
                0x008003bc                Wire
 .bss._ZN7TwoWire12transmittingE
                0x008003c8        0x1 Wire.o
                0x008003c8                _ZN7TwoWire12transmittingE
 .bss._ZN7TwoWire14txBufferLengthE
                0x008003c9        0x1 Wire.o
                0x008003c9                _ZN7TwoWire14txBufferLengthE
 .bss._ZN7TwoWire13txBufferIndexE
                0x008003ca        0x1 Wire.o
                0x008003ca                _ZN7TwoWire13txBufferIndexE
 .bss._ZN7TwoWire8txBufferE
                0x008003cb       0x20 Wire.o
                0x008003cb                _ZN7TwoWire8txBufferE
 .bss._ZN7TwoWire9txAddressE
                0x008003eb        0x1 Wire.o
                0x008003eb                _ZN7TwoWire9txAddressE
 .bss._ZN7TwoWire14rxBufferLengthE
                0x008003ec        0x1 Wire.o
                0x008003ec                _ZN7TwoWire14rxBufferLengthE
 .bss._ZN7TwoWire13rxBufferIndexE
                0x008003ed        0x1 Wire.o
                0x008003ed                _ZN7TwoWire13rxBufferIndexE
 .bss._ZN7TwoWire8rxBufferE
                0x008003ee       0x20 Wire.o
                0x008003ee                _ZN7TwoWire8rxBufferE
 .bss.Serial    0x0080040e       0x22 C:\Users\Ketil\Documents\Arduino Template Express\Boards\Uno\Libs\16\libArduinoCore.a(HardwareSerial.o)
                0x0080040e                Serial
 .bss.tx_buffer
                0x00800430       0x44 C:\Users\Ketil\Documents\Arduino Template Express\Boards\Uno\Libs\16\libArduinoCore.a(HardwareSerial.o)
                0x00800430                tx_buffer
 .bss.rx_buffer
                0x00800474       0x44 C:\Users\Ketil\Documents\Arduino Template Express\Boards\Uno\Libs\16\libArduinoCore.a(HardwareSerial.o)
                0x00800474                rx_buffer
 .bss.timer0_millis
                0x008004b8        0x4 C:\Users\Ketil\Documents\Arduino Template Express\Boards\Uno\Libs\16\libArduinoCore.a(wiring.o)
                0x008004b8                timer0_millis
 .bss.timer0_overflow_count
                0x008004bc        0x4 C:\Users\Ketil\Documents\Arduino Template Express\Boards\Uno\Libs\16\libArduinoCore.a(wiring.o)
                0x008004bc                timer0_overflow_count
 .bss.timer0_fract
                0x008004c0        0x1 C:\Users\Ketil\Documents\Arduino Template Express\Boards\Uno\Libs\16\libArduinoCore.a(wiring.o)
 .bss._ZZN3USB4TaskEvE5delay
                0x008004c1        0x4 ../../libs/USB_Host_Shield_2.0/Release\libusb2Host.a(Usb.o)
 .bss._ZL14usb_task_state
                0x008004c5        0x1 ../../libs/USB_Host_Shield_2.0/Release\libusb2Host.a(Usb.o)
 .bss._ZL9usb_error
                0x008004c6        0x1 ../../libs/USB_Host_Shield_2.0/Release\libusb2Host.a(Usb.o)
 *(COMMON)
 COMMON         0x008004c7        0x2 C:\Users\Ketil\Documents\Arduino Template Express\Boards\Uno\Libs\16\libArduinoCore.a(malloc.o)
                0x008004c7                __flp
                0x008004c9                PROVIDE (__bss_end, .)
                0x00005a0a                __data_load_start = LOADADDR (.data)
                0x00005b0e                __data_load_end = (__data_load_start + SIZEOF (.data))

.noinit         0x008004c9        0x0
                0x008004c9                PROVIDE (__noinit_start, .)
 *(.noinit*)
                0x008004c9                PROVIDE (__noinit_end, .)
                0x008004c9                _end = .
                0x008004c9                PROVIDE (__heap_start, .)

.eeprom         0x00810000        0x6
 *(.eeprom*)
 .eeprom        0x00810000        0x6 Main.o
                0x00810000                ePromRestoreFocus
                0x00810001                ePromNumFrames
                0x00810002                ePromFrameDelay
                0x00810004                ePromFocusAmount
                0x00810006                __eeprom_end = .

.fuse
 *(.fuse)
 *(.lfuse)
 *(.hfuse)
 *(.efuse)

.lock
 *(.lock*)

.signature
 *(.signature*)

.user_signatures
 *(.user_signatures*)

.stab
 *(.stab)

.stabstr
 *(.stabstr)

.stab.excl
 *(.stab.excl)

.stab.exclstr
 *(.stab.exclstr)

.stab.index
 *(.stab.index)

.stab.indexstr
 *(.stab.indexstr)

.comment        0x00000000       0x5f
 *(.comment)
 .comment       0x00000000       0x30 Adafruit_MCP23017.o
                                 0x31 (size before relaxing)
 .comment       0x00000000       0x31 Adafruit_RGBLCDShield.o
 .comment       0x00000000       0x31 Button.o
 .comment       0x00000000       0x31 Main.o
 .comment       0x00000000       0x31 MainMenu.o
 .comment       0x00000000       0x31 MessageHandler.o
 .comment       0x00000000       0x31 MessagePump.o
 .comment       0x00000000       0x31 NikType003.o
 .comment       0x00000000       0x31 NikType003State.o
 .comment       0x00000000       0x31 ReadAdaFruitLcdButtonState.o
 .comment       0x00000000       0x31 RunFocusStackHandler.o
 .comment       0x00000000       0x31 SetupHandler.o
 .comment       0x00000000       0x31 twi.o
 .comment       0x00000000       0x31 Wire.o
 .comment       0x00000030       0x2f C:\Users\Ketil\Documents\Arduino Template Express\Boards\Uno\Libs\16\libArduinoCore.a(HardwareSerial.o)
                                 0x30 (size before relaxing)
 .comment       0x00000000       0x30 C:\Users\Ketil\Documents\Arduino Template Express\Boards\Uno\Libs\16\libArduinoCore.a(main.o)
 .comment       0x00000000       0x30 C:\Users\Ketil\Documents\Arduino Template Express\Boards\Uno\Libs\16\libArduinoCore.a(new.o)
 .comment       0x00000000       0x30 C:\Users\Ketil\Documents\Arduino Template Express\Boards\Uno\Libs\16\libArduinoCore.a(Print.o)
 .comment       0x00000000       0x30 C:\Users\Ketil\Documents\Arduino Template Express\Boards\Uno\Libs\16\libArduinoCore.a(wiring.o)
 .comment       0x00000000       0x30 C:\Users\Ketil\Documents\Arduino Template Express\Boards\Uno\Libs\16\libArduinoCore.a(wiring_digital.o)
 .comment       0x00000000       0x30 C:\Users\Ketil\Documents\Arduino Template Express\Boards\Uno\Libs\16\libArduinoCore.a(WString.o)
 .comment       0x00000000       0x30 C:\Users\Ketil\Documents\Arduino Template Express\Boards\Uno\Libs\16\libArduinoCore.a(malloc.o)
 .comment       0x00000000       0x31 ../../libs/PTP_2.0/Release\libptp2.a(nkeventparser.o)
 .comment       0x00000000       0x31 ../../libs/PTP_2.0/Release\libptp2.a(ptp.o)
 .comment       0x00000000       0x31 ../../libs/USB_Host_Shield_2.0/Release\libusb2Host.a(parsetools.o)
 .comment       0x00000000       0x31 ../../libs/USB_Host_Shield_2.0/Release\libusb2Host.a(Usb.o)
 .comment       0x00000000       0x31 ../../libs/USB_Host_Shield_2.0/Release\libusb2Host.a(message.o)

.note.gnu.build-id
 *(.note.gnu.build-id)

.debug
 *(.debug)

.line
 *(.line)

.debug_srcinfo
 *(.debug_srcinfo)

.debug_sfnames
 *(.debug_sfnames)

.debug_aranges
 *(.debug_aranges)

.debug_pubnames
 *(.debug_pubnames)

.debug_info
 *(.debug_info .gnu.linkonce.wi.*)

.debug_abbrev
 *(.debug_abbrev)

.debug_line
 *(.debug_line .debug_line.* .debug_line_end)

.debug_frame
 *(.debug_frame)

.debug_str
 *(.debug_str)

.debug_loc
 *(.debug_loc)

.debug_macinfo
 *(.debug_macinfo)

.debug_weaknames
 *(.debug_weaknames)

.debug_funcnames
 *(.debug_funcnames)

.debug_typenames
 *(.debug_typenames)

.debug_varnames
 *(.debug_varnames)

.debug_pubtypes
 *(.debug_pubtypes)

.debug_ranges
 *(.debug_ranges)

.debug_macro
 *(.debug_macro)
OUTPUT(NikFocusStackAdaFruitLcdShield.elf elf32-avr)
LOAD linker stubs
